­ƒöì TESTANDO API DO N8N...

­ƒôí Configura├º├úo:
   API URL: https://n8n.ouvir.online
   API Key: [CONFIGURADA]

­ƒöì Teste 1: Verificando conectividade...
Ô£à Status: 200
­ƒôè Resposta: {
  "data": [
    {
      "createdAt": "2025-10-03T06:44:34.928Z",
      "updatedAt": "2025-10-04T06:09:55.141Z",
      "id": "nf5KfzBfEJRQ819J",
      "name": "Teste MCP Webhook Simples",
      "active": false,
      "isArchived": true,
      "nodes": [
        {
          "name": "Webhook",
          "typeVersion": 2.1,
          "id": "webhook-1",
          "position": [
            100,
            200
          ],
          "type": "n8n-nodes-base.webhook",
          "parameters": {
            "httpMethod": "POST",
            "path": "teste-mcp",
            "responseMode": "onReceived"
          }
        },
        {
          "name": "Set Response",
          "typeVersion": 3.4,
          "id": "set-1",
          "position": [
            300,
            200
          ],
          "type": "n8n-nodes-base.set",
          "parameters": {
            "assignments": {
              "assignments": [
                {
                  "name": "message",
                  "id": "1",
                  "type": "string",
                  "value": "Webhook recebido com sucesso via MCP!"
                },
                {
                  "name": "timestamp",
                  "id": "2",
                  "type": "string",
                  "value": "={{ new Date().toISOString() }}"
                }
              ]
            }
          }
        }
      ],
      "connections": {
        "Webhook": {
          "main": [
            [
              {
                "type": "main",
                "index": 0,
                "node": "Set Response"
              }
            ]
          ]
        }
      },
      "settings": {
        "executionOrder": "v1",
        "saveDataErrorExecution": "all",
        "saveDataSuccessExecution": "all",
        "saveManualExecutions": true,
        "saveExecutionProgress": true
      },
      "staticData": null,
      "meta": null,
      "pinData": null,
      "versionId": "ef0e5cda-bcd0-4be2-8176-fcca88b48013",
      "triggerCount": 1,
      "shared": [
        {
          "createdAt": "2025-10-03T06:44:34.928Z",
          "updatedAt": "2025-10-03T06:44:34.928Z",
          "role": "workflow:owner",
          "workflowId": "nf5KfzBfEJRQ819J",
          "projectId": "TFVloDjzB4mlltZr"
        }
      ],
      "tags": []
    },
    {
      "createdAt": "2025-10-04T06:15:27.280Z",
      "updatedAt": "2025-10-07T16:38:27.995Z",
      "id": "QIgRTSpF9rFS4V3f",
      "name": "_1____AGENTE_QUEREN___04_04_2025 (1)",
      "active": false,
      "isArchived": false,
      "nodes": [
        {
          "parameters": {
            "resource": "audio",
            "operation": "transcribe",
            "options": {}
          },
          "type": "@n8n/n8n-nodes-langchain.openAi",
          "typeVersion": 1.8,
          "position": [
            1088,
            208
          ],
          "id": "0fbde173-a6b2-4ed8-99ee-6a4fe7da570a",
          "name": "OpenAI"
        },
        {
          "parameters": {
            "rules": {
              "values": [
                {
                  "conditions": {
                    "options": {
                      "caseSensitive": true,
                      "leftValue": "",
                      "typeValidation": "strict",
                      "version": 2
                    },
                    "conditions": [
                      {
                        "id": "9b5204cb-6d68-4d7f-b08d-f79b70d97eba",
                        "leftValue": "={{ $json.body.data.messageType }}",
                        "rightValue": "conversation",
                        "operator": {
                          "type": "string",
                          "operation": "equals",
                          "name": "filter.operator.equals"
                        }
                      }
                    ],
                    "combinator": "and"
                  },
                  "renameOutput": true,
                  "outputKey": "Texto"
                },
                {
                  "conditions": {
                    "options": {
                      "caseSensitive": true,
                      "leftValue": "",
                      "typeValidation": "strict",
                      "version": 2
                    },
                    "conditions": [
                      {
                        "leftValue": "={{ $json.body.data.messageType }}",
                        "rightValue": "audioMessage",
                        "operator": {
                          "type": "string",
                          "operation": "equals"
                        },
                        "id": "5fac622a-b9df-46c3-9227-f370fe6b585b"
                      }
                    ],
                    "combinator": "and"
                  },
                  "renameOutput": true,
                  "outputKey": "audio"
                }
              ]
            },
            "options": {}
          },
          "type": "n8n-nodes-base.switch",
          "typeVersion": 3.2,
          "position": [
            496,
            112
          ],
          "id": "524e563c-2b2c-406e-99d7-f0ae4bb8a0c1",
          "name": "Divisor Texto | Audio"
        },
        {
          "parameters": {
            "assignments": {
              "assignments": [
                {
                  "id": "b0b82512-97f4-4a03-9446-bf33d6e69147",
                  "name": "base64",
                  "value": "={{ $json.body.data.message.base64 }}",
                  "type": "string"
                },
                {
                  "id": "e174517c-d589-4180-8dfc-430d034b466d",
                  "name": "tipo_msg",
                  "value": "={{ $json.body.data.message.audioMessage.mimetype }}",
                  "type": "string"
                }
              ]
            },
            "options": {}
          },
          "type": "n8n-nodes-base.set",
          "typeVersion": 3.4,
          "position": [
            768,
            208
          ],
          "id": "bafc1cdb-1635-48d4-bbb2-93c01e2b2663",
          "name": "Campos Audio"
        },
        {
          "parameters": {
            "assignments": {
              "assignments": [
                {
                  "id": "122876a1-65f6-41fc-ad43-30d3a5f3ad5c",
                  "name": "telefone",
                  "value": "={{ $json.telefone.split('@')[0]}}",
                  "type": "string"
                },
                {
                  "id": "8831e6d7-47ce-4b9a-8093-149a213e1157",
                  "name": "output",
                  "value": "={{ $json.output }}",
                  "type": "string"
                },
                {
                  "id": "15988bb9-a6cc-45a8-82a4-9e3c2f8103a8",
                  "name": "id",
                  "value": "={{ $json.id }}",
                  "type": "string"
                }
              ]
            },
            "options": {}
          },
          "type": "n8n-nodes-base.set",
          "typeVersion": 3.4,
          "position": [
            1696,
            32
          ],
          "id": "d81c609c-9380-43f4-beea-c8d75856263b",
          "name": "envio_audio"
        },
        {
          "parameters": {
            "assignments": {
              "assignments": [
                {
                  "id": "122876a1-65f6-41fc-ad43-30d3a5f3ad5c",
                  "name": "telefone",
                  "value": "={{ $json.body.data.key.remoteJid.split('@')[0] }}",
                  "type": "string"
                },
                {
                  "id": "8831e6d7-47ce-4b9a-8093-149a213e1157",
                  "name": "output",
                  "value": "={{ $json.body.data.message.conversation }}",
                  "type": "string"
                },
                {
                  "id": "15988bb9-a6cc-45a8-82a4-9e3c2f8103a8",
                  "name": "id",
                  "value": "={{ $json.body.data.key.id }}",
                  "type": "string"
                }
              ]
            },
            "options": {}
          },
          "type": "n8n-nodes-base.set",
          "typeVersion": 3.4,
          "position": [
            784,
            16
          ],
          "id": "b517a760-301b-40b4-b5bc-def6a3f1ba8d",
          "name": "campos_texto"
        },
        {
          "parameters": {},
          "type": "n8n-nodes-base.merge",
          "typeVersion": 3,
          "position": [
            1376,
            32
          ],
          "id": "43690f29-f9f4-403f-9c18-47baf86cd1f5",
          "name": "Merge",
          "alwaysOutputData": true
        },
        {
          "parameters": {
            "assignments": {
              "assignments": [
                {
                  "id": "122876a1-65f6-41fc-ad43-30d3a5f3ad5c",
                  "name": "telefone",
                  "value": "={{ $('Divisor Texto | Audio').item.json.body.data.key.remoteJid }}",
                  "type": "string"
                },
                {
                  "id": "8831e6d7-47ce-4b9a-8093-149a213e1157",
                  "name": "output",
                  "value": "={{ $json.text }}",
                  "type": "string"
                },
                {
                  "id": "15988bb9-a6cc-45a8-82a4-9e3c2f8103a8",
                  "name": "id",
                  "value": "={{ $('Divisor Texto | Audio').item.json.body.data.key.id }}",
                  "type": "string"
                }
              ]
            },
            "options": {}
          },
          "type": "n8n-nodes-base.set",
          "typeVersion": 3.4,
          "position": [
            1248,
            208
          ],
          "id": "94cfc763-f8f8-437f-9f87-826a74d124ac",
          "name": "campos_texto1"
        },
        {
          "parameters": {
            "mode": "retrieve-as-tool",
            "toolName": "faq",
            "toolDescription": "Receba informa├º├Áes sobre respostas frequentes.\nNUNCA RESPONDA COM \"N├âO SEI\".",
            "tableName": "faq",
            "options": {}
          },
          "type": "@n8n/n8n-nodes-langchain.vectorStorePGVector",
          "typeVersion": 1,
          "position": [
            2160,
            240
          ],
          "id": "87eacd0d-4aff-4488-9b83-b037b8954635",
          "name": "Faq"
        },
        {
          "parameters": {
            "options": {}
          },
          "type": "@n8n/n8n-nodes-langchain.lmChatOpenAi",
          "typeVersion": 1,
          "position": [
            1616,
            256
          ],
          "id": "3781378b-761c-48d5-99d0-756145dc1cd1",
          "name": "OpenAI Chat Model4"
        },
        {
          "parameters": {},
          "type": "@n8n/n8n-nodes-langchain.toolCalculator",
          "typeVersion": 1,
          "position": [
            1856,
            256
          ],
          "id": "985b3da3-15fc-4269-bccd-d643e02f3437",
          "name": "Calculator2"
        },
        {
          "parameters": {
            "promptType": "define",
            "text": "={{ $json.output }}\n\n",
            "options": {
              "systemMessage": "=\n\nHor├írio atual: {{ $now }}\n\n### IDENTIDADE\n\nVoc├¬ ├® Queren, uma especialista em vendas de ingressos para eventos, focada na VX Confer├¬ncia de Mulheres 2025, que ser├í realizada pela Querenhapuque. Sua abordagem ├® entusiasta, informativa e focada em ajudar as pessoas a participarem do evento. Seu objetivo ├® responder perguntas sobre os ingressos, processo de compra e o evento em si.\n\n### COMO DEVE SE APRESENTAR.\nOl├í Sou Querem, sou assistente virtual, estou aqui para te ajudar com suas d├║vidas, a respeito do evento, como posso te ajudar hoje?\n\n### OBJETIVO\n\n1.  Fornecer informa├º├Áes precisas e completas sobre os ingressos para a VX Confer├¬ncia de Mulheres 2025.\n2.  Auxiliar os clientes no processo de compra dos ingressos no site Querenhapuque.\n3.  Responder perguntas sobre o evento, incluindo datas, hor├írios, palestrantes e programa├º├úo.\n\n### REGRAS\n\n1. Seja conciso nas respostas.\n2. Para quebrar linhas, utilize '\\n\\n'.\n3. Sempre responda uma pergunta de cada vez.\n\n### FERRAMENTAS TOLLS\n\n### faq:\n\nUse esta ferramenta para:\n\n- Tirar d├║vidas sobre o evento VX Confer├¬ncia de Mulheres 2025 (datas, hor├írios, palestrantes, programa├º├úo)\n- Responder perguntas frequentes sobre o evento.\n- Se o Usu├írio perguntar por ingressos e pedidos, pe├ºa para ele fornecer o n├║mero do pedido.\n\n### pedido:\nCHAME ESSA TOOL SEMPRE QUE O USU├üRIO PERGUNTAR POR, PEDIDOS, E INGRESSOS.\n\n\n### CRIT├ëRIOS DE CONCLUS├âO\n\nA conversa se encerra quando:\n\n*   O cliente compra um ingresso.\n*   O cliente diz que n├úo tem mais d├║vidas e agradece.\n*   O cliente expressa desinteresse em participar do evento.\n*   O cliente faz perguntas fora do escopo da venda de ingressos ou do evento, e voc├¬ o direciona para o suporte geral da Querenhapuque."
            }
          },
          "type": "@n8n/n8n-nodes-langchain.agent",
          "typeVersion": 1.7,
          "position": [
            1856,
            32
          ],
          "id": "b95f8586-ee80-44a6-95e3-0a1ab78ab0be",
          "name": "AI SDR2"
        },
        {
          "parameters": {
            "sessionIdType": "customKey",
            "sessionKey": "={{ $json.id }}",
            "tableName": "memoriaqueren"
          },
          "type": "@n8n/n8n-nodes-langchain.memoryPostgresChat",
          "typeVersion": 1.3,
          "position": [
            1744,
            240
          ],
          "id": "076a0dd7-c312-478a-bb0a-3477e11e7f1c",
          "name": "Postgres Chat Memory2"
        },
        {
          "parameters": {
            "content": "## AGENTE FAQ",
            "height": 480,
            "width": 960,
            "color": 4
          },
          "type": "n8n-nodes-base.stickyNote",
          "position": [
            1584,
            -32
          ],
          "typeVersion": 1,
          "id": "06419c4a-a24b-46e2-bd1f-697389f68416",
          "name": "Sticky Note4"
        },
        {
          "parameters": {
            "operation": "toBinary",
            "sourceProperty": "base64",
            "options": {
              "fileName": "audio.mp3",
              "mimeType": "audio/mpeg"
            }
          },
          "type": "n8n-nodes-base.convertToFile",
          "typeVersion": 1.1,
          "position": [
            928,
            208
          ],
          "id": "2fc9e624-fdf9-4587-b555-e209c3d9c4fc",
          "name": "Convert to File1"
        },
        {
          "parameters": {
            "content": "## CONVERSOR DE ├üUDIO EM TEXTO",
            "height": 460,
            "width": 1280,
            "color": 4
          },
          "type": "n8n-nodes-base.stickyNote",
          "position": [
            256,
            -32
          ],
          "typeVersion": 1,
          "id": "201cbafb-06b0-4163-aade-614ee58518f3",
          "name": "Sticky Note5"
        },
        {
          "parameters": {
            "method": "POST",
            "url": "=https://evolution-evolution.cmbcrf.easypanel.host/message/sendText/n8n",
            "sendHeaders": true,
            "headerParameters": {
              "parameters": [
                {
                  "name": "apikey",
                  "value": "=249403b2-84b2-4b1d-8078-8e5499a99414"
                }
              ]
            },
            "sendBody": true,
            "bodyParameters": {
              "parameters": [
                {
                  "name": "number",
                  "value": "=\n{{ $('envio_audio').item.json.telefone }}"
                },
                {
                  "name": "text",
                  "value": "={{ $json.output }}"
                },
                {
                  "name": "=id",
                  "value": "={{ $('envio_audio').item.json.id }}"
                }
              ]
            },
            "options": {}
          },
          "type": "n8n-nodes-base.httpRequest",
          "typeVersion": 4.2,
          "position": [
            2240,
            32
          ],
          "id": "dd69ed33-c7fd-45b0-ae59-b3e7202c035c",
          "name": "ENVIA MENSAGEM 1"
        },
        {
          "parameters": {
            "method": "POST",
            "url": "=https://evolution-evolution.cmbcrf.easypanel.host/message/sendText/n8n",
            "sendHeaders": true,
            "headerParameters": {
              "parameters": [
                {
                  "name": "apikey",
                  "value": "=C98F6587D226-44F5-9831-CC445EE89E04"
                }
              ]
            },
            "sendBody": true,
            "bodyParameters": {
              "parameters": [
                {
                  "name": "number",
                  "value": "=\n{{ $json.body.data.key.remoteJid.split('@')[0]  }}"
                },
                {
                  "name": "text",
                  "value": "=Ol├í Sou Querem, sou assistente virtual, da VX Confer├¬ncia de Mulheres 2025, no momento voc├¬ n├úo est├í autorizado(a), usar essa ferramenta, para poder usar, entre em contato com - 5518996697434, e pe├ºa autoriza├º├úo"
                },
                {
                  "name": "=id",
                  "value": "={{ $json.body.data.key.id }}"
                }
              ]
            },
            "options": {}
          },
          "type": "n8n-nodes-base.httpRequest",
          "typeVersion": 4.2,
          "position": [
            656,
            512
          ],
          "id": "43ba1928-6344-4f34-b791-c76cf309391e",
          "name": "ENVIA MENSAGEM 2"
        },
        {
          "parameters": {
            "assignments": {
              "assignments": [
                {
                  "id": "5d39ab5f-26ee-4be8-88ff-a32d7aff2634",
                  "name": "telefone",
                  "value": "={{ $json.key.remoteJid.split('@')[0]}}",
                  "type": "string"
                }
              ]
            },
            "options": {}
          },
          "type": "n8n-nodes-base.set",
          "typeVersion": 3.4,
          "position": [
            848,
            512
          ],
          "id": "68f9b0fd-cf59-418a-96fa-9d376559dc5e",
          "name": "Edit Fields1"
        },
        {
          "parameters": {
            "method": "POST",
            "url": "=https://evolution-evolution.cmbcrf.easypanel.host/message/sendText/n8n",
            "sendHeaders": true,
            "headerParameters": {
              "parameters": [
                {
                  "name": "apikey",
                  "value": "=249403b2-84b2-4b1d-8078-8e5499a99414"
                }
              ]
            },
            "sendBody": true,
            "bodyParameters": {
              "parameters": [
                {
                  "name": "number",
                  "value": "=\n5518996697434"
                },
                {
                  "name": "text",
                  "value": "=Ol├í Sou Querem, sou assistente virtual, da VX Confer├¬ncia de Mulheres 2025, acesso n├úo est├í autorizado(a), tentou usar essa ferramenta, esse foi n├║mero {{ $json.telefone }}"
                }
              ]
            },
            "options": {}
          },
          "type": "n8n-nodes-base.httpRequest",
          "typeVersion": 4.2,
          "position": [
            1024,
            512
          ],
          "id": "a7308369-3b91-4df3-b062-d4b8286dedb9",
          "name": "ENVIA MENSAGEM 3"
        },
        {
          "parameters": {
            "httpMethod": "POST",
            "path": "b55eace1-5e94-4082-9da3-ad68d5ac2015",
            "options": {}
          },
          "type": "n8n-nodes-base.webhook",
          "typeVersion": 2,
          "position": [
            -112,
            128
          ],
          "id": "3885e7c2-3ac3-404d-b277-1d3659cef250",
          "name": "Webhook",
          "webhookId": "b55eace1-5e94-4082-9da3-ad68d5ac2015"
        },
        {
          "parameters": {
            "rules": {
              "values": [
                {
                  "conditions": {
                    "options": {
                      "caseSensitive": true,
                      "leftValue": "",
                      "typeValidation": "strict",
                      "version": 2
                    },
                    "conditions": [
                      {
                        "id": "9b5204cb-6d68-4d7f-b08d-f79b70d97eba",
                        "leftValue": "={{ $json.body.data.key.remoteJid.split('@')[0]}}",
                        "rightValue": "5518996697434",
                        "operator": {
                          "type": "string",
                          "operation": "equals",
                          "name": "filter.operator.equals"
                        }
                      }
                    ],
                    "combinator": "and"
                  },
                  "renameOutput": true,
                  "outputKey": "autorizado"
                },
                {
                  "conditions": {
                    "options": {
                      "caseSensitive": true,
                      "leftValue": "",
                      "typeValidation": "strict",
                      "version": 2
                    },
                    "conditions": [
                      {
                        "leftValue": "={{ $json.body.data.key.remoteJid.split('@')[0]}}",
                        "rightValue": "5518996697434",
                        "operator": {
                          "type": "string",
                          "operation": "notEquals"
                        },
                        "id": "5fac622a-b9df-46c3-9227-f370fe6b585b"
                      }
                    ],
                    "combinator": "and"
                  },
                  "renameOutput": true,
                  "outputKey": "negado"
                }
              ]
            },
            "options": {}
          },
          "type": "n8n-nodes-base.switch",
          "typeVersion": 3.2,
          "position": [
            96,
            128
          ],
          "id": "f16368a2-0afe-48f9-9f97-d1ba4ec76c9a",
          "name": "Seguran├ºa"
        },
        {
          "parameters": {
            "content": "## ENVIO DE MENSAGEM N├âO AUTORIZADO\n",
            "height": 240,
            "width": 720,
            "color": 3
          },
          "type": "n8n-nodes-base.stickyNote",
          "typeVersion": 1,
          "position": [
            560,
            432
          ],
          "id": "6fb12bd7-2e93-4377-b16b-3e1139a1996f",
          "name": "Sticky Note"
        },
        {
          "parameters": {
            "content": "## ENTRADA DE DADOS\n",
            "height": 240,
            "width": 400,
            "color": 3
          },
          "type": "n8n-nodes-base.stickyNote",
          "typeVersion": 1,
          "position": [
            -144,
            48
          ],
          "id": "85d1e40d-04ab-4d2f-9c4c-22e9ed3b9171",
          "name": "Sticky Note1"
        },
        {
          "parameters": {
            "chunkOverlap": 100,
            "options": {}
          },
          "type": "@n8n/n8n-nodes-langchain.textSplitterRecursiveCharacterTextSplitter",
          "typeVersion": 1,
          "position": [
            3184,
            256
          ],
          "id": "fba9261c-6fa0-49ec-ab9d-9cb5cd6aaa58",
          "name": "Recursive Character Text Splitter1"
        },
        {
          "parameters": {
            "dataType": "binary",
            "loader": "csvLoader",
            "options": {
              "metadata": {
                "metadataValues": [
                  {
                    "name": "faq",
                    "value": "faq"
                  }
                ]
              }
            }
          },
          "type": "@n8n/n8n-nodes-langchain.documentDefaultDataLoader",
          "typeVersion": 1,
          "position": [
            3328,
            256
          ],
          "id": "90c19e96-7291-46c8-82b7-dd3ad066db65",
          "name": "Default Data Loader1"
        },
        {
          "parameters": {
            "mode": "insert",
            "tableName": "faq",
            "options": {}
          },
          "type": "@n8n/n8n-nodes-langchain.vectorStorePGVector",
          "typeVersion": 1,
          "position": [
            3184,
            80
          ],
          "id": "72341e2b-a463-40b0-a69b-1bd636511652",
          "name": "Postgres PGVector Store"
        },
        {
          "parameters": {
            "rule": {
              "interval": [
                {
                  "field": "seconds"
                }
              ]
            }
          },
          "type": "n8n-nodes-base.scheduleTrigger",
          "typeVersion": 1.2,
          "position": [
            2640,
            80
          ],
          "id": "318e8dde-0e30-4c61-ab2f-5f23b991c725",
          "name": "Schedule Trigger1",
          "disabled": true
        },
        {
          "parameters": {
            "content": "## FUN├ç├âO\nEsse recurso analisa dados que precisam ser adicionados no suba-base, para que os agentes faq e ingressos, possam verificar",
            "height": 140,
            "width": 380,
            "color": 3
          },
          "type": "n8n-nodes-base.stickyNote",
          "typeVersion": 1,
          "position": [
            2576,
            256
          ],
          "id": "ddaaa329-eb7a-4169-a18d-08845fa9efea",
          "name": "Sticky Note6"
        },
        {
          "parameters": {
            "documentId": {
              "__rl": true,
              "value": "https://docs.google.com/spreadsheets/d/1VNxsR8TFlVG_cur9emPyg_5QEpAVSy5e3VyDZqKfJys/edit?gid=0#gid=0",
              "mode": "url"
            },
            "sheetName": {
              "__rl": true,
              "value": 1882032493,
              "mode": "list",
              "cachedResultName": "faq",
              "cachedResultUrl": "https://docs.google.com/spreadsheets/d/1VNxsR8TFlVG_cur9emPyg_5QEpAVSy5e3VyDZqKfJys/edit#gid=1882032493"
            },
            "options": {}
          },
          "type": "n8n-nodes-base.googleSheets",
          "typeVersion": 4.5,
          "position": [
            2816,
            80
          ],
          "id": "1e1a0eaf-f5f2-41d0-832e-ffe6c19e2e40",
          "name": "Google Sheets1"
        },
        {
          "parameters": {
            "model": "text-embedding-3-large",
            "options": {}
          },
          "type": "@n8n/n8n-nodes-langchain.embeddingsOpenAi",
          "typeVersion": 1.2,
          "position": [
            3024,
            272
          ],
          "id": "95428476-bf2e-48b8-803b-05ce3da2a8b4",
          "name": "Embeddings OpenAI"
        },
        {
          "parameters": {
            "options": {}
          },
          "type": "n8n-nodes-base.convertToFile",
          "typeVersion": 1.1,
          "position": [
            3008,
            80
          ],
          "id": "af534633-75e0-4b27-8d6d-5309248c3d4a",
          "name": "Convert to File"
        },
        {
          "parameters": {
            "content": "## 3-VERIFICADOR DE NOVOS DADOS - FAQ",
            "height": 440,
            "width": 1020,
            "color": 3
          },
          "type": "n8n-nodes-base.stickyNote",
          "position": [
            2576,
            -16
          ],
          "typeVersion": 1,
          "id": "160d88ed-9edd-4de1-8bf8-45b86227e107",
          "name": "Sticky Note3"
        },
        {
          "parameters": {
            "options_Create_instance": {}
          },
          "type": "n8n-nodes-evolution-api.evolutionApi",
          "typeVersion": 1,
          "position": [
            2864,
            976
          ],
          "id": "1f4355af-026b-46a4-8e79-677ef70d885f",
          "name": "Evolution API"
        },
        {
          "parameters": {
            "fieldToSplitOut": "output",
            "options": {}
          },
          "id": "d1b2655a-ae2b-43f1-bde5-322c0cf43573",
          "name": "Split Out1",
          "type": "n8n-nodes-base.splitOut",
          "position": [
            1696,
            832
          ],
          "typeVersion": 1
        },
        {
          "parameters": {
            "model": "gpt-4o",
            "options": {}
          },
          "id": "baf5a1ac-e117-40fc-a14e-bf6e8b285e7e",
          "name": "OpenAI Chat Model2",
          "type": "@n8n/n8n-nodes-langchain.lmChatOpenAi",
          "position": [
            1344,
            992
          ],
          "typeVersion": 1
        },
        {
          "parameters": {
            "text": "={{ $json.data }}",
            "schemaType": "manual",
            "inputSchema": "{\n  \"type\": \"object\",\n  \"properties\": {\n    \"order_number\": {\n      \"type\": \"string\",\n      \"description\": \"N├║mero do pedido.\",\n      \"example\": \"904\"\n    },\n    \"customer_name\": {\n      \"type\": \"string\",\n      \"description\": \"Nome do titular do ingresso.\",\n      \"example\": \"Anderson Araujo da Silva\"\n    },\n    \"customer_whatsapp\": {\n      \"type\": \"string\",\n      \"description\": \"N├║mero de WhatsApp do titular do ingresso. Extrair o n├║mero inteiro completo e format├í-lo para +55 DDD N├ÜMERO. Remover a nota├º├úo cient├¡fica (ex: 5.519E+12 deve ser convertido para 5518991604609 antes da formata├º├úo).\",\n      \"example\": \"5518996697434\"\n    },\n    \"product_name\": {\n      \"type\": \"string\",\n      \"description\": \"Nome do produto (ex: Ingresso).  Se n├úo dispon├¡vel, omitir ou usar null.\",\n      \"example\": null\n    },\n    \"product_quantity\": {\n      \"type\": \"integer\",\n      \"description\": \"Quantidade de produtos. Se n├úo dispon├¡vel, omitir ou usar null.\",\n      \"example\": null\n    },\n    \"total_price\": {\n      \"type\": \"number\",\n      \"description\": \"Pre├ºo total do pedido.  Se n├úo dispon├¡vel, omitir ou usar null.\",\n      \"example\": null\n    },\n    \"payment_method\": {\n      \"type\": \"string\",\n      \"description\": \"M├®todo de pagamento.  Se n├úo dispon├¡vel, omitir ou usar null.\",\n      \"example\": null\n    },\n    \"event_date\": {\n      \"type\": \"string\",\n      \"format\": \"date\",\n      \"description\": \"Data do evento no formato AAAA-MM-DD.  Se n├úo dispon├¡vel, omitir ou usar null.\",\n      \"example\": null\n    },\n    \"event_start_time\": {\n      \"type\": \"string\",\n      \"format\": \"time\",\n      \"description\": \"Hora de in├¡cio do evento no formato HH:MM. Se n├úo dispon├¡vel, omitir ou usar null.\",\n      \"example\": null\n    },\n    \"event_end_time\": {\n      \"type\": \"string\",\n      \"format\": \"time\",\n      \"description\": \"Hora de t├®rmino do evento no formato HH:MM. Se n├úo dispon├¡vel, omitir ou usar null.\",\n      \"example\": null\n    },\n    \"participants\": {\n      \"type\": \"array\",\n      \"items\": {\n        \"type\": \"object\",\n        \"properties\": {\n          \"name\": {\n            \"type\": \"string\",\n            \"description\": \"Nome do participante.\",\n            \"example\": \"Ricardo Almeida Santos\"\n          },\n          \"cpf\": {\n            \"type\": \"number\",\n            \"description\": \"CPF do participante.  Deve ser formatado para XXX.XXX.XXX-XX no relat├│rio final.\",\n            \"example\": \"33880708852\"\n          },\n          \"ticket_number\": {\n            \"type\": \"string\",\n            \"description\": \"N├║mero do ticket (ingresso).\",\n            \"example\": \"1\"\n          },\n          \"t_shirt_size\": {\n            \"type\": \"string\",\n            \"description\": \"Tamanho da camiseta.\",\n            \"example\": \"PP-34\"\n          },\n          \"dress_size\": {\n            \"type\": \"string\",\n            \"description\": \"Tamanho do vestido.\",\n            \"example\": \"M-40\"\n          },\n          \"whatsapp\": {\n            \"type\": \"number\",\n            \"description\": \"N├║mero de WhatsApp do participante.\",\n            \"example\": \"5518991604609\"\n          }\n        },\n        \"required\": [\n          \"name\",\n          \"cpf\",\n          \"ticket_number\",\n          \"t_shirt_size\",\n          \"dress_size\"\n        ]\n      },\n      \"description\": \"Array de objetos representando os participantes.\"\n    }\n  },\n  \"required\": [\n    \"order_number\",\n    \"customer_name\",\n    \"customer_whatsapp\",\n    \"participants\",\n    \"whatsapp_number\"\n  ],\n  \"description\": \"Schema para extra├º├úo de dados de pedidos, incluindo informa├º├Áes do cliente e participantes.\"\n}",
            "options": {
              "systemPromptTemplate": "=Voc├¬ ├® um especialista em algoritmo de extra├º├úo\nExtraia apenas informa├º├Áes do pedido {{ $('AI Agent').item.json.output }}\n\nSe voc├¬ n├úo souber o valor de um atributo solicitado para extra├º├úo, voc├¬ pode omitir o valor do atributo.\n\nSempre envie os dados em uma matriz json chamada ingressos. Cada Ingresso deve ter um t├¡tulo, pedido, titular_ingresso, whatsapp, participante, cpf, camisetas, vestidos, assento, valor 83,00"
            }
          },
          "id": "a3f4ff4c-c59f-4aa0-aea2-2819b0071f92",
          "name": "Information Extractor2",
          "type": "@n8n/n8n-nodes-langchain.informationExtractor",
          "position": [
            1344,
            832
          ],
          "typeVersion": 1
        },
        {
          "parameters": {
            "documentId": {
              "__rl": true,
              "value": "https://docs.google.com/spreadsheets/d/1VNxsR8TFlVG_cur9emPyg_5QEpAVSy5e3VyDZqKfJys",
              "mode": "url"
            },
            "sheetName": {
              "__rl": true,
              "value": "gid=0",
              "mode": "list",
              "cachedResultName": "ticket",
              "cachedResultUrl": "https://docs.google.com/spreadsheets/d/1VNxsR8TFlVG_cur9emPyg_5QEpAVSy5e3VyDZqKfJys/edit#gid=0"
            },
            "options": {}
          },
          "type": "n8n-nodes-base.googleSheets",
          "typeVersion": 4.5,
          "position": [
            768,
            832
          ],
          "id": "5456b709-423f-4dff-be5b-81b54e183b7e",
          "name": "Obtem Dados"
        },
        {
          "parameters": {
            "options": {}
          },
          "type": "n8n-nodes-base.convertToFile",
          "typeVersion": 1.1,
          "position": [
            944,
            832
          ],
          "id": "d61eab3a-fad1-4817-9cd6-bb81e013f65b",
          "name": "convert2"
        },
        {
          "parameters": {
            "operation": "text",
            "binaryPropertyName": "=data",
            "destinationKey": "=data",
            "options": {}
          },
          "type": "n8n-nodes-base.extractFromFile",
          "typeVersion": 1,
          "position": [
            1120,
            832
          ],
          "id": "7b0973f4-93e3-4c54-8ad5-fc8d7d4724aa",
          "name": "Extract from File2",
          "alwaysOutputData": true
        },
        {
          "parameters": {
            "options": {}
          },
          "type": "n8n-nodes-base.splitInBatches",
          "typeVersion": 3,
          "position": [
            2624,
            976
          ],
          "id": "a6ab5dec-cc6b-4a06-adf8-a896f7c08cec",
          "name": "Para cada contato1"
        },
        {
          "parameters": {},
          "type": "n8n-nodes-base.wait",
          "typeVersion": 1.1,
          "position": [
            3056,
            976
          ],
          "id": "6d21be65-3a2a-4d53-92aa-c6d2062f7cbc",
          "name": "Aguarde 5 segundos1",
          "webhookId": "51eac38f-3ab2-422d-a009-924b307d7467"
        },
        {
          "parameters": {
            "binaryPropertyName": "=data",
            "options": {}
          },
          "type": "n8n-nodes-base.convertToFile",
          "typeVersion": 1.1,
          "position": [
            1840,
            832
          ],
          "id": "c1b3b479-b82d-4d08-a713-3a8b5f7f89f0",
          "name": "convert3"
        },
        {
          "parameters": {
            "operation": "text",
            "binaryPropertyName": "=data",
            "destinationKey": "=data",
            "options": {}
          },
          "type": "n8n-nodes-base.extractFromFile",
          "typeVersion": 1,
          "position": [
            2048,
            832
          ],
          "id": "f48de2ad-9ef2-43ec-8999-6b57df68894c",
          "name": "Extract from File3",
          "alwaysOutputData": true
        },
        {
          "parameters": {
            "content": "##EXTRATOR DE ASSUNTOS\n**extrai apenas o n├║mero do pedido solicitado",
            "height": 420,
            "width": 1000
          },
          "type": "n8n-nodes-base.stickyNote",
          "typeVersion": 1,
          "position": [
            256,
            752
          ],
          "id": "2ea1840c-6f3b-4228-9faa-d03c18881141",
          "name": "Sticky Note2"
        },
        {
          "parameters": {
            "model": "gpt-4o",
            "options": {}
          },
          "id": "ac41c807-5c5a-4cc5-81b3-71c4f502edfe",
          "name": "OpenAI Chat Model",
          "type": "@n8n/n8n-nodes-langchain.lmChatOpenAi",
          "position": [
            2336,
            1008
          ],
          "typeVersion": 1
        },
        {
          "parameters": {
            "text": "={{ $json.data }}",
            "schemaType": "manual",
            "inputSchema": "{\n  \"type\": \"object\",\n  \"properties\": {\n    \"order_number\": {\n      \"type\": \"string\",\n      \"description\": \"N├║mero do pedido.\",\n      \"example\": \"904\"\n    },\n    \"customer_name\": {\n      \"type\": \"string\",\n      \"description\": \"Nome do titular do ingresso.\",\n      \"example\": \"Anderson Araujo da Silva\"\n    },\n    \"customer_whatsapp\": {\n      \"type\": \"string\",\n      \"description\": \"N├║mero de WhatsApp do titular do ingresso. Extrair o n├║mero inteiro completo e format├í-lo para +55 DDD N├ÜMERO. Remover a nota├º├úo cient├¡fica (ex: 5.519E+12 deve ser convertido para 5518991604609 antes da formata├º├úo).(considerar o numero do DDD CORRETO)\",\n      \"example\": \"5518996697434\"\n    },\n    \"product_name\": {\n      \"type\": \"string\",\n      \"description\": \"Nome do produto (ex: Ingresso).  Se n├úo dispon├¡vel, omitir ou usar null.\",\n      \"example\": null\n    },\n    \"product_quantity\": {\n      \"type\": \"integer\",\n      \"description\": \"Quantidade de produtos. Se n├úo dispon├¡vel, omitir ou usar null.\",\n      \"example\": null\n    },\n    \"total_price\": {\n      \"type\": \"number\",\n      \"description\": \"Pre├ºo total do pedido.  Se n├úo dispon├¡vel, omitir ou usar null.\",\n      \"example\": null\n    },\n    \"payment_method\": {\n      \"type\": \"string\",\n      \"description\": \"M├®todo de pagamento.  Se n├úo dispon├¡vel, omitir ou usar null.\",\n      \"example\": null\n    },\n    \"event_date\": {\n      \"type\": \"string\",\n      \"format\": \"date\",\n      \"description\": \"Data do evento no formato AAAA-MM-DD.  Se n├úo dispon├¡vel, omitir ou usar null.\",\n      \"example\": null\n    },\n    \"event_start_time\": {\n      \"type\": \"string\",\n      \"format\": \"time\",\n      \"description\": \"Hora de in├¡cio do evento no formato HH:MM. Se n├úo dispon├¡vel, omitir ou usar null.\",\n      \"example\": null\n    },\n    \"event_end_time\": {\n      \"type\": \"string\",\n      \"format\": \"time\",\n      \"description\": \"Hora de t├®rmino do evento no formato HH:MM. Se n├úo dispon├¡vel, omitir ou usar null.\",\n      \"example\": null\n    },\n    \"participants\": {\n      \"type\": \"array\",\n      \"items\": {\n        \"type\": \"object\",\n        \"properties\": {\n          \"name\": {\n            \"type\": \"string\",\n            \"description\": \"Nome do participante.\",\n            \"example\": \"Ricardo Almeida Santos\"\n          },\n          \"cpf\": {\n            \"type\": \"number\",\n            \"description\": \"CPF do participante.  Deve ser formatado para XXX.XXX.XXX-XX no relat├│rio final.\",\n            \"example\": \"33880708852\"\n          },\n          \"ticket_number\": {\n            \"type\": \"string\",\n            \"description\": \"N├║mero do ticket (ingresso).\",\n            \"example\": \"1\"\n          },\n          \"t_shirt_size\": {\n            \"type\": \"string\",\n            \"description\": \"Tamanho da camiseta.\",\n            \"example\": \"PP-34\"\n          },\n          \"dress_size\": {\n            \"type\": \"string\",\n            \"description\": \"Tamanho do vestido.\",\n            \"example\": \"M-40\"\n          },\n          \"whatsapp\": {\n            \"type\": \"number\",\n            \"description\": \"N├║mero de WhatsApp do participante.\",\n            \"example\": \"5518991604609\"\n          }\n        },\n        \"required\": [\n          \"name\",\n          \"cpf\",\n          \"ticket_number\",\n          \"t_shirt_size\",\n          \"dress_size\"\n        ]\n      },\n      \"description\": \"Array de objetos representando os participantes.\"\n    }\n  },\n  \"required\": [\n    \"order_number\",\n    \"customer_name\",\n    \"customer_whatsapp\",\n    \"participants\",\n    \"whatsapp_number\"\n  ],\n  \"description\": \"Schema para extra├º├úo de dados de pedidos, incluindo informa├º├Áes do cliente e participantes.\"\n}",
            "options": {
              "systemPromptTemplate": "=## Instru├º├Áes:\n\nVoc├¬ ├® um agente especializado na cria├º├úo de relat├│rios de pedidos formatados especificamente para o WhatsApp. Sua fun├º├úo ├® receber dados e gerar um relat├│rio de texto conciso e f├ícil de ler, otimizado para visualiza├º├úo em dispositivos m├│veis.\n\n## Entrada:\n\nUm objeto JSON contendo os dados do pedido.\n\n## Restri├º├Áes:\nAgrupamento de Assentos: Se um participante tiver mais de um assento no mesmo pedido, liste todos os assentos separados por v├¡rgula.\n\nConcis├úo: O relat├│rio deve ser o mais conciso poss├¡vel, removendo redund├óncias e otimizado para leitura em dispositivos m├│veis.\n\nTotal do Pedido: Calcule o valor total do pedido multiplicando o valor unit├írio (valor) pelo n├║mero total de participantes.\n\nEstrutura: Siga rigorosamente a estrutura do exemplo de sa├¡da abaixo.\nObserva├º├Áes: Inclua as observa├º├Áes padr├úo no final do relat├│rio.\n\n## Sa├¡da:\n\nRelat├│rio de Pedido #870 - Diully Resplande:\n\nTitular: Diully Resplande\nContato: [Numero do WhatsApp do titular]]\n\n---\n\nParticipantes:\n\n*   Alice Silva:\n    *   CPF: 456.789.123-45\n    *   Camiseta: P-36\n    *   Vestido: PP-36\n    *   Assentos: 11, 12\n\n---\n\nObserva├º├Áes:\n*   Informa├º├Áes sujeitas a confirma├º├úo.\n*   Em caso de d├║vidas, entre em contato\n\n\n\n"
            }
          },
          "id": "3a588fa6-d6e4-4b65-aa3a-ca764ae7ed6d",
          "name": "Information Extractor",
          "type": "@n8n/n8n-nodes-langchain.informationExtractor",
          "position": [
            2320,
            832
          ],
          "typeVersion": 1
        },
        {
          "parameters": {
            "content": "## PREPARA E ENVIO O RELAT├ôRIO\n**Aqui o assunto ├® classificado e enviado para o numero",
            "height": 420,
            "width": 1080,
            "color": 4
          },
          "type": "n8n-nodes-base.stickyNote",
          "typeVersion": 1,
          "position": [
            2176,
            752
          ],
          "id": "fd90bffe-f953-4ef1-bd76-eb1d0751ce5b",
          "name": "Sticky Note7"
        },
        {
          "parameters": {
            "httpMethod": "POST",
            "path": "8d0b3c65-9316-4cc0-bcd8-d66abc7341a9",
            "options": {}
          },
          "type": "n8n-nodes-base.webhook",
          "typeVersion": 2,
          "position": [
            304,
            832
          ],
          "id": "f2b3dadf-fd4f-4b98-9396-236538882a5e",
          "name": "Webhook1",
          "webhookId": "8d0b3c65-9316-4cc0-bcd8-d66abc7341a9"
        },
        {
          "parameters": {
            "toolDescription": "Chame essa toll quando for buscar informa├º├Áes sobre pedido, e consultar vendas de ingressos.",
            "method": "POST",
            "url": "https://dinastia-n8n-webhook.cmbcrf.easypanel.host/webhook/8d0b3c65-9316-4cc0-bcd8-d66abc7341a9",
            "sendBody": true,
            "parametersBody": {
              "values": [
                {
                  "name": "output",
                  "valueProvider": "fieldValue",
                  "value": "{output}"
                },
                {
                  "name": "id",
                  "valueProvider": "fieldValue",
                  "value": "={{ $('envio_audio').item.json.id }}"
                },
                {
                  "name": "telefone",
                  "valueProvider": "fieldValue",
                  "value": "={{ $('envio_audio').item.json.telefone }}"
                }
              ]
            },
            "placeholderDefinitions": {
              "values": [
                {
                  "name": "output",
                  "description": "duvida que o usuario possui",
                  "type": "string"
                }
              ]
            }
          },
          "type": "@n8n/n8n-nodes-langchain.toolHttpRequest",
          "typeVersion": 1.1,
          "position": [
            2048,
            320
          ],
          "id": "33daa7a2-53ed-47d1-885a-7256deaf6ee0",
          "name": "PEDIDO2"
        },
        {
          "parameters": {
            "promptType": "define",
            "text": "={{ $json.body.output }}",
            "options": {
              "systemMessage": "=Instru├º├Áes:\n\nVoc├¬ ├® um agente especializado em extrair n├║meros de pedido de texto. Sua ├║nica fun├º├úo ├® identificar e retornar o n├║mero de pedido presente no texto fornecido.\n\nRestri├º├Áes:\n\nIgnore todo o texto al├®m do n├║mero do pedido.\nRetorne apenas a sequ├¬ncia num├®rica que representa o n├║mero do pedido.\nSe o texto n├úo contiver um n├║mero de pedido identific├ível, retorne \"Nenhum n├║mero de pedido encontrado\".\n\nO n├║mero do pedido pode variar em tamanho (n├║mero de d├¡gitos).\nFormato de Sa├¡da:\n[N├║mero do Pedido]\n\nExemplo:\nEntrada: \"Ol├í, gostaria de verificar o status do meu pedido, n├║mero de pedido 12345, por favor.\"\nSa├¡da: 12345\n\nEntrada: \"Agradecemos sua compra. Confirme seu pedido com o c├│digo X999-2023. Entre em contato conosco se tiver alguma d├║vida.\"\nSa├¡da: Nenhum n├║mero de pedido encontrado\n\nEntrada: \"PEDIDO: 789\"\nSa├¡da: 789"
            }
          },
          "type": "@n8n/n8n-nodes-langchain.agent",
          "typeVersion": 1.7,
          "position": [
            448,
            832
          ],
          "id": "f6ac2fc5-a1a3-4753-9a68-00e63765e1d7",
          "name": "AI Agent"
        },
        {
          "parameters": {
            "sessionIdType": "customKey",
            "sessionKey": "={{ $json.body.output }}",
            "tableName": "memoriaqueren"
          },
          "type": "@n8n/n8n-nodes-langchain.memoryPostgresChat",
          "typeVersion": 1.3,
          "position": [
            528,
            992
          ],
          "id": "7306294e-b44b-485b-a6d7-d22e4df0f6f8",
          "name": "Postgres Chat Memory"
        },
        {
          "parameters": {
            "model": {
              "__rl": true,
              "mode": "list",
              "value": "gpt-4o-mini"
            },
            "options": {}
          },
          "type": "@n8n/n8n-nodes-langchain.lmChatOpenAi",
          "typeVersion": 1.2,
          "position": [
            400,
            992
          ],
          "id": "84e22eca-609c-49d9-9f6d-1c1af623b9ca",
          "name": "OpenAI Chat Model1"
        },
        {
          "parameters": {
            "modelId": {
              "__rl": true,
              "value": "gpt-4o-mini",
              "mode": "list",
              "cachedResultName": "GPT-4O-MINI"
            },
            "messages": {
              "values": [
                {
                  "content": "=Instru├º├Áes:\n\nVoc├¬ ├® um agente especializado na cria├º├úo de relat├│rios de pedidos formatados especificamente para o WhatsApp. Sua fun├º├úo ├® receber dados de um pedido em formato texto e gerar um relat├│rio de texto conciso e f├ícil de ler, otimizado para visualiza├º├úo em dispositivos m├│veis.\n\nEntrada:\n\nUm objeto texto contendo os dados do pedido, conforme o exemplo:\n{{ $json.data }}\n\n\nRestri├º├Áes:\n\nFormato do CPF: Formate o campo cpf para o formato \"XXX.XXX.XXX-XX\".\n\nAgrupamento de Assentos: Se um participante tiver mais de um assento no mesmo pedido, liste todos os assentos separados por v├¡rgula.\n\nConcis├úo: O relat├│rio deve ser o mais conciso poss├¡vel, removendo redund├óncias e otimizado para leitura em dispositivos m├│veis.\n\nTotal do Pedido: Calcule o valor total do pedido multiplicando o valor unit├írio (valor) pelo n├║mero total de participantes.\n\nEstrutura: Siga rigorosamente a estrutura do exemplo de sa├¡da abaixo.\n\nObserva├º├Áes: Inclua as observa├º├Áes padr├úo no final do relat├│rio.\n\nSa├¡da:\n\nUm texto formatado para WhatsApp no seguinte formato:\n\nRelat├│rio de Pedido #870 - Diully Resplande:\n\nTitular: Diully Resplande\nContato: +55 [numero do titular do pedido]\n\n---\n\nParticipantes:\n\n*   Alice Silva:\n    *   CPF: 456.789.123-45\n    *   Camiseta: P-36\n    *   Vestido: PP-36\n    *   Assentos: 11, 12\n\n*   Bruno Oliveira:\n    *   CPF: 987.654.321-09\n    *   Camiseta: M-38\n    *   Vestido: P-38\n    *   Assentos: 13, 14\n\n*   Camila Santos:\n    *   CPF: 112.233.445-56\n    *   Camiseta: G-40\n    *   Vestido: M-40\n    *   Assentos: 15, 16\n\n*   Daniel Costa:\n    *   CPF: 778.899.001-12\n    *   Camiseta: GG-42\n    *   Vestido: G-42\n    *   Assentos: 17, 18\n\n*   Elisa Pereira:\n    *   CPF: 334.455.667-78\n    *   Camiseta: XGG-44\n    *   Vestido: GG-44\n    *   Assentos: 19, 20\n\n*   Fernando Mendes:\n    *   CPF: 667.788.990-01\n    *   Camiseta: PP-34\n    *   Vestido: XGG-46\n    *   Assento: 21\n\n*   Gabriela Souza:\n    *   CPF: 990.011.223-34\n    *   Camiseta: P-36\n    *   Vestido: PP-36\n    *   Assento: 22\n\n*   Henrique Rodrigues:\n    *   CPF: 223.344.556-67\n    *   Camiseta: M-38\n    *   Vestido: P-38\n    *   Assento: 23\n\n*   Isadora Silva:\n    *   CPF: 445.566.778-89\n    *   Camiseta: G-40\n    *   Vestido: M-40\n    *   Assento: 24\n\n*   Jo├úo Pereira:\n    *   CPF: 667.788.990-01\n    *   Camiseta: GG-42\n    *   Vestido: G-42\n    *   Assento: 25\n\n---\n\nValor Total do Pedido: R$ 1245,00 (15 x R$ 83,00)\n\n---\n\nObserva├º├Áes:\n*   Informa├º├Áes sujeitas a confirma├º├úo.\n*   Em caso de d├║vidas, entre em contato."
                }
              ]
            },
            "options": {}
          },
          "type": "@n8n/n8n-nodes-langchain.openAi",
          "typeVersion": 1.8,
          "position": [
            2960,
            768
          ],
          "id": "c2e97b5a-417f-4f0f-8ddd-2e0da696c955",
          "name": "OpenAI1"
        },
        {
          "parameters": {
            "operation": "text",
            "binaryPropertyName": "output",
            "destinationKey": "=data",
            "options": {}
          },
          "type": "n8n-nodes-base.extractFromFile",
          "typeVersion": 1,
          "position": [
            2784,
            768
          ],
          "id": "4caded3e-fbf6-4f91-bead-5e025ce1d3a2",
          "name": "Extract from File",
          "alwaysOutputData": true
        },
        {
          "parameters": {
            "binaryPropertyName": "output",
            "options": {}
          },
          "type": "n8n-nodes-base.convertToFile",
          "typeVersion": 1.1,
          "position": [
            2640,
            768
          ],
          "id": "974247bd-8082-47b5-ada7-95f8362db996",
          "name": "convert"
        },
        {
          "parameters": {
            "rules": {
              "values": [
                {
                  "conditions": {
                    "options": {
                      "caseSensitive": true,
                      "leftValue": "",
                      "typeValidation": "strict",
                      "version": 2
                    },
                    "conditions": [
                      {
                        "leftValue": "={{ $json.response.generations[0][0].text }}",
                        "rightValue": "null",
                        "operator": {
                          "type": "string",
                          "operation": "contains"
                        },
                        "id": "07ad6e35-f228-467e-aea6-d717f27b943c"
                      }
                    ],
                    "combinator": "and"
                  }
                },
                {
                  "conditions": {
                    "options": {
                      "caseSensitive": true,
                      "leftValue": "",
                      "typeValidation": "strict",
                      "version": 2
                    },
                    "conditions": [
                      {
                        "id": "781d138d-438d-4a5c-9373-e895a2e81609",
                        "leftValue": "={{ $json.output.order_number }}",
                        "rightValue": "null",
                        "operator": {
                          "type": "string",
                          "operation": "notContains"
                        }
                      }
                    ],
                    "combinator": "and"
                  }
                }
              ]
            },
            "options": {}
          },
          "type": "n8n-nodes-base.switch",
          "typeVersion": 3.2,
          "position": [
            1488,
            960
          ],
          "id": "4e2a7511-d80c-46a8-9d76-601648f5566a",
          "name": "Switch"
        },
        {
          "parameters": {
            "content": "## SEPARA OS PEDIDOS PARA ENVIO\n**Aqui o pedido ├® separa conforme o n├║mero do pedido",
            "height": 420,
            "width": 880,
            "color": 6
          },
          "type": "n8n-nodes-base.stickyNote",
          "typeVersion": 1,
          "position": [
            1280,
            752
          ],
          "id": "3f931331-b6e1-4af7-bf02-a081f80f915c",
          "name": "Sticky Note8"
        },
        {
          "parameters": {
            "options": {}
          },
          "type": "@n8n/n8n-nodes-langchain.embeddingsOpenAi",
          "typeVersion": 1.2,
          "position": [
            2256,
            352
          ],
          "id": "30f17a3f-a8f7-4b42-93ea-56f0701358cb",
          "name": "Embeddings OpenAI1"
        }
      ],
      "connections": {
        "OpenAI": {
          "main": [
            [
              {
                "node": "campos_texto1",
                "type": "main",
                "index": 0
              }
            ]
          ]
        },
        "Divisor Texto | Audio": {
          "main": [
            [
              {
                "node": "campos_texto",
                "type": "main",
                "index": 0
              }
            ],
            [
              {
                "node": "Campos Audio",
                "type": "main",
                "index": 0
              }
            ]
          ]
        },
        "Campos Audio": {
          "main": [
            [
              {
                "node": "Convert to File1",
                "type": "main",
                "index": 0
              }
            ]
          ]
        },
        "envio_audio": {
          "main": [
            [
              {
                "node": "AI SDR2",
                "type": "main",
                "index": 0
              }
            ]
          ]
        },
        "campos_texto": {
          "main": [
            [
              {
                "node": "Merge",
                "type": "main",
                "index": 0
              }
            ]
          ]
        },
        "Merge": {
          "main": [
            [
              {
                "node": "envio_audio",
                "type": "main",
                "index": 0
              }
            ]
          ]
        },
        "campos_texto1": {
          "main": [
            [
              {
                "node": "Merge",
                "type": "main",
                "index": 1
              }
            ]
          ]
        },
        "Faq": {
          "ai_tool": [
            [
              {
                "node": "AI SDR2",
                "type": "ai_tool",
                "index": 0
              }
            ]
          ]
        },
        "OpenAI Chat Model4": {
          "ai_languageModel": [
            [
              {
                "node": "AI SDR2",
                "type": "ai_languageModel",
                "index": 0
              }
            ]
          ]
        },
        "Calculator2": {
          "ai_tool": [
            [
              {
                "node": "AI SDR2",
                "type": "ai_tool",
                "index": 0
              }
            ]
          ]
        },
        "AI SDR2": {
          "main": [
            [
              {
                "node": "ENVIA MENSAGEM 1",
                "type": "main",
                "index": 0
              }
            ]
          ]
        },
        "Postgres Chat Memory2": {
          "ai_memory": [
            [
              {
                "node": "AI SDR2",
                "type": "ai_memory",
                "index": 0
              }
            ]
          ]
        },
        "Convert to File1": {
          "main": [
            [
              {
                "node": "OpenAI",
                "type": "main",
                "index": 0
              }
            ]
          ]
        },
        "ENVIA MENSAGEM 2": {
          "main": [
            [
              {
                "node": "Edit Fields1",
                "type": "main",
                "index": 0
              }
            ]
          ]
        },
        "Edit Fields1": {
          "main": [
            [
              {
                "node": "ENVIA MENSAGEM 3",
                "type": "main",
                "index": 0
              }
            ]
          ]
        },
        "Webhook": {
          "main": [
            [
              {
                "node": "Seguran├ºa",
                "type": "main",
                "index": 0
              }
            ]
          ]
        },
        "Seguran├ºa": {
          "main": [
            [
              {
                "node": "Divisor Texto | Audio",
                "type": "main",
                "index": 0
              }
            ],
            [
              {
                "node": "ENVIA MENSAGEM 2",
                "type": "main",
                "index": 0
              }
            ]
          ]
        },
        "Recursive Character Text Splitter1": {
          "ai_textSplitter": [
            [
              {
                "node": "Default Data Loader1",
                "type": "ai_textSplitter",
                "index": 0
              }
            ]
          ]
        },
        "Default Data Loader1": {
          "ai_document": [
            [
              {
                "node": "Postgres PGVector Store",
                "type": "ai_document",
                "index": 0
              }
            ]
          ]
        },
        "Schedule Trigger1": {
          "main": [
            [
              {
                "node": "Google Sheets1",
                "type": "main",
                "index": 0
              }
            ]
          ]
        },
        "Google Sheets1": {
          "main": [
            [
              {
                "node": "Convert to File",
                "type": "main",
                "index": 0
              }
            ]
          ]
        },
        "Embeddings OpenAI": {
          "ai_embedding": [
            [
              {
                "node": "Postgres PGVector Store",
                "type": "ai_embedding",
                "index": 0
              }
            ]
          ]
        },
        "Convert to File": {
          "main": [
            [
              {
                "node": "Postgres PGVector Store",
                "type": "main",
                "index": 0
              }
            ]
          ]
        },
        "Split Out1": {
          "main": [
            [
              {
                "node": "convert3",
                "type": "main",
                "index": 0
              }
            ]
          ]
        },
        "OpenAI Chat Model2": {
          "ai_languageModel": [
            [
              {
                "node": "Information Extractor2",
                "type": "ai_languageModel",
                "index": 0
              }
            ]
          ]
        },
        "Information Extractor2": {
          "main": [
            [
              {
                "node": "Split Out1",
                "type": "main",
                "index": 0
              }
            ]
          ]
        },
        "Obtem Dados": {
          "main": [
            [
              {
                "node": "convert2",
                "type": "main",
                "index": 0
              }
            ]
          ]
        },
        "convert2": {
          "main": [
            [
              {
                "node": "Extract from File2",
                "type": "main",
                "index": 0
              }
            ]
          ]
        },
        "Extract from File2": {
          "main": [
            [
              {
                "node": "Information Extractor2",
                "type": "main",
                "index": 0
              }
            ]
          ]
        },
        "Aguarde 5 segundos1": {
          "main": [
            [
              {
                "node": "Para cada contato1",
                "type": "main",
                "index": 0
              }
            ]
          ]
        },
        "convert3": {
          "main": [
            [
              {
                "node": "Extract from File3",
                "type": "main",
                "index": 0
              }
            ]
          ]
        },
        "Extract from File3": {
          "main": [
            [
              {
                "node": "Information Extractor",
                "type": "main",
                "index": 0
              }
            ]
          ]
        },
        "OpenAI Chat Model": {
          "ai_languageModel": [
            [
              {
                "node": "Information Extractor",
                "type": "ai_languageModel",
                "index": 0
              }
            ]
          ]
        },
        "Information Extractor": {
          "main": [
            [
              {
                "node": "convert",
                "type": "main",
                "index": 0
              }
            ]
          ]
        },
        "Webhook1": {
          "main": [
            [
              {
                "node": "AI Agent",
                "type": "main",
                "index": 0
              }
            ]
          ]
        },
        "PEDIDO2": {
          "ai_tool": [
            [
              {
                "node": "AI SDR2",
                "type": "ai_tool",
                "index": 0
              }
            ]
          ]
        },
        "Postgres Chat Memory": {
          "ai_memory": [
            [
              {
                "node": "AI Agent",
                "type": "ai_memory",
                "index": 0
              }
            ]
          ]
        },
        "OpenAI Chat Model1": {
          "ai_languageModel": [
            [
              {
                "node": "AI Agent",
                "type": "ai_languageModel",
                "index": 0
              }
            ]
          ]
        },
        "AI Agent": {
          "main": [
            [
              {
                "node": "Obtem Dados",
                "type": "main",
                "index": 0
              }
            ]
          ]
        },
        "Extract from File": {
          "main": [
            [
              {
                "node": "OpenAI1",
                "type": "main",
                "index": 0
              }
            ]
          ]
        },
        "convert": {
          "main": [
            [
              {
                "node": "Extract from File",
                "type": "main",
                "index": 0
              }
            ]
          ]
        },
        "OpenAI1": {
          "main": [
            [
              {
                "node": "Para cada contato1",
                "type": "main",
                "index": 0
              }
            ]
          ]
        },
        "Embeddings OpenAI1": {
          "ai_embedding": [
            [
              {
                "node": "Faq",
                "type": "ai_embedding",
                "index": 0
              }
            ]
          ]
        }
      },
      "settings": {
        "executionOrder": "v1"
      },
      "staticData": null,
      "meta": null,
      "pinData": {},
      "versionId": "2fe8a960-a35f-4eab-a0bf-c8a1a0b4d4e0",
      "triggerCount": 0,
      "shared": [
        {
          "createdAt": "2025-10-04T06:15:27.280Z",
          "updatedAt": "2025-10-04T06:15:27.280Z",
          "role": "workflow:owner",
          "workflowId": "QIgRTSpF9rFS4V3f",
          "projectId": "TFVloDjzB4mlltZr"
        }
      ],
      "tags": []
    },
    {
      "createdAt": "2025-10-04T06:18:52.094Z",
      "updatedAt": "2025-10-04T06:18:52.094Z",
      "id": "b8siPryaUlRANwoS",
      "name": "(2) - AGENTE QUEREN - EXTRATOR- 22-03-2025",
      "active": false,
      "isArchived": false,
      "nodes": [
        {
          "parameters": {
            "fieldToSplitOut": "output.ingressos",
            "options": {}
          },
          "id": "85b9137d-7ffa-4143-86f4-895f6885d1bb",
          "name": "Split Out",
          "type": "n8n-nodes-base.splitOut",
          "position": [
            -944,
            128
          ],
          "typeVersion": 1
        },
        {
          "parameters": {
            "model": "gpt-4o",
            "options": {}
          },
          "id": "3ecd8486-750d-4bce-85c9-b6060f438587",
          "name": "OpenAI Chat Model",
          "type": "@n8n/n8n-nodes-langchain.lmChatOpenAi",
          "position": [
            -1216,
            272
          ],
          "typeVersion": 1
        },
        {
          "parameters": {
            "text": "={{ $json.data }}",
            "schemaType": "manual",
            "inputSchema": "{\n  \"order_number\": \"string\",\n  \"order_date\": \"AAAA-MM-DD\",\n  \"customer_name\": \"string\",\n  \"customer_email\": \"string\",\n  \"customer_phone\": \"string\",\n  \"product_name\": \"string\",\n  \"product_quantity\": \"number\",\n  \"total_price\": \"number\",\n  \"payment_method\": \"string\",\n  \"event_date\": \"AAAA-MM-DD\",\n  \"event_start_time\": \"HH:MM\",\n  \"event_end_time\": \"HH:MM\",\n  \"participants\": [\n    {\n      \"name\": \"string\",\n      \"cpf\": \"string\",\n      \"ticket_number\": \"string\",\n      \"t_shirt_size\": \"string\",\n      \"dress_size\": \"string\"\n    }\n  ]\n}",
            "options": {
              "systemPromptTemplate": "=Voc├¬ ├® um especialista em algoritmo de extra├º├úo\nExtraia apenas informa├º├Áes do pedido solicitado, que ├® o (pedido {{ $('Edit Fields').item.json.output.pedido }} ) , descarte todas os outros pedido que nao seja esse.\n\n\nSe voc├¬ n├úo souber o valor de um atributo solicitado para extra├º├úo, voc├¬ pode omitir o valor do atributo.\n\nSempre envie os dados em uma matriz json chamada ingressos. Cada Ingresso deve ter um t├¡tulo, pedido, titular_ingresso, telefone, participante, cpf, camisetas, vestidos, assento, valor 83,00"
            }
          },
          "id": "1ad27bdc-5176-4bef-93ee-9976f8c8ec7b",
          "name": "Information Extractor",
          "type": "@n8n/n8n-nodes-langchain.informationExtractor",
          "position": [
            -1248,
            128
          ],
          "typeVersion": 1
        },
        {
          "parameters": {
            "documentId": {
              "__rl": true,
              "value": "https://docs.google.com/spreadsheets/d/1VNxsR8TFlVG_cur9emPyg_5QEpAVSy5e3VyDZqKfJys",
              "mode": "url"
            },
            "sheetName": {
              "__rl": true,
              "value": "gid=0",
              "mode": "list",
              "cachedResultName": "ticket",
              "cachedResultUrl": "https://docs.google.com/spreadsheets/d/1VNxsR8TFlVG_cur9emPyg_5QEpAVSy5e3VyDZqKfJys/edit#gid=0"
            },
            "options": {}
          },
          "type": "n8n-nodes-base.googleSheets",
          "typeVersion": 4.5,
          "position": [
            -1104,
            -112
          ],
          "id": "d51a66b9-1b17-4416-bc52-2be46ea92ab2",
          "name": "Obtem Dados1"
        },
        {
          "parameters": {
            "assignments": {
              "assignments": [
                {
                  "id": "b7b0bf6f-6fbc-4e05-b991-d43c176cfb0d",
                  "name": "output.pedido",
                  "value": "={{ $json.output.pedido }}",
                  "type": "string"
                }
              ]
            },
            "options": {}
          },
          "type": "n8n-nodes-base.set",
          "typeVersion": 3.4,
          "position": [
            -1280,
            -112
          ],
          "id": "83927982-9be8-45c7-9525-5eb6ff60a03b",
          "name": "Edit Fields"
        },
        {
          "parameters": {
            "options": {}
          },
          "type": "n8n-nodes-base.convertToFile",
          "typeVersion": 1.1,
          "position": [
            -944,
            -112
          ],
          "id": "05ae9173-e383-405d-8708-73e7e593f96a",
          "name": "convert"
        },
        {
          "parameters": {
            "operation": "text",
            "binaryPropertyName": "=data",
            "destinationKey": "=data",
            "options": {}
          },
          "type": "n8n-nodes-base.extractFromFile",
          "typeVersion": 1,
          "position": [
            -768,
            -112
          ],
          "id": "41dce090-a396-46f4-bff8-80b9bebc8c6e",
          "name": "Extract from File1",
          "alwaysOutputData": true
        },
        {
          "parameters": {
            "text": "={{ $json.body.output }}",
            "attributes": {
              "attributes": [
                {
                  "name": "pedido",
                  "description": "pedido do usu├írio"
                }
              ]
            },
            "options": {
              "systemPromptTemplate": "=Voc├¬ ├® um especialista extrator de assuntos.\nSempre que o texto chegar, extra├¡a apenas as condi├º├Áes relevantes, que contenha a informa├º├úo do n├║mero do pedido.\n\nExtraia apenas o n├║mero do pedido solicitado, desde assunto \"{{ $json.output }}\", descarte todos os outros, pedido que n├úo seja esse."
            }
          },
          "type": "@n8n/n8n-nodes-langchain.informationExtractor",
          "typeVersion": 1,
          "position": [
            -1616,
            128
          ],
          "id": "b137a208-5fca-44e6-a898-7294a71fa16a",
          "name": "Information Extractor1"
        },
        {
          "parameters": {
            "model": {
              "__rl": true,
              "mode": "list",
              "value": "gpt-4o-mini"
            },
            "options": {}
          },
          "type": "@n8n/n8n-nodes-langchain.lmChatOpenAi",
          "typeVersion": 1.2,
          "position": [
            -1584,
            272
          ],
          "id": "ecf4d1e0-22a8-4401-b336-8f831074e9d7",
          "name": "OpenAI Chat Model1"
        },
        {
          "parameters": {
            "method": "POST",
            "url": "=https://evolution-evolution.cmbcrf.easypanel.host/message/sendText/n8n",
            "sendHeaders": true,
            "headerParameters": {
              "parameters": [
                {
                  "name": "apikey",
                  "value": "=249403b2-84b2-4b1d-8078-8e5499a99414"
                }
              ]
            },
            "sendBody": true,
            "bodyParameters": {
              "parameters": [
                {
                  "name": "number",
                  "value": "={{ $('Webhook1').item.json.body.telefone }}"
                },
                {
                  "name": "text",
                  "value": "={{ $json.message.content }}"
                },
                {
                  "name": "=id",
                  "value": "={{ $('Webhook1').item.json.body.id }}"
                }
              ]
            },
            "options": {}
          },
          "type": "n8n-nodes-base.httpRequest",
          "typeVersion": 4.2,
          "position": [
            320,
            -32
          ],
          "id": "5fa2c504-8b05-4d90-b3c1-79f536f14d2e",
          "name": "ENVIA MENSAGEM "
        },
        {
          "parameters": {
            "modelId": {
              "__rl": true,
              "value": "gpt-4-turbo",
              "mode": "list",
              "cachedResultName": "GPT-4-TURBO"
            },
            "messages": {
              "values": [
                {
                  "content": "=1. Extraia esses dados: {{ $json.data }}\n2. Utilize o modelo Abaixo, para entrega dos dados.\n3. Monte para cada cliente seguindo esse modelo.\n\n```\n­ƒÄë Ol├í! *[Nome do Participante]* ­ƒÿè Que alegria ter voc├¬ na VX Confer├¬ncia de Mulheres 2025! Ô£¿ Sua inscri├º├úo est├í confirmada e estamos super animados para te receber! ­ƒÆû\n\nConfira um resumo especial da sua compra:\n\n­ƒÄ½ N┬║ Pedido: *[N├║mero do Pedido]*\n­ƒæ® Titular: *[Nome do Titular]*\n­ƒÖïÔÇìÔÖÇ´©Å Participante: *[Nome do Participante]*\n­ƒöÆ CPF: *[CPF do Participante]*\n­ƒæò T-shirt: *[Tamanho da Camiseta]*\n­ƒæù Vestido: *[Tamanho do Vestido]*\n­ƒÆ║ Assento: *[N├║mero do Assento]*\n­ƒÆ░ Valor: R$ *[Valor do Ingresso formatado com duas casas decimais]*\n-------------------------------\nÔä╣´©Å Anota a├¡! Este ├® o seu comprovante de inscri├º├úo! ­ƒÿë Guarde o n├║mero do seu assento *([N├║mero do Assento])* para encontrar seu lugar rapidinho! ­ƒÜÇ\n-------------------------------\n*Precisa de ajuda?* ­ƒñö Manda um al├┤ por aqui! Estamos prontos para te ajudar! ­ƒÿâ\n-------------------------------\nPrepare-se para viver momentos incr├¡veis, aprender muito e fazer novas conex├Áes! ­ƒîƒ Mal podemos esperar para te ver l├í! ­ƒñù \n\n```\n   \n\n"
                }
              ]
            },
            "options": {}
          },
          "type": "@n8n/n8n-nodes-langchain.openAi",
          "typeVersion": 1.8,
          "position": [
            -336,
            -48
          ],
          "id": "3f5e416a-cc32-47c1-9cda-527096d71ee0",
          "name": "OpenAI1"
        },
        {
          "parameters": {
            "options": {}
          },
          "type": "n8n-nodes-base.splitInBatches",
          "typeVersion": 3,
          "position": [
            48,
            -48
          ],
          "id": "ea722623-91fe-47e3-b84a-c0f06a9736d1",
          "name": "Para cada contato"
        },
        {
          "parameters": {},
          "type": "n8n-nodes-base.wait",
          "typeVersion": 1.1,
          "position": [
            560,
            -32
          ],
          "id": "e3bb8eb7-8044-4a9f-a587-f80451cae4d6",
          "name": "Aguarde 5 segundos",
          "webhookId": "51eac38f-3ab2-422d-a009-924b307d7467"
        },
        {
          "parameters": {
            "options": {}
          },
          "type": "n8n-nodes-base.convertToFile",
          "typeVersion": 1.1,
          "position": [
            -736,
            128
          ],
          "id": "f5258118-0cac-4558-b7b0-c29fc30b7f0a",
          "name": "convert1"
        },
        {
          "parameters": {
            "operation": "text",
            "binaryPropertyName": "=data",
            "destinationKey": "=data",
            "options": {}
          },
          "type": "n8n-nodes-base.extractFromFile",
          "typeVersion": 1,
          "position": [
            -560,
            128
          ],
          "id": "044ad134-3e30-4c47-80bb-f5e0e7e21b28",
          "name": "Extract from File",
          "alwaysOutputData": true
        },
        {
          "parameters": {
            "httpMethod": "POST",
            "path": "eb3ab364-884e-487b-99fa-cf691f79bb29",
            "options": {}
          },
          "type": "n8n-nodes-base.webhook",
          "typeVersion": 2,
          "position": [
            -1824,
            128
          ],
          "id": "292f95fd-babf-481f-ac7c-6f2b48599d84",
          "name": "Webhook1",
          "webhookId": "eb3ab364-884e-487b-99fa-cf691f79bb29"
        },
        {
          "parameters": {
            "content": "##EXTRATOR DE ASSUNTOS\n**extrai apenas o n├║mero do pedido solicitado",
            "height": 560,
            "width": 1440
          },
          "type": "n8n-nodes-base.stickyNote",
          "typeVersion": 1,
          "position": [
            -1856,
            -160
          ],
          "id": "f981c67b-53b0-49a8-bfbd-50026a0e4580",
          "name": "Sticky Note"
        },
        {
          "parameters": {
            "content": "## PREPARA E ENVIO O RELAT├ôRIO\n**Aqui o assunto ├® classificado e enviado para o numero",
            "height": 340,
            "width": 1120,
            "color": 4
          },
          "type": "n8n-nodes-base.stickyNote",
          "typeVersion": 1,
          "position": [
            -384,
            -160
          ],
          "id": "f08cce27-371b-431e-a4a2-bac1540fd6a6",
          "name": "Sticky Note1"
        }
      ],
      "connections": {
        "Split Out": {
          "main": [
            [
              {
                "node": "convert1",
                "type": "main",
                "index": 0
              }
            ]
          ]
        },
        "OpenAI Chat Model": {
          "ai_languageModel": [
            [
              {
                "node": "Information Extractor",
                "type": "ai_languageModel",
                "index": 0
              }
            ]
          ]
        },
        "Information Extractor": {
          "main": [
            [
              {
                "node": "Split Out",
                "type": "main",
                "index": 0
              }
            ]
          ]
        },
        "Obtem Dados1": {
          "main": [
            [
              {
                "node": "convert",
                "type": "main",
                "index": 0
              }
            ]
          ]
        },
        "Edit Fields": {
          "main": [
            [
              {
                "node": "Obtem Dados1",
                "type": "main",
                "index": 0
              }
            ]
          ]
        },
        "convert": {
          "main": [
            [
              {
                "node": "Extract from File1",
                "type": "main",
                "index": 0
              }
            ]
          ]
        },
        "Extract from File1": {
          "main": [
            [
              {
                "node": "Information Extractor",
                "type": "main",
                "index": 0
              }
            ]
          ]
        },
        "Information Extractor1": {
          "main": [
            [
              {
                "node": "Edit Fields",
                "type": "main",
                "index": 0
              }
            ]
          ]
        },
        "OpenAI Chat Model1": {
          "ai_languageModel": [
            [
              {
                "node": "Information Extractor1",
                "type": "ai_languageModel",
                "index": 0
              }
            ]
          ]
        },
        "ENVIA MENSAGEM ": {
          "main": [
            [
              {
                "node": "Aguarde 5 segundos",
                "type": "main",
                "index": 0
              }
            ]
          ]
        },
        "OpenAI1": {
          "main": [
            [
              {
                "node": "Para cada contato",
                "type": "main",
                "index": 0
              }
            ]
          ]
        },
        "Para cada contato": {
          "main": [
            [],
            [
              {
                "node": "ENVIA MENSAGEM ",
                "type": "main",
                "index": 0
              }
            ]
          ]
        },
        "Aguarde 5 segundos": {
          "main": [
            [
              {
                "node": "Para cada contato",
                "type": "main",
                "index": 0
              }
            ]
          ]
        },
        "convert1": {
          "main": [
            [
              {
                "node": "Extract from File",
                "type": "main",
                "index": 0
              }
            ]
          ]
        },
        "Extract from File": {
          "main": [
            [
              {
                "node": "OpenAI1",
                "type": "main",
                "index": 0
              }
            ]
          ]
        },
        "Webhook1": {
          "main": [
            [
              {
                "node": "Information Extractor1",
                "type": "main",
                "index": 0
              }
            ]
          ]
        }
      },
      "settings": {
        "executionOrder": "v1"
      },
      "staticData": null,
      "meta": {
        "templateCredsSetupCompleted": true
      },
      "pinData": {},
      "versionId": "978fa78b-87a7-46a8-9edd-2871c3e6f7ab",
      "triggerCount": 0,
      "shared": [
        {
          "createdAt": "2025-10-04T06:18:52.094Z",
          "updatedAt": "2025-10-04T06:18:52.094Z",
          "role": "workflow:owner",
          "workflowId": "b8siPryaUlRANwoS",
          "projectId": "TFVloDjzB4mlltZr"
        }
      ],
      "tags": [
        {
          "createdAt": "2025-10-04T06:15:56.631Z",
          "updatedAt": "2025-10-04T06:15:56.631Z",
          "id": "1Pu27ZRCeJjSOlmu",
          "name": "WEBHUK"
        },
        {
          "createdAt": "2025-10-04T06:15:56.622Z",
          "updatedAt": "2025-10-04T06:15:56.622Z",
          "id": "SDecbYxKaOGnJQPV",
          "name": "FLUXO OK"
        }
      ]
    },
    {
      "createdAt": "2025-10-04T06:24:58.415Z",
      "updatedAt": "2025-10-07T13:20:54.523Z",
      "id": "2D6xijRKwaHbUTup",
      "name": "(3) - AGENTE QUEREN - EXTRAI|ATUALIZA|VERIFICA- 22-03-2025",
      "active": false,
      "isArchived": false,
      "nodes": [
        {
          "parameters": {
            "options": {}
          },
          "type": "n8n-nodes-base.splitInBatches",
          "typeVersion": 3,
          "position": [
            1520,
            384
          ],
          "id": "c75fc1b8-2b02-49b5-95d9-cbe3d75fd7af",
          "name": "Para cada contato1"
        },
        {
          "parameters": {
            "method": "POST",
            "url": "=https://evolution-evolution.cmbcrf.easypanel.host/message/sendText/n8n",
            "sendHeaders": true,
            "headerParameters": {
              "parameters": [
                {
                  "name": "apikey",
                  "value": "=249403b2-84b2-4b1d-8078-8e5499a99414"
                }
              ]
            },
            "sendBody": true,
            "bodyParameters": {
              "parameters": [
                {
                  "name": "number",
                  "value": "={{ $json.Whatsapp.toString()}}"
                },
                {
                  "name": "text",
                  "value": "=Ol├í! ­ƒÿè, agradecemos imensamente por se inscrever na VX Confer├¬ncia de Mulheres 2025! Ô£¿ ├ë um prazer ter voc├¬ conosco neste evento incr├¡vel.\n-------------------------------------------\nConfira abaixo o resumo detalhado \nda sua compra:\n\n*N┬║ Pedido:* {{ $json['Id do Pedido'] }}\n*Titular do Ingresso:*┬á{{ $json['Titular do Ingresso'] }}\n*Participante:* {{ $json.Participante }}\n*CPF:* {{ $json.CPF }}\n*T-shirts:* {{ $json['T-shirts'] }}\n*Vestido:*┬á{{ $json.Vestido }}\n*Assento:* {{ $json.Assento }}\n*Valor:*┬á{{ $json.Valor }}\n------------------------------------------\nObserva├º├Áes Importantes:\nEste ├® o seu comprovante de inscri├º├úo. Guarde o n├║mero do assento *{{ $json.Assento }}* para localizar seu lugar.\n\nSe precisar de ajuda ou tiver alguma d├║vida, nos chame por aqui! Estamos ├á disposi├º├úo.\nPrepare-se para um evento inesquec├¡vel, com muito aprendizado e conex├úo!­ƒÆû"
                }
              ]
            },
            "options": {}
          },
          "type": "n8n-nodes-base.httpRequest",
          "typeVersion": 4.2,
          "position": [
            1808,
            400
          ],
          "id": "8924e769-0fd7-4ec1-b187-edbd3cfd29af",
          "name": "Whatsap Mensagem1",
          "onError": "continueRegularOutput"
        },
        {
          "parameters": {
            "conditions": {
              "options": {
                "caseSensitive": true,
                "leftValue": "",
                "typeValidation": "loose",
                "version": 2
              },
              "conditions": [
                {
                  "id": "d0d5133f-d5dc-44ec-bc40-807f8257b815",
                  "leftValue": true,
                  "rightValue": "={{ $json.key.fromMe }}",
                  "operator": {
                    "type": "boolean",
                    "operation": "equals"
                  }
                }
              ],
              "combinator": "and"
            },
            "looseTypeValidation": true,
            "options": {}
          },
          "type": "n8n-nodes-base.if",
          "typeVersion": 2.2,
          "position": [
            2000,
            400
          ],
          "id": "561c2699-ec37-4792-a6d1-0543269b749c",
          "name": "Texto Enviado com Sucesso1"
        },
        {
          "parameters": {
            "operation": "update",
            "documentId": {
              "__rl": true,
              "value": "https://docs.google.com/spreadsheets/d/1VNxsR8TFlVG_cur9emPyg_5QEpAVSy5e3VyDZqKfJys",
              "mode": "url"
            },
            "sheetName": {
              "__rl": true,
              "value": "gid=0",
              "mode": "list",
              "cachedResultName": "ticket",
              "cachedResultUrl": "https://docs.google.com/spreadsheets/d/1VNxsR8TFlVG_cur9emPyg_5QEpAVSy5e3VyDZqKfJys/edit#gid=0"
            },
            "columns": {
              "mappingMode": "defineBelow",
              "value": {
                "row_number": "={{ $('Para cada contato1').item.json.row_number }}",
                "Envio Zap": "Ô£à"
              },
              "matchingColumns": [
                "row_number"
              ],
              "schema": [
                {
                  "id": "N┬░ Pedido",
                  "displayName": "N┬░ Pedido",
                  "required": false,
                  "defaultMatch": false,
                  "display": true,
                  "type": "string",
                  "canBeUsedToMatch": true
                },
                {
                  "id": "Titular do Ingresso",
                  "displayName": "Titular do Ingresso",
                  "required": false,
                  "defaultMatch": false,
                  "display": true,
                  "type": "string",
                  "canBeUsedToMatch": true
                },
                {
                  "id": "Participante",
                  "displayName": "Participante",
                  "required": false,
                  "defaultMatch": false,
                  "display": true,
                  "type": "string",
                  "canBeUsedToMatch": true
                },
                {
                  "id": "Whatsapp",
                  "displayName": "Whatsapp",
                  "required": false,
                  "defaultMatch": false,
                  "display": true,
                  "type": "string",
                  "canBeUsedToMatch": true
                },
                {
                  "id": "CPF",
                  "displayName": "CPF",
                  "required": false,
                  "defaultMatch": false,
                  "display": true,
                  "type": "string",
                  "canBeUsedToMatch": true
                },
                {
                  "id": "T-shirts",
                  "displayName": "T-shirts",
                  "required": false,
                  "defaultMatch": false,
                  "display": true,
                  "type": "string",
                  "canBeUsedToMatch": true
                },
                {
                  "id": "Vestido",
                  "displayName": "Vestido",
                  "required": false,
                  "defaultMatch": false,
                  "display": true,
                  "type": "string",
                  "canBeUsedToMatch": true
                },
                {
                  "id": "Assento",
                  "displayName": "Assento",
                  "required": false,
                  "defaultMatch": false,
                  "display": true,
                  "type": "string",
                  "canBeUsedToMatch": true
                },
                {
                  "id": "Valor",
                  "displayName": "Valor",
                  "required": false,
                  "defaultMatch": false,
                  "display": true,
                  "type": "string",
                  "canBeUsedToMatch": true
                },
                {
                  "id": "Envio Zap",
                  "displayName": "Envio Zap",
                  "required": false,
                  "defaultMatch": false,
                  "display": true,
                  "type": "string",
                  "canBeUsedToMatch": true,
                  "removed": false
                },
                {
                  "id": "Dados_Anexados",
                  "displayName": "Dados_Anexados",
                  "required": false,
                  "defaultMatch": false,
                  "display": true,
                  "type": "string",
                  "canBeUsedToMatch": true,
                  "removed": false
                },
                {
                  "id": "row_number",
                  "displayName": "row_number",
                  "required": false,
                  "defaultMatch": false,
                  "display": true,
                  "type": "string",
                  "canBeUsedToMatch": true,
                  "readOnly": true,
                  "removed": false
                }
              ],
              "attemptToConvertTypes": false,
              "convertFieldsToString": false
            },
            "options": {}
          },
          "type": "n8n-nodes-base.googleSheets",
          "typeVersion": 4.5,
          "position": [
            2272,
            272
          ],
          "id": "d17b1102-8798-4e69-a1ca-bfa52c55cf28",
          "name": "Status Enviado1"
        },
        {
          "parameters": {
            "operation": "update",
            "documentId": {
              "__rl": true,
              "value": "https://docs.google.com/spreadsheets/d/1VNxsR8TFlVG_cur9emPyg_5QEpAVSy5e3VyDZqKfJys",
              "mode": "url"
            },
            "sheetName": {
              "__rl": true,
              "value": "gid=0",
              "mode": "list",
              "cachedResultName": "ticket",
              "cachedResultUrl": "https://docs.google.com/spreadsheets/d/1VNxsR8TFlVG_cur9emPyg_5QEpAVSy5e3VyDZqKfJys/edit#gid=0"
            },
            "columns": {
              "mappingMode": "defineBelow",
              "value": {
                "row_number": "={{ $('Para cada contato1').item.json.row_number }}",
                "Envio Zap": "ÔØî"
              },
              "matchingColumns": [
                "row_number"
              ],
              "schema": [
                {
                  "id": "N┬░ Pedido",
                  "displayName": "N┬░ Pedido",
                  "required": false,
                  "defaultMatch": false,
                  "display": true,
                  "type": "string",
                  "canBeUsedToMatch": true,
                  "removed": false
                },
                {
                  "id": "Titular do Ingresso",
                  "displayName": "Titular do Ingresso",
                  "required": false,
                  "defaultMatch": false,
                  "display": true,
                  "type": "string",
                  "canBeUsedToMatch": true
                },
                {
                  "id": "Participante",
                  "displayName": "Participante",
                  "required": false,
                  "defaultMatch": false,
                  "display": true,
                  "type": "string",
                  "canBeUsedToMatch": true
                },
                {
                  "id": "Whatsapp",
                  "displayName": "Whatsapp",
                  "required": false,
                  "defaultMatch": false,
                  "display": true,
                  "type": "string",
                  "canBeUsedToMatch": true
                },
                {
                  "id": "CPF",
                  "displayName": "CPF",
                  "required": false,
                  "defaultMatch": false,
                  "display": true,
                  "type": "string",
                  "canBeUsedToMatch": true
                },
                {
                  "id": "T-shirts",
                  "displayName": "T-shirts",
                  "required": false,
                  "defaultMatch": false,
                  "display": true,
                  "type": "string",
                  "canBeUsedToMatch": true
                },
                {
                  "id": "Vestido",
                  "displayName": "Vestido",
                  "required": false,
                  "defaultMatch": false,
                  "display": true,
                  "type": "string",
                  "canBeUsedToMatch": true
                },
                {
                  "id": "Assento",
                  "displayName": "Assento",
                  "required": false,
                  "defaultMatch": false,
                  "display": true,
                  "type": "string",
                  "canBeUsedToMatch": true
                },
                {
                  "id": "Valor",
                  "displayName": "Valor",
                  "required": false,
                  "defaultMatch": false,
                  "display": true,
                  "type": "string",
                  "canBeUsedToMatch": true
                },
                {
                  "id": "Envio Zap",
                  "displayName": "Envio Zap",
                  "required": false,
                  "defaultMatch": false,
                  "display": true,
                  "type": "string",
                  "canBeUsedToMatch": true,
                  "removed": false
                },
                {
                  "id": "Dados_Anexados",
                  "displayName": "Dados_Anexados",
                  "required": false,
                  "defaultMatch": false,
                  "display": true,
                  "type": "string",
                  "canBeUsedToMatch": true,
                  "removed": false
                },
                {
                  "id": "row_number",
                  "displayName": "row_number",
                  "required": false,
                  "defaultMatch": false,
                  "display": true,
                  "type": "string",
                  "canBeUsedToMatch": true,
                  "readOnly": true,
                  "removed": false
                }
              ],
              "attemptToConvertTypes": false,
              "convertFieldsToString": false
            },
            "options": {}
          },
          "type": "n8n-nodes-base.googleSheets",
          "typeVersion": 4.5,
          "position": [
            2272,
            432
          ],
          "id": "d15f5a24-109a-47a8-ba07-69a39326e7fe",
          "name": "Status N├úo Enviado1"
        },
        {
          "parameters": {},
          "type": "n8n-nodes-base.wait",
          "typeVersion": 1.1,
          "position": [
            2608,
            432
          ],
          "id": "28153e57-4458-4b5d-b21c-e5ccaa4d30ca",
          "name": "Aguarde 5 segundos1",
          "webhookId": "51eac38f-3ab2-422d-a009-924b307d7467"
        },
        {
          "parameters": {
            "rules": {
              "values": [
                {
                  "conditions": {
                    "options": {
                      "caseSensitive": true,
                      "leftValue": "",
                      "typeValidation": "strict",
                      "version": 2
                    },
                    "conditions": [
                      {
                        "leftValue": "={{ $json['Envio Zap'] }}",
                        "rightValue": "",
                        "operator": {
                          "type": "string",
                          "operation": "equals"
                        },
                        "id": "244b690c-b3f5-4a5b-984d-b2bdc7b119eb"
                      }
                    ],
                    "combinator": "and"
                  },
                  "renameOutput": true,
                  "outputKey": "Enviado"
                },
                {
                  "conditions": {
                    "options": {
                      "caseSensitive": true,
                      "leftValue": "",
                      "typeValidation": "strict",
                      "version": 2
                    },
                    "conditions": [
                      {
                        "id": "aa769b11-d054-4a61-b668-f2f8dfda76f1",
                        "leftValue": "={{ $json['Envio Zap'] }}",
                        "rightValue": "Ô£à",
                        "operator": {
                          "type": "string",
                          "operation": "equals"
                        }
                      }
                    ],
                    "combinator": "and"
                  },
                  "renameOutput": true,
                  "outputKey": "enviar"
                }
              ]
            },
            "options": {}
          },
          "type": "n8n-nodes-base.switch",
          "typeVersion": 3.2,
          "position": [
            1872,
            80
          ],
          "id": "2da87c49-ac3b-45f5-ae93-67b1c3c250bf",
          "name": "Switch"
        },
        {
          "parameters": {},
          "type": "n8n-nodes-base.noOp",
          "typeVersion": 1,
          "position": [
            2144,
            64
          ],
          "id": "84ead479-271e-4ad0-988d-8e8fb9bfbe95",
          "name": "No Operation, do nothing"
        },
        {
          "parameters": {
            "model": "text-embedding-3-large",
            "options": {}
          },
          "type": "@n8n/n8n-nodes-langchain.embeddingsOpenAi",
          "typeVersion": 1.2,
          "position": [
            3744,
            288
          ],
          "id": "d16e7365-81aa-48ee-9131-10f2ba913ee7",
          "name": "Embeddings OpenAI3"
        },
        {
          "parameters": {
            "content": "## 3-VERIFICADOR DE NOVOS DADOS",
            "height": 640,
            "width": 1340,
            "color": 3
          },
          "type": "n8n-nodes-base.stickyNote",
          "position": [
            2832,
            0
          ],
          "typeVersion": 1,
          "id": "77263757-60e0-447f-b611-6ff231c3b175",
          "name": "Sticky Note3"
        },
        {
          "parameters": {
            "options": {}
          },
          "type": "n8n-nodes-base.convertToFile",
          "typeVersion": 1.1,
          "position": [
            3600,
            128
          ],
          "id": "ca39001b-7190-48ac-b042-d26dbcfc2318",
          "name": "Convert to File1"
        },
        {
          "parameters": {
            "chunkOverlap": 100,
            "options": {}
          },
          "type": "@n8n/n8n-nodes-langchain.textSplitterRecursiveCharacterTextSplitter",
          "typeVersion": 1,
          "position": [
            3968,
            480
          ],
          "id": "07001faf-4558-4ee5-986a-71524776c9d9",
          "name": "Recursive Character Text Splitter1"
        },
        {
          "parameters": {
            "dataType": "binary",
            "loader": "csvLoader",
            "options": {
              "metadata": {
                "metadataValues": [
                  {
                    "name": "ticket",
                    "value": "ticket"
                  }
                ]
              }
            }
          },
          "type": "@n8n/n8n-nodes-langchain.documentDefaultDataLoader",
          "typeVersion": 1,
          "position": [
            3904,
            304
          ],
          "id": "00c24e99-9110-459f-902e-9d5ebd702fc6",
          "name": "Default Data Loader1"
        },
        {
          "parameters": {
            "mode": "insert",
            "tableName": "ticket",
            "options": {}
          },
          "type": "@n8n/n8n-nodes-langchain.vectorStorePGVector",
          "typeVersion": 1,
          "position": [
            3792,
            112
          ],
          "id": "d5fd4697-ef26-4703-a10a-c5a3de5c1695",
          "name": "Postgres PGVector Store"
        },
        {
          "parameters": {
            "rules": {
              "values": [
                {
                  "conditions": {
                    "options": {
                      "caseSensitive": true,
                      "leftValue": "",
                      "typeValidation": "strict",
                      "version": 2
                    },
                    "conditions": [
                      {
                        "leftValue": "={{ $json.Dados_Anexados }}",
                        "rightValue": "",
                        "operator": {
                          "type": "string",
                          "operation": "equals"
                        },
                        "id": "244b690c-b3f5-4a5b-984d-b2bdc7b119eb"
                      }
                    ],
                    "combinator": "and"
                  },
                  "renameOutput": true,
                  "outputKey": " enviar"
                },
                {
                  "conditions": {
                    "options": {
                      "caseSensitive": true,
                      "leftValue": "",
                      "typeValidation": "strict",
                      "version": 2
                    },
                    "conditions": [
                      {
                        "id": "0868d8c5-d1fd-48da-9fcd-8faecbdeceb2",
                        "leftValue": "={{ $json.Dados_Anexados }}",
                        "rightValue": "=Ô£ö´©Å",
                        "operator": {
                          "type": "string",
                          "operation": "notEquals"
                        }
                      }
                    ],
                    "combinator": "and"
                  },
                  "renameOutput": true,
                  "outputKey": "nao enviar"
                }
              ]
            },
            "options": {}
          },
          "type": "n8n-nodes-base.switch",
          "typeVersion": 3.2,
          "position": [
            3200,
            112
          ],
          "id": "bc48e4a8-9a32-47c4-92c7-2a3fbcb17bcd",
          "name": "Switch1"
        },
        {
          "parameters": {
            "fieldToSplitOut": "output.ingressos",
            "options": {}
          },
          "id": "3170f304-eb06-4e87-a482-76c3ad727d08",
          "name": "Split Out",
          "type": "n8n-nodes-base.splitOut",
          "position": [
            1120,
            160
          ],
          "typeVersion": 1
        },
        {
          "parameters": {
            "options": {}
          },
          "id": "047935da-a869-4de5-ad48-c9bddbb9108e",
          "name": "OpenAI Chat Model",
          "type": "@n8n/n8n-nodes-langchain.lmChatOpenAi",
          "position": [
            800,
            352
          ],
          "typeVersion": 1
        },
        {
          "parameters": {
            "text": "={{ $('Dados do Card').item.json.desc }}",
            "schemaType": "manual",
            "inputSchema": "{\n  \"order_number\": \"string\",\n  \"order_date\": \"AAAA-MM-DD\",\n  \"customer_name\": \"string\",\n  \"customer_email\": \"string\",\n  \"customer_phone\": \"string\",\n  \"product_name\": \"string\",\n  \"product_quantity\": \"number\",\n  \"total_price\": \"number\",\n  \"payment_method\": \"string\",\n  \"event_date\": \"AAAA-MM-DD\",\n  \"event_start_time\": \"HH:MM\",\n  \"event_end_time\": \"HH:MM\",\n  \"participants\": [\n    {\n      \"name\": \"string\",\n      \"cpf\": \"string\",\n      \"ticket_number\": \"string\",\n      \"t_shirt_size\": \"string\",\n      \"dress_size\": \"string\"\n    }\n  ]\n}",
            "options": {
              "systemPromptTemplate": "=Voc├¬ ├® um algoritmo de extra├º├úo especialista.\nExtraia apenas informa├º├Áes relevantes do texto.\nSe voc├¬ n├úo souber o valor de um atributo solicitado para extra├º├úo, voc├¬ pode omitir o valor do atributo.\nSempre envie os dados em uma matriz json chamada ingressos. Cada Ingresso deve ter um t├¡tulo, pedido, titular_ingresso, telefone, participante, cpf, camisetas, vestidos, assento, valor 83,00"
            }
          },
          "id": "cf0bb3d7-f2a5-4268-bc47-479b1ca251b6",
          "name": "Information Extractor",
          "type": "@n8n/n8n-nodes-langchain.informationExtractor",
          "position": [
            768,
            160
          ],
          "typeVersion": 1
        },
        {
          "parameters": {
            "operation": "text",
            "binaryPropertyName": "=data {{ $json.desc }}",
            "destinationKey": "=data",
            "options": {}
          },
          "type": "n8n-nodes-base.extractFromFile",
          "typeVersion": 1,
          "position": [
            544,
            160
          ],
          "id": "7cd30af7-8dd2-4833-9f80-1348bb02201b",
          "name": "Extract from File",
          "alwaysOutputData": true
        },
        {
          "parameters": {
            "operation": "get",
            "id": {
              "__rl": true,
              "value": "={{ $json.action.data.card.id }}",
              "mode": "id"
            },
            "additionalFields": {}
          },
          "type": "n8n-nodes-base.trello",
          "typeVersion": 1,
          "position": [
            320,
            160
          ],
          "id": "8044ce16-f86e-4ecf-ad19-cad099d9d18e",
          "name": "Dados do Card"
        },
        {
          "parameters": {
            "operation": "append",
            "documentId": {
              "__rl": true,
              "value": "https://docs.google.com/spreadsheets/d/1VNxsR8TFlVG_cur9emPyg_5QEpAVSy5e3VyDZqKfJys",
              "mode": "url"
            },
            "sheetName": {
              "__rl": true,
              "value": "gid=0",
              "mode": "list",
              "cachedResultName": "ticket",
              "cachedResultUrl": "https://docs.google.com/spreadsheets/d/1VNxsR8TFlVG_cur9emPyg_5QEpAVSy5e3VyDZqKfJys/edit#gid=0"
            },
            "columns": {
              "mappingMode": "defineBelow",
              "value": {
                "Titular do Ingresso": "={{ $json.titular_ingresso }}",
                "Participante": "={{ $json.participante }}",
                "Whatsapp": "=55{{ $json.telefone }}",
                "CPF": "={{ $json.cpf }}",
                "T-shirts": "={{ $json.camisetas }}",
                "Vestido": "={{ $json.vestidos }}",
                "Valor": "={{ $json.valor }}",
                "N┬░ Pedido": "={{ $json.pedido }}"
              },
              "matchingColumns": [
                "row_number"
              ],
              "schema": [
                {
                  "id": "N┬░ Pedido",
                  "displayName": "N┬░ Pedido",
                  "required": false,
                  "defaultMatch": false,
                  "display": true,
                  "type": "string",
                  "canBeUsedToMatch": true,
                  "removed": false
                },
                {
                  "id": "Titular do Ingresso",
                  "displayName": "Titular do Ingresso",
                  "required": false,
                  "defaultMatch": false,
                  "display": true,
                  "type": "string",
                  "canBeUsedToMatch": true
                },
                {
                  "id": "Participante",
                  "displayName": "Participante",
                  "required": false,
                  "defaultMatch": false,
                  "display": true,
                  "type": "string",
                  "canBeUsedToMatch": true
                },
                {
                  "id": "Whatsapp",
                  "displayName": "Whatsapp",
                  "required": false,
                  "defaultMatch": false,
                  "display": true,
                  "type": "string",
                  "canBeUsedToMatch": true
                },
                {
                  "id": "CPF",
                  "displayName": "CPF",
                  "required": false,
                  "defaultMatch": false,
                  "display": true,
                  "type": "string",
                  "canBeUsedToMatch": true
                },
                {
                  "id": "T-shirts",
                  "displayName": "T-shirts",
                  "required": false,
                  "defaultMatch": false,
                  "display": true,
                  "type": "string",
                  "canBeUsedToMatch": true
                },
                {
                  "id": "Vestido",
                  "displayName": "Vestido",
                  "required": false,
                  "defaultMatch": false,
                  "display": true,
                  "type": "string",
                  "canBeUsedToMatch": true
                },
                {
                  "id": "Assento",
                  "displayName": "Assento",
                  "required": false,
                  "defaultMatch": false,
                  "display": true,
                  "type": "string",
                  "canBeUsedToMatch": true,
                  "removed": true
                },
                {
                  "id": "Valor",
                  "displayName": "Valor",
                  "required": false,
                  "defaultMatch": false,
                  "display": true,
                  "type": "string",
                  "canBeUsedToMatch": true,
                  "removed": false
                },
                {
                  "id": "Envio Zap",
                  "displayName": "Envio Zap",
                  "required": false,
                  "defaultMatch": false,
                  "display": true,
                  "type": "string",
                  "canBeUsedToMatch": true,
                  "removed": false
                },
                {
                  "id": "Dados_Anexados",
                  "displayName": "Dados_Anexados",
                  "required": false,
                  "defaultMatch": false,
                  "display": true,
                  "type": "string",
                  "canBeUsedToMatch": true,
                  "removed": false
                }
              ],
              "attemptToConvertTypes": false,
              "convertFieldsToString": false
            },
            "options": {}
          },
          "type": "n8n-nodes-base.googleSheets",
          "typeVersion": 4.5,
          "position": [
            624,
            432
          ],
          "id": "3da68726-589e-4bac-bdbd-fb9f0219b164",
          "name": "Google Sheets"
        },
        {
          "parameters": {
            "content": "## 1-EXTRAI DADOS DE NOVOS PEDIDOS",
            "height": 640,
            "width": 1340,
            "color": 4
          },
          "type": "n8n-nodes-base.stickyNote",
          "position": [
            0,
            0
          ],
          "typeVersion": 1,
          "id": "2dd5ae4c-2184-4379-98c4-66772297da27",
          "name": "Sticky Note"
        },
        {
          "parameters": {
            "content": "## 2-ENVIO DE NOTIFICA├ç├âO",
            "height": 640,
            "width": 1340
          },
          "type": "n8n-nodes-base.stickyNote",
          "position": [
            1424,
            0
          ],
          "typeVersion": 1,
          "id": "b9406d98-5575-41de-8a2b-95d03a61d3ba",
          "name": "Sticky Note1"
        },
        {
          "parameters": {
            "rule": {
              "interval": [
                {
                  "field": "seconds"
                }
              ]
            }
          },
          "type": "n8n-nodes-base.scheduleTrigger",
          "typeVersion": 1.2,
          "position": [
            2864,
            112
          ],
          "id": "050ac812-6183-4bf5-83ba-24fa2b43b23a",
          "name": "Schedule Trigger1",
          "disabled": true
        },
        {
          "parameters": {
            "content": "## FUN├ç├âO\nEsse recurso extrai dados que chegam dentro trello, que est├í programado para receber informa├º├Áes dos emails, ap├│s o cada compra feita pelo usu├írio",
            "height": 120,
            "width": 620,
            "color": 4
          },
          "type": "n8n-nodes-base.stickyNote",
          "typeVersion": 1,
          "position": [
            560,
            32
          ],
          "id": "d8873bba-9ea1-4cfc-9432-158cdae87611",
          "name": "Sticky Note2"
        },
        {
          "parameters": {
            "content": "## FUN├ç├âO\nEsse recurso envia notifica├º├úo, para os compradores, ap├│s os mesmos terminarem de efetuar suas  compras dentro do site.",
            "height": 140,
            "width": 380
          },
          "type": "n8n-nodes-base.stickyNote",
          "typeVersion": 1,
          "position": [
            2352,
            64
          ],
          "id": "d98fcf87-7da0-433a-989f-f190ebbf9e13",
          "name": "Sticky Note5"
        },
        {
          "parameters": {
            "content": "## FUN├ç├âO\nEsse recurso analisa dados que precisam ser adicionados no suba-base, para que os agentes faq e ingressos, possam verificar",
            "height": 140,
            "width": 380,
            "color": 3
          },
          "type": "n8n-nodes-base.stickyNote",
          "typeVersion": 1,
          "position": [
            3040,
            384
          ],
          "id": "abc87e54-3656-42a6-95ba-c14617dc8560",
          "name": "Sticky Note6"
        },
        {
          "parameters": {
            "rule": {
              "interval": [
                {
                  "field": "seconds"
                }
              ]
            }
          },
          "type": "n8n-nodes-base.scheduleTrigger",
          "typeVersion": 1.2,
          "position": [
            1488,
            80
          ],
          "id": "4872b0d4-d1f6-486a-89dc-6d1b59409014",
          "name": "Schedule Trigger",
          "disabled": true
        },
        {
          "parameters": {
            "documentId": {
              "__rl": true,
              "value": "https://docs.google.com/spreadsheets/d/1VNxsR8TFlVG_cur9emPyg_5QEpAVSy5e3VyDZqKfJys/edit?gid=0#gid=0",
              "mode": "url"
            },
            "sheetName": {
              "__rl": true,
              "value": "gid=0",
              "mode": "list",
              "cachedResultName": "ticket",
              "cachedResultUrl": "https://docs.google.com/spreadsheets/d/1VNxsR8TFlVG_cur9emPyg_5QEpAVSy5e3VyDZqKfJys/edit#gid=0"
            },
            "options": {}
          },
          "type": "n8n-nodes-base.googleSheets",
          "typeVersion": 4.5,
          "position": [
            3024,
            112
          ],
          "id": "631f201c-e7b7-44bc-bad1-11043613b623",
          "name": "Google Sheets1"
        },
        {
          "parameters": {
            "options": {
              "reset": false
            }
          },
          "type": "n8n-nodes-base.splitInBatches",
          "typeVersion": 3,
          "position": [
            112,
            400
          ],
          "id": "0ed66183-1f9a-48e4-9319-102d589656ab",
          "name": "Para cada contato2",
          "notesInFlow": false
        },
        {
          "parameters": {},
          "type": "n8n-nodes-base.wait",
          "typeVersion": 1.1,
          "position": [
            1152,
            432
          ],
          "id": "fc17bcd0-6940-43f1-bc6a-e160fed3ce25",
          "name": "Aguarde 5 segundos2",
          "webhookId": "51eac38f-3ab2-422d-a009-924b307d7467"
        },
        {
          "parameters": {
            "operation": "update",
            "documentId": {
              "__rl": true,
              "value": "https://docs.google.com/spreadsheets/d/1VNxsR8TFlVG_cur9emPyg_5QEpAVSy5e3VyDZqKfJys",
              "mode": "url"
            },
            "sheetName": {
              "__rl": true,
              "value": "gid=0",
              "mode": "list",
              "cachedResultName": "ticket",
              "cachedResultUrl": "https://docs.google.com/spreadsheets/d/1VNxsR8TFlVG_cur9emPyg_5QEpAVSy5e3VyDZqKfJys/edit#gid=0"
            },
            "columns": {
              "mappingMode": "defineBelow",
              "value": {
                "row_number": "={{ $('Google Sheets1').item.json.row_number }}",
                "Dados_Anexados": "Ô£ö´©Å"
              },
              "matchingColumns": [
                "row_number"
              ],
              "schema": [
                {
                  "id": "N┬░ Pedido",
                  "displayName": "N┬░ Pedido",
                  "required": false,
                  "defaultMatch": false,
                  "display": true,
                  "type": "string",
                  "canBeUsedToMatch": true
                },
                {
                  "id": "Titular do Ingresso",
                  "displayName": "Titular do Ingresso",
                  "required": false,
                  "defaultMatch": false,
                  "display": true,
                  "type": "string",
                  "canBeUsedToMatch": true
                },
                {
                  "id": "Participante",
                  "displayName": "Participante",
                  "required": false,
                  "defaultMatch": false,
                  "display": true,
                  "type": "string",
                  "canBeUsedToMatch": true
                },
                {
                  "id": "Whatsapp",
                  "displayName": "Whatsapp",
                  "required": false,
                  "defaultMatch": false,
                  "display": true,
                  "type": "string",
                  "canBeUsedToMatch": true
                },
                {
                  "id": "CPF",
                  "displayName": "CPF",
                  "required": false,
                  "defaultMatch": false,
                  "display": true,
                  "type": "string",
                  "canBeUsedToMatch": true
                },
                {
                  "id": "T-shirts",
                  "displayName": "T-shirts",
                  "required": false,
                  "defaultMatch": false,
                  "display": true,
                  "type": "string",
                  "canBeUsedToMatch": true
                },
                {
                  "id": "Vestido",
                  "displayName": "Vestido",
                  "required": false,
                  "defaultMatch": false,
                  "display": true,
                  "type": "string",
                  "canBeUsedToMatch": true
                },
                {
                  "id": "Assento",
                  "displayName": "Assento",
                  "required": false,
                  "defaultMatch": false,
                  "display": true,
                  "type": "string",
                  "canBeUsedToMatch": true
                },
                {
                  "id": "Valor",
                  "displayName": "Valor",
                  "required": false,
                  "defaultMatch": false,
                  "display": true,
                  "type": "string",
                  "canBeUsedToMatch": true
                },
                {
                  "id": "Envio Zap",
                  "displayName": "Envio Zap",
                  "required": false,
                  "defaultMatch": false,
                  "display": true,
                  "type": "string",
                  "canBeUsedToMatch": true,
                  "removed": false
                },
                {
                  "id": "Dados_Anexados",
                  "displayName": "Dados_Anexados",
                  "required": false,
                  "defaultMatch": false,
                  "display": true,
                  "type": "string",
                  "canBeUsedToMatch": true,
                  "removed": false
                },
                {
                  "id": "row_number",
                  "displayName": "row_number",
                  "required": false,
                  "defaultMatch": false,
                  "display": true,
                  "type": "string",
                  "canBeUsedToMatch": true,
                  "readOnly": true,
                  "removed": false
                }
              ],
              "attemptToConvertTypes": false,
              "convertFieldsToString": false
            },
            "options": {}
          },
          "type": "n8n-nodes-base.googleSheets",
          "typeVersion": 4.5,
          "position": [
            3424,
            32
          ],
          "id": "5501ea15-cb70-46ce-8454-a23c7ce1e06c",
          "name": "Status Enviado2"
        },
        {
          "parameters": {
            "operation": "update",
            "documentId": {
              "__rl": true,
              "value": "https://docs.google.com/spreadsheets/d/1VNxsR8TFlVG_cur9emPyg_5QEpAVSy5e3VyDZqKfJys",
              "mode": "url"
            },
            "sheetName": {
              "__rl": true,
              "value": "gid=0",
              "mode": "list",
              "cachedResultName": "ticket",
              "cachedResultUrl": "https://docs.google.com/spreadsheets/d/1VNxsR8TFlVG_cur9emPyg_5QEpAVSy5e3VyDZqKfJys/edit#gid=0"
            },
            "columns": {
              "mappingMode": "defineBelow",
              "value": {
                "row_number": "={{ $('Google Sheets1').item.json.row_number }}",
                "Dados_Anexados": "Ô£ö´©Å"
              },
              "matchingColumns": [
                "row_number"
              ],
              "schema": [
                {
                  "id": "N┬░ Pedido",
                  "displayName": "N┬░ Pedido",
                  "required": false,
                  "defaultMatch": false,
                  "display": true,
                  "type": "string",
                  "canBeUsedToMatch": true,
                  "removed": false
                },
                {
                  "id": "Titular do Ingresso",
                  "displayName": "Titular do Ingresso",
                  "required": false,
                  "defaultMatch": false,
                  "display": true,
                  "type": "string",
                  "canBeUsedToMatch": true
                },
                {
                  "id": "Participante",
                  "displayName": "Participante",
                  "required": false,
                  "defaultMatch": false,
                  "display": true,
                  "type": "string",
                  "canBeUsedToMatch": true
                },
                {
                  "id": "Whatsapp",
                  "displayName": "Whatsapp",
                  "required": false,
                  "defaultMatch": false,
                  "display": true,
                  "type": "string",
                  "canBeUsedToMatch": true
                },
                {
                  "id": "CPF",
                  "displayName": "CPF",
                  "required": false,
                  "defaultMatch": false,
                  "display": true,
                  "type": "string",
                  "canBeUsedToMatch": true
                },
                {
                  "id": "T-shirts",
                  "displayName": "T-shirts",
                  "required": false,
                  "defaultMatch": false,
                  "display": true,
                  "type": "string",
                  "canBeUsedToMatch": true
                },
                {
                  "id": "Vestido",
                  "displayName": "Vestido",
                  "required": false,
                  "defaultMatch": false,
                  "display": true,
                  "type": "string",
                  "canBeUsedToMatch": true
                },
                {
                  "id": "Assento",
                  "displayName": "Assento",
                  "required": false,
                  "defaultMatch": false,
                  "display": true,
                  "type": "string",
                  "canBeUsedToMatch": true
                },
                {
                  "id": "Valor",
                  "displayName": "Valor",
                  "required": false,
                  "defaultMatch": false,
                  "display": true,
                  "type": "string",
                  "canBeUsedToMatch": true
                },
                {
                  "id": "Envio Zap",
                  "displayName": "Envio Zap",
                  "required": false,
                  "defaultMatch": false,
                  "display": true,
                  "type": "string",
                  "canBeUsedToMatch": true,
                  "removed": false
                },
                {
                  "id": "Dados_Anexados",
                  "displayName": "Dados_Anexados",
                  "required": false,
                  "defaultMatch": false,
                  "display": true,
                  "type": "string",
                  "canBeUsedToMatch": true,
                  "removed": false
                },
                {
                  "id": "row_number",
                  "displayName": "row_number",
                  "required": false,
                  "defaultMatch": false,
                  "display": true,
                  "type": "string",
                  "canBeUsedToMatch": true,
                  "readOnly": true,
                  "removed": false
                }
              ],
              "attemptToConvertTypes": false,
              "convertFieldsToString": false
            },
            "options": {}
          },
          "type": "n8n-nodes-base.googleSheets",
          "typeVersion": 4.5,
          "position": [
            3424,
            208
          ],
          "id": "0029f347-b797-4ee9-bdbe-d678bc21fd89",
          "name": "Status N├úo Enviado2"
        },
        {
          "parameters": {
            "documentId": {
              "__rl": true,
              "value": "https://docs.google.com/spreadsheets/d/1VNxsR8TFlVG_cur9emPyg_5QEpAVSy5e3VyDZqKfJys",
              "mode": "url"
            },
            "sheetName": {
              "__rl": true,
              "value": "gid=0",
              "mode": "list",
              "cachedResultName": "ticket",
              "cachedResultUrl": "https://docs.google.com/spreadsheets/d/1VNxsR8TFlVG_cur9emPyg_5QEpAVSy5e3VyDZqKfJys/edit#gid=0"
            },
            "options": {}
          },
          "type": "n8n-nodes-base.googleSheets",
          "typeVersion": 4.5,
          "position": [
            1680,
            80
          ],
          "id": "265b774a-6f17-4696-a7e6-6f95f29833c7",
          "name": "Obtem Dados1"
        },
        {
          "parameters": {
            "operation": "get",
            "messageId": "={{ $json.id }}",
            "simple": false,
            "options": {
              "dataPropertyAttachmentsPrefixName": "attachment_"
            }
          },
          "type": "n8n-nodes-base.gmail",
          "typeVersion": 2.1,
          "position": [
            432,
            752
          ],
          "id": "730c745d-a7c4-45cb-82ac-fee17eeb7530",
          "name": "Gmail1",
          "webhookId": "4ce06ead-07b5-40d8-b9b8-1d8533a4dbd8"
        },
        {
          "parameters": {
            "pollTimes": {
              "item": [
                {
                  "mode": "everyMinute"
                }
              ]
            },
            "filters": {
              "labelIds": [
                "Label_5637990855623871743"
              ]
            }
          },
          "type": "n8n-nodes-base.gmailTrigger",
          "typeVersion": 1.2,
          "position": [
            224,
            752
          ],
          "id": "2fc216e7-c702-4d04-81e5-0c0e7ebe24d1",
          "name": "Gmail Trigger",
          "disabled": true
        },
        {
          "parameters": {
            "assignments": {
              "assignments": [
                {
                  "id": "2bf7f6db-68e1-474e-8d4a-c7e1ede2c3d3",
                  "name": "html",
                  "value": "={{ $json.html }}",
                  "type": "string"
                }
              ]
            },
            "options": {}
          },
          "type": "n8n-nodes-base.set",
          "typeVersion": 3.4,
          "position": [
            608,
            752
          ],
          "id": "2de13a9a-dcf8-4f49-b4e8-e5f234bee333",
          "name": "Edit Fields"
        },
        {
          "parameters": {
            "text": "={{ $json.html }}",
            "schemaType": "manual",
            "inputSchema": "[\n  {\n    \"qr_code_url\": \"https://querenhapuque.com/wp-content/uploads/fooevents/barcodes/p54cuQ7N-905615606-tn.png\",\n    \"ticket_number\": \"0001103\",\n    \"event_name\": \"Ingressos e Roupas para Caravanas\",\n    \"date_time\": \"12 abril 2025 - 13 abril 2025 19:00 -03 - 22:00 -03\",\n    \"price\": \"R$ 83,00\",\n    \"ticket_holder\": \"Anderson Araujo da Silva\",\n    \"participant\": \"Ricardo Almeida Santos\",\n    \"cpf\": \"33880708852\",\n    \"t_shirt_size\": \"PP-34\",\n    \"dress_size\": \"M-40\"\n  },\n  {\n    \"qr_code_url\": \"https://querenhapuque.com/wp-content/uploads/fooevents/barcodes/ouEw2Ff8-906256893-tn.png\",\n    \"ticket_number\": \"0001104\",\n    \"event_name\": \"Ingressos e Roupas para Caravanas\",\n    \"date_time\": \"12 abril 2025 - 13 abril 2025 19:00 -03 - 22:00 -03\",\n    \"price\": \"R$ 83,00\",\n    \"ticket_holder\": \"Anderson Araujo da Silva\",\n    \"participant\": \"Joao Aparecido Santos\",\n    \"cpf\": \"33880708853\",\n    \"t_shirt_size\": \"PP-34\",\n    \"dress_size\": \"M-40\"\n  },\n  {\n    \"qr_code_url\": \"https://querenhapuque.com/wp-content/uploads/fooevents/barcodes/kVezoYyS-907776809-tn.png\",\n    \"ticket_number\": \"0001105\",\n    \"event_name\": \"Ingressos e Roupas para Caravanas\",\n    \"date_time\": \"12 abril 2025 - 13 abril 2025 19:00 -03 - 22:00 -03\",\n    \"price\": \"R$ 83,00\",\n    \"ticket_holder\": \"Anderson Araujo da Silva\",\n    \"participant\": \"Patricia Karen Oliveira\",\n    \"cpf\": \"33880708854\",\n    \"t_shirt_size\": \"GG-44\",\n    \"dress_size\": \"GG-44\"\n  },\n  {\n    \"qr_code_url\": \"https://querenhapuque.com/wp-content/uploads/fooevents/barcodes/ZfhOwdeR-908450158-tn.png\",\n    \"ticket_number\": \"0001106\",\n    \"event_name\": \"Ingressos e Roupas para Caravanas\",\n    \"date_time\": \"12 abril 2025 - 13 abril 2025 19:00 -03 - 22:00 -03\",\n    \"price\": \"R$ 83,00\",\n    \"ticket_holder\": \"Anderson Araujo da Silva\",\n    \"participant\": \"Fernanda Maria Costa\",\n    \"cpf\": \"33880708854\",\n    \"t_shirt_size\": \"PP-34\",\n    \"dress_size\": \"M-40\"\n  },\n  {\n    \"qr_code_url\": \"https://querenhapuque.com/wp-content/uploads/fooevents/barcodes/1tnfrUwx-909718593-tn.png\",\n    \"ticket_number\": \"0001107\",\n    \"event_name\": \"Ingressos e Roupas para Caravanas\",\n    \"date_time\": \"12 abril 2025 - 13 abril 2025 19:00 -03 - 22:00 -03\",\n    \"price\": \"R$ 83,00\",\n    \"ticket_holder\": \"Anderson Araujo da Silva\",\n    \"participant\": \"Gabriel Santos\",\n    \"cpf\": \"33880708855\",\n    \"t_shirt_size\": \"P-36/38\",\n    \"dress_size\": \"M-40\"\n  }\n]",
            "options": {
              "systemPromptTemplate": "=\nExtrair dados de ingressos de HTML para JSON.\n\n**Campos a extrair por ingresso:**\n*   `qr_code_url` (src da imagem do QR code)\n*   `ticket_number` (n├║mero #XXXXXX perto do QR code, sem o #)\n*   `event_name` (T├¡tulo principal do evento, geralmente em `<h2>`)\n*   `date_time` (Data e hora do evento)\n*   `price` (Pre├ºo, ex: R$ 83,00)\n*   `ticket_holder` (Titular do ingresso)\n*   `participant` (Participante)\n*   `cpf` (CPF do participante)\n*   `t_shirt_size` (Tamanho da T-Shirt)\n*   `dress_size` (Tamanho do Vestido)\n\n**Sa├¡da:** Uma lista JSON, onde cada objeto representa um ingresso com os campos acima.\n\n**HTML:**\n```html\n<!DOCTYPE html PUBLIC ... (COLE O HTML COMPLETO AQUI) ... </html>"
            }
          },
          "id": "ae496aa1-2ed6-4e2a-a50d-91fed33d3a32",
          "name": "Information Extractor1",
          "type": "@n8n/n8n-nodes-langchain.informationExtractor",
          "position": [
            784,
            752
          ],
          "typeVersion": 1
        },
        {
          "parameters": {
            "options": {}
          },
          "id": "3cc52b59-82a8-4cbc-9604-129d6a75152f",
          "name": "OpenAI Chat Model1",
          "type": "@n8n/n8n-nodes-langchain.lmChatOpenAi",
          "position": [
            784,
            912
          ],
          "typeVersion": 1
        },
        {
          "parameters": {
            "fieldToSplitOut": "output",
            "options": {}
          },
          "id": "eb424d4c-5d03-41ce-9ef8-ee74813d4b2c",
          "name": "Split Out1",
          "type": "n8n-nodes-base.splitOut",
          "position": [
            1152,
            752
          ],
          "typeVersion": 1
        },
        {
          "parameters": {
            "text": "={{ $('Dados do Card1').item.json.desc }}",
            "schemaType": "manual",
            "inputSchema": "[\n  {\n    \"qr_code_url\": \"https://querenhapuque.com/wp-content/uploads/fooevents/barcodes/p54cuQ7N-905615606-tn.png\",\n    \"ticket_number\": \"0001103\",\n    \"event_name\": \"Ingressos e Roupas para Caravanas\",\n    \"date_time\": \"12 abril 2025 - 13 abril 2025 19:00 -03 - 22:00 -03\",\n    \"price\": \"R$ 83,00\",\n    \"ticket_holder\": \"Anderson Araujo da Silva\",\n    \"participant\": \"Ricardo Almeida Santos\",\n    \"cpf\": \"33880708852\",\n    \"t_shirt_size\": \"PP-34\",\n    \"dress_size\": \"M-40\"\n  },\n  {\n    \"qr_code_url\": \"https://querenhapuque.com/wp-content/uploads/fooevents/barcodes/ouEw2Ff8-906256893-tn.png\",\n    \"ticket_number\": \"0001104\",\n    \"event_name\": \"Ingressos e Roupas para Caravanas\",\n    \"date_time\": \"12 abril 2025 - 13 abril 2025 19:00 -03 - 22:00 -03\",\n    \"price\": \"R$ 83,00\",\n    \"ticket_holder\": \"Anderson Araujo da Silva\",\n    \"participant\": \"Joao Aparecido Santos\",\n    \"cpf\": \"33880708853\",\n    \"t_shirt_size\": \"PP-34\",\n    \"dress_size\": \"M-40\"\n  },\n  {\n    \"qr_code_url\": \"https://querenhapuque.com/wp-content/uploads/fooevents/barcodes/kVezoYyS-907776809-tn.png\",\n    \"ticket_number\": \"0001105\",\n    \"event_name\": \"Ingressos e Roupas para Caravanas\",\n    \"date_time\": \"12 abril 2025 - 13 abril 2025 19:00 -03 - 22:00 -03\",\n    \"price\": \"R$ 83,00\",\n    \"ticket_holder\": \"Anderson Araujo da Silva\",\n    \"participant\": \"Patricia Karen Oliveira\",\n    \"cpf\": \"33880708854\",\n    \"t_shirt_size\": \"GG-44\",\n    \"dress_size\": \"GG-44\"\n  },\n  {\n    \"qr_code_url\": \"https://querenhapuque.com/wp-content/uploads/fooevents/barcodes/ZfhOwdeR-908450158-tn.png\",\n    \"ticket_number\": \"0001106\",\n    \"event_name\": \"Ingressos e Roupas para Caravanas\",\n    \"date_time\": \"12 abril 2025 - 13 abril 2025 19:00 -03 - 22:00 -03\",\n    \"price\": \"R$ 83,00\",\n    \"ticket_holder\": \"Anderson Araujo da Silva\",\n    \"participant\": \"Fernanda Maria Costa\",\n    \"cpf\": \"33880708854\",\n    \"t_shirt_size\": \"PP-34\",\n    \"dress_size\": \"M-40\"\n  },\n  {\n    \"qr_code_url\": \"https://querenhapuque.com/wp-content/uploads/fooevents/barcodes/1tnfrUwx-909718593-tn.png\",\n    \"ticket_number\": \"0001107\",\n    \"event_name\": \"Ingressos e Roupas para Caravanas\",\n    \"date_time\": \"12 abril 2025 - 13 abril 2025 19:00 -03 - 22:00 -03\",\n    \"price\": \"R$ 83,00\",\n    \"ticket_holder\": \"Anderson Araujo da Silva\",\n    \"participant\": \"Gabriel Santos\",\n    \"cpf\": \"33880708855\",\n    \"t_shirt_size\": \"P-36/38\",\n    \"dress_size\": \"M-40\"\n  }\n]",
            "options": {
              "systemPromptTemplate": "=\nExtrair dados de ingressos de HTML para JSON.\n\n**Campos a extrair por ingresso:**\n*   `qr_code_url` (src da imagem do QR code)\n*   `ticket_number` (n├║mero #XXXXXX perto do QR code, sem o #)\n*   `event_name` (T├¡tulo principal do evento, geralmente em `<h2>`)\n*   `date_time` (Data e hora do evento)\n*   `price` (Pre├ºo, ex: R$ 83,00)\n*   `ticket_holder` (Titular do ingresso)\n*   `participant` (Participante)\n*   `cpf` (CPF do participante)\n*   `t_shirt_size` (Tamanho da T-Shirt)\n*   `dress_size` (Tamanho do Vestido)\n\n**Sa├¡da:** Uma lista JSON, onde cada objeto representa um ingresso com os campos acima.\n\n"
            }
          },
          "id": "76050b36-b721-4d9d-af13-035512178cdf",
          "name": "Information Extractor2",
          "type": "@n8n/n8n-nodes-langchain.informationExtractor",
          "position": [
            2048,
            704
          ],
          "typeVersion": 1
        },
        {
          "parameters": {
            "options": {}
          },
          "id": "8946ec93-a706-49e6-bbc8-26b108e79840",
          "name": "OpenAI Chat Model2",
          "type": "@n8n/n8n-nodes-langchain.lmChatOpenAi",
          "position": [
            2528,
            880
          ],
          "typeVersion": 1
        },
        {
          "parameters": {
            "operation": "get",
            "id": {
              "__rl": true,
              "value": "={{ $json.action.data.card.id }}",
              "mode": "id"
            },
            "additionalFields": {}
          },
          "type": "n8n-nodes-base.trello",
          "typeVersion": 1,
          "position": [
            1664,
            704
          ],
          "id": "d86e3346-7add-4266-8fa3-4d4705d73bb3",
          "name": "Dados do Card1"
        },
        {
          "parameters": {
            "id": "67955a7d98a9117ced9acb2c"
          },
          "type": "n8n-nodes-base.trelloTrigger",
          "typeVersion": 1,
          "position": [
            1504,
            704
          ],
          "id": "0b9ab80a-3544-4971-8003-53dcd4306702",
          "name": "Trello Trigger2",
          "webhookId": "18573bd2-bf74-4d68-849f-5aa23962b2e6"
        },
        {
          "parameters": {
            "operation": "text",
            "binaryPropertyName": "={{ $json.desc }}",
            "destinationKey": "=data",
            "options": {}
          },
          "type": "n8n-nodes-base.extractFromFile",
          "typeVersion": 1,
          "position": [
            1840,
            704
          ],
          "id": "c2c1f2a6-572d-4aa1-80ce-423c7b408e81",
          "name": "Extract from File1",
          "alwaysOutputData": true
        },
        {
          "parameters": {
            "id": "67955a7d98a9117ced9acb2c"
          },
          "type": "n8n-nodes-base.trelloTrigger",
          "typeVersion": 1,
          "position": [
            80,
            160
          ],
          "id": "a7b9fcc1-d5c4-43ee-84a8-d75f566bf2ea",
          "name": "Trello Trigger1",
          "webhookId": "18573bd2-bf74-4d68-849f-5aa23962b2e6",
          "disabled": true
        },
        {
          "parameters": {
            "fieldToSplitOut": "output",
            "options": {}
          },
          "id": "d6209024-25a5-4d78-a0eb-8b9a1f2a8ee4",
          "name": "Split Out2",
          "type": "n8n-nodes-base.splitOut",
          "position": [
            1520,
            928
          ],
          "typeVersion": 1
        },
        {
          "parameters": {
            "text": "={{ $json.data }}",
            "schemaType": "manual",
            "inputSchema": "[\n  {\n    \"qr_code_url\": \"string\",\n    \"ticket_number\": \"string\",\n    \"event_name\": \"string\",\n    \"date_time\": \"string\",\n    \"price\": \"string\",\n    \"ticket_holder\": \"string\",\n    \"participant\": \"string\",\n    \"cpf\": \"string\",\n    \"t_shirt_size\": \"string\",\n    \"dress_size\": \"string\"\n  }\n]",
            "options": {
              "systemPromptTemplate": "=1.  **Utilize o seguinte Template de URL com Placeholders (`MERGE_TAG`):**\n    ```html\n    <img src=\"https://img1.niftyimages.com/tg1h/9uo7/vfvp?CPF=MERGE_TAG&data_time=MERGE_TAG&event_name=MERGE_TAG&image=MERGE_TAG&Participante=MERGE_TAG&ticket_number=MERGE_TAG&Titular=MERGE_TAG&TShirts=MERGE_TAG&valor=MERGE_TAG&Vestidos=MERGE_TAG\" />\n    ```\n\n2.  **Mapeamento (Par├ómetro da URL = Chave do JSON):** Use o seguinte mapeamento para saber qual valor do JSON substituir em cada `MERGE_TAG` correspondente ao par├ómetro da URL:\n    *   `CPF` = valor de `cpf`\n    *   `data_time` = valor de `date_time`\n    *   `event_name` = valor de `event_name`\n    *   `image` = valor de `qr_code_url`\n    *   `Participante` = valor de `participant`\n    *   `ticket_number` = valor de `ticket_number`\n    *   `Titular` = valor de `ticket_holder`\n    *   `TShirts` = valor de `t_shirt_size`\n    *   `valor` = valor de `price`\n    *   `Vestidos` = valor de `dress_size`\n\n3.  **Processo para cada Ingresso:**\n\n    *   Itere sobre cada objeto (ingresso) no array de dados.\n    *   Para cada ingresso, pegue o template da tag `<img>`.\n    *   Para cada par├ómetro na URL (`CPF=MERGE_TAG`, `data_time=MERGE_TAG`, etc.):\n        \n\n4.  **Sa├¡da:** \n\nRetorne em formato JSON, contendo todas as tags `<img>` geradas (uma para cada ingresso).\n\n\n5. **tratamento**\nReceba um campo com um HTML como <img src=\"URL\" />\nExtraia s├│ a URL do src\nE retorne s├│ a URL limpa, para ser usada em outro node (tipo no Telegram, Email etc.)\n\n**Exemplo de Sa├¡da Esperada (para o primeiro ingresso)\n\nhttps://img1.niftyimages.com/tg1h/9uo7/vfvp?CPF=MERGE_TAG&data_time=MERGE_TAG&event_name=MERGE_TAG&image=MERGE_TAG&Participante=MERGE_TAG&ticket_number=MERGE_TAG&Titular=MERGE_TAG&TShirts=MERGE_TAG&valor=MERGE_TAG&Vestidos=MERGE_TAG"
            }
          },
          "id": "848567d5-e42f-42ff-9c79-caa262a38665",
          "name": "Information Extractor4",
          "type": "@n8n/n8n-nodes-langchain.informationExtractor",
          "position": [
            2064,
            928
          ],
          "typeVersion": 1
        },
        {
          "parameters": {
            "binaryPropertyName": "=data",
            "options": {}
          },
          "type": "n8n-nodes-base.convertToFile",
          "typeVersion": 1.1,
          "position": [
            1728,
            928
          ],
          "id": "9fae6452-d9fa-4278-a306-cccc52a98b15",
          "name": "convert3"
        },
        {
          "parameters": {
            "operation": "text",
            "binaryPropertyName": "=data",
            "destinationKey": "=data",
            "options": {}
          },
          "type": "n8n-nodes-base.extractFromFile",
          "typeVersion": 1,
          "position": [
            1888,
            928
          ],
          "id": "936d0d47-a68b-4837-98fc-2432de431066",
          "name": "Extract from File3",
          "alwaysOutputData": true
        },
        {
          "parameters": {
            "fieldToSplitOut": "output.img_tags",
            "include": "allOtherFields",
            "options": {}
          },
          "id": "ee803178-1b6a-492a-8a65-f24f0b4631d9",
          "name": "Split Out3",
          "type": "n8n-nodes-base.splitOut",
          "position": [
            1504,
            1200
          ],
          "typeVersion": 1
        },
        {
          "parameters": {},
          "type": "n8n-nodes-base.wait",
          "typeVersion": 1.1,
          "position": [
            2672,
            1200
          ],
          "id": "1825441f-88c6-4f50-a9b1-11a93ed8665c",
          "name": "Aguarde 5 segundos",
          "webhookId": "51eac38f-3ab2-422d-a009-924b307d7467"
        },
        {
          "parameters": {},
          "type": "n8n-nodes-evolution-api.evolutionApi",
          "typeVersion": 1,
          "position": [
            2448,
            1200
          ],
          "id": "a7d3dc3c-0c3d-460f-86b6-2d65789d294b",
          "name": "Evolution API",
          "credentials": {}
        },
        {
          "parameters": {
            "method": "=GET",
            "url": "={{ $json['output.img_tags'] }}",
            "options": {}
          },
          "id": "5670a3d8-2f03-434c-b201-4f11cb13ab9a",
          "name": "Download Imagem",
          "type": "n8n-nodes-base.httpRequest",
          "typeVersion": 3,
          "position": [
            1744,
            1200
          ]
        },
        {
          "parameters": {
            "operation": "binaryToPropery",
            "binaryPropertyName": "=data",
            "destinationKey": "base64",
            "options": {}
          },
          "type": "n8n-nodes-base.extractFromFile",
          "typeVersion": 1,
          "position": [
            1984,
            1200
          ],
          "id": "a07bf22f-8aab-480f-8b0f-258a016da8e6",
          "name": "Extract from File2"
        },
        {
          "parameters": {
            "options": {}
          },
          "type": "n8n-nodes-base.splitInBatches",
          "typeVersion": 3,
          "position": [
            2192,
            1184
          ],
          "id": "b6226a0b-503e-49ba-ba41-4e24d537aa72",
          "name": "Para cada contato3"
        }
      ],
      "connections": {
        "Para cada contato1": {
          "main": [
            [],
            [
              {
                "node": "Whatsap Mensagem1",
                "type": "main",
                "index": 0
              }
            ]
          ]
        },
        "Whatsap Mensagem1": {
          "main": [
            [
              {
                "node": "Texto Enviado com Sucesso1",
                "type": "main",
                "index": 0
              }
            ]
          ]
        },
        "Texto Enviado com Sucesso1": {
          "main": [
            [
              {
                "node": "Status Enviado1",
                "type": "main",
                "index": 0
              }
            ],
            [
              {
                "node": "Status N├úo Enviado1",
                "type": "main",
                "index": 0
              }
            ]
          ]
        },
        "Status Enviado1": {
          "main": [
            [
              {
                "node": "Aguarde 5 segundos1",
                "type": "main",
                "index": 0
              }
            ]
          ]
        },
        "Status N├úo Enviado1": {
          "main": [
            [
              {
                "node": "Aguarde 5 segundos1",
                "type": "main",
                "index": 0
              }
            ]
          ]
        },
        "Aguarde 5 segundos1": {
          "main": [
            [
              {
                "node": "Para cada contato1",
                "type": "main",
                "index": 0
              }
            ]
          ]
        },
        "Switch": {
          "main": [
            [
              {
                "node": "No Operation, do nothing",
                "type": "main",
                "index": 0
              }
            ]
          ]
        },
        "Embeddings OpenAI3": {
          "ai_embedding": [
            [
              {
                "node": "Postgres PGVector Store",
                "type": "ai_embedding",
                "index": 0
              }
            ]
          ]
        },
        "Convert to File1": {
          "main": [
            [
              {
                "node": "Postgres PGVector Store",
                "type": "main",
                "index": 0
              }
            ]
          ]
        },
        "Recursive Character Text Splitter1": {
          "ai_textSplitter": [
            [
              {
                "node": "Default Data Loader1",
                "type": "ai_textSplitter",
                "index": 0
              }
            ]
          ]
        },
        "Default Data Loader1": {
          "ai_document": [
            [
              {
                "node": "Postgres PGVector Store",
                "type": "ai_document",
                "index": 0
              }
            ]
          ]
        },
        "Switch1": {
          "main": [
            [
              {
                "node": "Status Enviado2",
                "type": "main",
                "index": 0
              }
            ],
            [
              {
                "node": "Status N├úo Enviado2",
                "type": "main",
                "index": 0
              }
            ]
          ]
        },
        "Split Out": {
          "main": [
            [
              {
                "node": "Para cada contato2",
                "type": "main",
                "index": 0
              }
            ]
          ]
        },
        "OpenAI Chat Model": {
          "ai_languageModel": [
            [
              {
                "node": "Information Extractor",
                "type": "ai_languageModel",
                "index": 0
              }
            ]
          ]
        },
        "Information Extractor": {
          "main": [
            [
              {
                "node": "Split Out",
                "type": "main",
                "index": 0
              }
            ]
          ]
        },
        "Dados do Card": {
          "main": [
            [
              {
                "node": "Extract from File",
                "type": "main",
                "index": 0
              }
            ]
          ]
        },
        "Google Sheets": {
          "main": [
            [
              {
                "node": "Aguarde 5 segundos2",
                "type": "main",
                "index": 0
              }
            ]
          ]
        },
        "Schedule Trigger1": {
          "main": [
            [
              {
                "node": "Google Sheets1",
                "type": "main",
                "index": 0
              }
            ]
          ]
        },
        "Schedule Trigger": {
          "main": [
            [
              {
                "node": "Obtem Dados1",
                "type": "main",
                "index": 0
              }
            ]
          ]
        },
        "Google Sheets1": {
          "main": [
            [
              {
                "node": "Switch1",
                "type": "main",
                "index": 0
              }
            ]
          ]
        },
        "Para cada contato2": {
          "main": [
            [],
            [
              {
                "node": "Google Sheets",
                "type": "main",
                "index": 0
              }
            ]
          ]
        },
        "Aguarde 5 segundos2": {
          "main": [
            [
              {
                "node": "Para cada contato2",
                "type": "main",
                "index": 0
              }
            ]
          ]
        },
        "Status Enviado2": {
          "main": [
            [
              {
                "node": "Convert to File1",
                "type": "main",
                "index": 0
              }
            ]
          ]
        },
        "Status N├úo Enviado2": {
          "main": [
            [
              {
                "node": "Convert to File1",
                "type": "main",
                "index": 0
              }
            ]
          ]
        },
        "No Operation, do nothing": {
          "main": [
            [
              {
                "node": "Para cada contato1",
                "type": "main",
                "index": 0
              }
            ]
          ]
        },
        "Obtem Dados1": {
          "main": [
            [
              {
                "node": "Switch",
                "type": "main",
                "index": 0
              }
            ]
          ]
        },
        "Gmail Trigger": {
          "main": [
            [
              {
                "node": "Gmail1",
                "type": "main",
                "index": 0
              }
            ]
          ]
        },
        "Gmail1": {
          "main": [
            [
              {
                "node": "Edit Fields",
                "type": "main",
                "index": 0
              }
            ]
          ]
        },
        "Edit Fields": {
          "main": [
            [
              {
                "node": "Information Extractor1",
                "type": "main",
                "index": 0
              }
            ]
          ]
        },
        "OpenAI Chat Model1": {
          "ai_languageModel": [
            [
              {
                "node": "Information Extractor1",
                "type": "ai_languageModel",
                "index": 0
              }
            ]
          ]
        },
        "Information Extractor1": {
          "main": [
            [
              {
                "node": "Split Out1",
                "type": "main",
                "index": 0
              }
            ]
          ]
        },
        "Information Extractor2": {
          "main": [
            [
              {
                "node": "Split Out2",
                "type": "main",
                "index": 0
              }
            ]
          ]
        },
        "OpenAI Chat Model2": {
          "ai_languageModel": [
            [
              {
                "node": "Information Extractor2",
                "type": "ai_languageModel",
                "index": 0
              },
              {
                "node": "Information Extractor4",
                "type": "ai_languageModel",
                "index": 0
              }
            ]
          ]
        },
        "Trello Trigger2": {
          "main": [
            [
              {
                "node": "Dados do Card1",
                "type": "main",
                "index": 0
              }
            ]
          ]
        },
        "Dados do Card1": {
          "main": [
            [
              {
                "node": "Extract from File1",
                "type": "main",
                "index": 0
              }
            ]
          ]
        },
        "Extract from File1": {
          "main": [
            [
              {
                "node": "Information Extractor2",
                "type": "main",
                "index": 0
              }
            ]
          ]
        },
        "Trello Trigger1": {
          "main": [
            [
              {
                "node": "Dados do Card",
                "type": "main",
                "index": 0
              }
            ]
          ]
        },
        "Split Out2": {
          "main": [
            [
              {
                "node": "convert3",
                "type": "main",
                "index": 0
              }
            ]
          ]
        },
        "convert3": {
          "main": [
            [
              {
                "node": "Extract from File3",
                "type": "main",
                "index": 0
              }
            ]
          ]
        },
        "Extract from File3": {
          "main": [
            [
              {
                "node": "Information Extractor4",
                "type": "main",
                "index": 0
              }
            ]
          ]
        },
        "Information Extractor4": {
          "main": [
            [
              {
                "node": "Split Out3",
                "type": "main",
                "index": 0
              }
            ]
          ]
        },
        "Split Out3": {
          "main": [
            [
              {
                "node": "Download Imagem",
                "type": "main",
                "index": 0
              }
            ]
          ]
        },
        "Aguarde 5 segundos": {
          "main": [
            [
              {
                "node": "Para cada contato3",
                "type": "main",
                "index": 0
              }
            ]
          ]
        },
        "Download Imagem": {
          "main": [
            [
              {
                "node": "Extract from File2",
                "type": "main",
                "index": 0
              }
            ]
          ]
        },
        "Extract from File2": {
          "main": [
            [
              {
                "node": "Para cada contato3",
                "type": "main",
                "index": 0
              }
            ]
          ]
        },
        "Extract from File": {
          "main": [
            [
              {
                "node": "Information Extractor",
                "type": "main",
                "index": 0
              }
            ]
          ]
        }
      },
      "settings": {
        "executionOrder": "v1"
      },
      "staticData": null,
      "meta": {
        "templateCredsSetupCompleted": true
      },
      "pinData": {
        "Trello Trigger2": [
          {
            "json": {
              "model": {
                "id": "67955a7d98a9117ced9acb2c",
                "name": "PEDIDOS RECEBIDOS",
                "closed": false,
                "color": null,
                "idBoard": "67955a73ad28fa3d7c601886",
                "pos": 16384,
                "type": null,
                "datasource": {
                  "filter": false
                }
              },
              "action": {
                "id": "67f07285c862e03c3c4e5d87",
                "idMemberCreator": "58bd413f8d0bc4c938e0fca8",
                "data": {
                  "card": {
                    "pos": 8192,
                    "id": "67d713651d6553e90110aa62",
                    "name": "Seu(s) Ingresso(s)! do Pedido [#904]",
                    "idShort": 39,
                    "shortLink": "XQAUPPsV"
                  },
                  "old": {
                    "pos": 16384
                  },
                  "board": {
                    "id": "67955a73ad28fa3d7c601886",
                    "name": "INGRESSOS QUEREN",
                    "shortLink": "vyF75z5B"
                  },
                  "list": {
                    "id": "67955a7d98a9117ced9acb2c",
                    "name": "PEDIDOS RECEBIDOS"
                  }
                },
                "appCreator": null,
                "type": "updateCard",
                "date": "2025-04-05T00:00:05.024Z",
                "limits": null,
                "display": {
                  "translationKey": "action_moved_card_lower",
                  "entities": {
                    "card": {
                      "type": "card",
                      "id": "67d713651d6553e90110aa62",
                      "pos": 8192,
                      "shortLink": "XQAUPPsV",
                      "text": "Seu(s) Ingresso(s)! do Pedido [#904]"
                    },
                    "memberCreator": {
                      "type": "member",
                      "id": "58bd413f8d0bc4c938e0fca8",
                      "username": "andersondos7000",
                      "text": "Anderson Ara├║jo"
                    }
                  }
                },
                "memberCreator": {
                  "id": "58bd413f8d0bc4c938e0fca8",
                  "activityBlocked": false,
                  "avatarHash": "84d1b688225094bcb48e42a2f6157bce",
                  "avatarUrl": "https://trello-members.s3.amazonaws.com/58bd413f8d0bc4c938e0fca8/84d1b688225094bcb48e42a2f6157bce",
                  "fullName": "Anderson Ara├║jo",
                  "idMemberReferrer": null,
                  "initials": "AA",
                  "nonPublic": {},
                  "nonPublicAvailable": true,
                  "username": "andersondos7000"
                }
              },
              "webhook": {
                "id": "67f071ee183195f144491c85",
                "description": "n8n Webhook - 67955a7d98a9117ced9acb2c",
                "idModel": "67955a7d98a9117ced9acb2c",
                "callbackURL": "https://dinastia-n8n-webhook.cmbcrf.easypanel.host/webhook/18573bd2-bf74-4d68-849f-5aa23962b2e6/webhook",
                "active": true,
                "consecutiveFailures": 0,
                "firstConsecutiveFailDate": null
              }
            }
          }
        ]
      },
      "versionId": "50345edd-9c9b-4f0e-8e87-46de7038eb5e",
      "triggerCount": 0,
      "shared": [
        {
          "createdAt": "2025-10-04T06:24:58.415Z",
          "updatedAt": "2025-10-04T06:24:58.415Z",
          "role": "workflow:owner",
          "workflowId": "2D6xijRKwaHbUTup",
          "projectId": "TFVloDjzB4mlltZr"
        }
      ],
      "tags": []
    },
    {
      "createdAt": "2025-10-06T17:15:58.513Z",
      "updatedAt": "2025-10-12T03:26:10.305Z",
      "id": "QTwAASblYvAl6hgb",
      "name": "ver depois",
      "active": false,
      "isArchived": true,
      "nodes": [
        {
          "parameters": {
            "options": {}
          },
          "type": "@n8n/n8n-nodes-langchain.mcpClientTool",
          "typeVersion": 1.1,
          "position": [
            0,
            -16
          ],
          "id": "bbdc28a3-4703-46f4-90c4-753a7c0f6c86",
          "name": "MCP Pedido Tool"
        },
        {
          "parameters": {
            "options": {}
          },
          "type": "@n8n/n8n-nodes-langchain.mcpClientTool",
          "typeVersion": 1.1,
          "position": [
            -192,
            -32
          ],
          "id": "47416b31-80cb-4d4e-bffe-017d5b1b366f",
          "name": "MCP Calculator Tool"
        },
        {
          "parameters": {
            "options": {}
          },
          "type": "@n8n/n8n-nodes-langchain.mcpClientTool",
          "typeVersion": 1.1,
          "position": [
            176,
            -32
          ],
          "id": "02181b2c-9525-47b9-8420-439016842120",
          "name": "MCP FAQ Tool"
        },
        {
          "parameters": {
            "path": "vx-mcp-agent"
          },
          "type": "@n8n/n8n-nodes-langchain.mcpTrigger",
          "typeVersion": 2,
          "position": [
            -112,
            -240
          ],
          "id": "0a8676fc-753f-4975-bcad-03502ad50907",
          "name": "MCP Server Trigger",
          "webhookId": "vx-mcp-agent"
        },
        {
          "parameters": {
            "url": "https://api.some-service/sendMessage",
            "options": {}
          },
          "id": "222a9934-c065-4497-9d8f-889b8275d3cf",
          "name": "ENVIA MENSAGEM 1",
          "type": "n8n-nodes-base.httpRequest",
          "typeVersion": 1,
          "position": [
            176,
            320
          ]
        },
        {
          "parameters": {
            "functionCode": "// prepara envio do audio"
          },
          "id": "b06a4cef-3a51-41d4-949b-156ff2f0516a",
          "name": "envio_audio",
          "type": "n8n-nodes-base.function",
          "typeVersion": 1,
          "position": [
            176,
            160
          ]
        },
        {
          "parameters": {
            "mode": "passThrough"
          },
          "id": "163fa7ea-ffd0-413e-ac1a-2a1a0b464e06",
          "name": "Merge",
          "type": "n8n-nodes-base.merge",
          "typeVersion": 1,
          "position": [
            -96,
            224
          ]
        },
        {
          "parameters": {
            "options": {}
          },
          "id": "e948b7d7-70a3-440f-b528-0189ebbc60ae",
          "name": "campos_texto1",
          "type": "n8n-nodes-base.set",
          "typeVersion": 1,
          "position": [
            -336,
            320
          ]
        },
        {
          "parameters": {
            "options": {}
          },
          "id": "e8c09018-820d-4f3b-bc3b-8c597eb16bf0",
          "name": "campos_texto",
          "type": "n8n-nodes-base.set",
          "typeVersion": 1,
          "position": [
            -336,
            160
          ]
        },
        {
          "parameters": {
            "url": "https://api.openai.com/v1/whatever",
            "options": {}
          },
          "id": "3f26c783-d7c8-4fb6-9676-5defefed8336",
          "name": "OpenAI",
          "type": "n8n-nodes-base.httpRequest",
          "typeVersion": 1,
          "position": [
            -576,
            160
          ]
        },
        {
          "parameters": {
            "options": {}
          },
          "id": "209bd297-7062-4863-a54a-75bc369d22b1",
          "name": "Convert to File1",
          "type": "n8n-nodes-base.writeBinaryFile",
          "typeVersion": 1,
          "position": [
            -816,
            160
          ]
        },
        {
          "parameters": {
            "options": {}
          },
          "id": "7c3b64e3-4284-45ee-a400-8d82fd7197de",
          "name": "Campos Audio",
          "type": "n8n-nodes-base.set",
          "typeVersion": 1,
          "position": [
            -1056,
            160
          ]
        },
        {
          "parameters": {
            "functionCode": "// divisor"
          },
          "id": "3cb0ae45-1c1a-4d7e-a875-007177565cb9",
          "name": "Divisor Texto|Audio",
          "type": "n8n-nodes-base.function",
          "typeVersion": 1,
          "position": [
            -1296,
            160
          ]
        },
        {
          "parameters": {
            "functionCode": "// seguran├ºa"
          },
          "id": "97775d30-846a-4829-ae01-0939d5758d22",
          "name": "Seguran├ºa",
          "type": "n8n-nodes-base.function",
          "typeVersion": 1,
          "position": [
            -1536,
            160
          ]
        },
        {
          "parameters": {
            "httpMethod": "POST",
            "path": "webhook-path",
            "options": {}
          },
          "id": "821cc895-79cf-4838-8bcb-be3c3fbf5645",
          "name": "Webhook",
          "type": "n8n-nodes-base.webhook",
          "typeVersion": 1,
          "position": [
            -1776,
            160
          ],
          "webhookId": "aba36288-a36e-4ae0-a03f-834bd524fbfe"
        }
      ],
      "connections": {
        "MCP Pedido Tool": {
          "ai_tool": [
            [
              {
                "node": "MCP Server Trigger",
                "type": "ai_tool",
                "index": 0
              }
            ]
          ]
        },
        "MCP Calculator Tool": {
          "ai_tool": [
            [
              {
                "node": "MCP Server Trigger",
                "type": "ai_tool",
                "index": 0
              }
            ]
          ]
        },
        "MCP FAQ Tool": {
          "ai_tool": [
            [
              {
                "node": "MCP Server Trigger",
                "type": "ai_tool",
                "index": 0
              }
            ]
          ]
        },
        "OpenAI": {
          "main": [
            [
              {
                "node": "campos_texto1",
                "type": "main",
                "index": 0
              }
            ]
          ]
        },
        "Convert to File1": {
          "main": [
            [
              {
                "node": "OpenAI",
                "type": "main",
                "index": 0
              }
            ]
          ]
        },
        "Campos Audio": {
          "main": [
            [
              {
                "node": "Convert to File1",
                "type": "main",
                "index": 0
              }
            ]
          ]
        },
        "Divisor Texto|Audio": {
          "main": [
            [
              {
                "node": "campos_texto",
                "type": "main",
                "index": 0
              },
              {
                "node": "Campos Audio",
                "type": "main",
                "index": 0
              }
            ]
          ]
        },
        "Seguran├ºa": {
          "main": [
            [
              {
                "node": "Divisor Texto|Audio",
                "type": "main",
                "index": 0
              }
            ]
          ]
        },
        "Webhook": {
          "main": [
            [
              {
                "node": "Seguran├ºa",
                "type": "main",
                "index": 0
              }
            ]
          ]
        }
      },
      "settings": {
        "executionOrder": "v1"
      },
      "staticData": null,
      "meta": null,
      "pinData": {},
      "versionId": "1bbec149-6512-4a0c-be5d-475a72a01e04",
      "triggerCount": 0,
      "shared": [
        {
          "createdAt": "2025-10-06T17:15:58.513Z",
          "updatedAt": "2025-10-06T17:15:58.513Z",
          "role": "workflow:owner",
          "workflowId": "QTwAASblYvAl6hgb",
          "projectId": "TFVloDjzB4mlltZr"
        }
      ],
      "tags": []
    },
    {
      "createdAt": "2025-10-06T20:42:13.147Z",
      "updatedAt": "2025-10-12T03:25:51.763Z",
      "id": "otsvN2fONY02D6FG",
      "name": "Do Google Drive ao Instagram, TikTok e YouTube com descri├º├Áes de IA e rastreamento Airtable",
      "active": false,
      "isArchived": true,
      "nodes": [
        {
          "parameters": {
            "assignments": {
              "assignments": [
                {
                  "id": "cd270863-aa35-418c-a0ae-1b5878eee2ed",
                  "name": "airtable_app_id",
                  "type": "string",
                  "value": "add_airtable_app_id"
                },
                {
                  "id": "00ef91b2-8a4c-42bb-a46f-f7eb06e861e8",
                  "name": "airtable_table_id",
                  "type": "string",
                  "value": "add_airtable_table_id"
                },
                {
                  "id": "21b5d3ad-ff81-407e-8c4e-53bda8a16e0e",
                  "name": "upload_post_user",
                  "type": "string",
                  "value": "test2"
                }
              ]
            },
            "options": {}
          },
          "id": "0c24efda-4766-448d-b51e-24111e49b5a2",
          "name": "Set Variables",
          "type": "n8n-nodes-base.set",
          "position": [
            1744,
            352
          ],
          "typeVersion": 3.4
        },
        {
          "parameters": {
            "pollTimes": {
              "item": [
                {
                  "mode": "everyMinute"
                }
              ]
            },
            "triggerOn": "specificFolder",
            "folderToWatch": {
              "__rl": true,
              "mode": "list",
              "value": "18m0i341QLQuyWuHv_FBdz8-r-QDtofYm",
              "cachedResultUrl": "https://drive.google.com/drive/folders/18m0i341QLQuyWuHv_FBdz8-r-QDtofYm",
              "cachedResultName": "Influencersde"
            },
            "event": "fileCreated",
            "options": {}
          },
          "id": "030d4a6d-bcb5-4871-b903-7f3ca3afd65c",
          "name": "Google Drive Trigger",
          "type": "n8n-nodes-base.googleDriveTrigger",
          "position": [
            352,
            352
          ],
          "typeVersion": 1
        },
        {
          "parameters": {
            "authentication": "oAuth2",
            "operation": "download",
            "fileId": {
              "__rl": true,
              "mode": "",
              "value": "={{ $json.id || $json.data[0].id }}"
            },
            "options": {}
          },
          "id": "9a434c4c-974a-4dd8-a5a3-e1de2c153984",
          "name": "Google Drive",
          "type": "n8n-nodes-base.googleDrive",
          "position": [
            512,
            352
          ],
          "retryOnFail": true,
          "typeVersion": 1,
          "waitBetweenTries": 5000
        },
        {
          "parameters": {
            "authentication": "airtableTokenApi",
            "operation": "append",
            "application": {
              "__rl": true,
              "mode": "id",
              "value": "={{ $('Set Variables').item.json.airtable_app_id }}"
            },
            "table": {
              "__rl": true,
              "mode": "id",
              "value": "={{ $('Set Variables').item.json.airtable_table_id }}"
            },
            "addAllFields": false,
            "fields": [
              "Video Name"
            ],
            "options": {}
          },
          "id": "b13db764-6823-442a-b881-c9e64e5b8d67",
          "name": "Create Airtable Record",
          "type": "n8n-nodes-base.airtable",
          "position": [
            1952,
            352
          ],
          "typeVersion": 1
        },
        {
          "parameters": {},
          "id": "a6b143f3-8df5-4eed-ab07-c1415c855974",
          "name": "Error Trigger",
          "type": "n8n-nodes-base.errorTrigger",
          "position": [
            848,
            688
          ],
          "typeVersion": 1
        },
        {
          "parameters": {
            "text": "=­ƒöö ERROR SUBIENDO VIDEOS",
            "additionalFields": {
              "appendAttribution": false
            }
          },
          "id": "48761587-3883-4927-bf5a-a9def3339ead",
          "name": "Telegram",
          "type": "n8n-nodes-base.telegram",
          "position": [
            1184,
            672
          ],
          "webhookId": "f6729386-9905-45f1-800f-4fe01a06ac9c",
          "retryOnFail": true,
          "typeVersion": 1.2,
          "waitBetweenTries": 5000
        },
        {
          "parameters": {
            "conditions": {
              "options": {
                "version": 1,
                "leftValue": "",
                "caseSensitive": true,
                "typeValidation": "strict"
              },
              "combinator": "and",
              "conditions": [
                {
                  "id": "9fadb3fd-2547-42bd-8f40-f410a97dcf57",
                  "operator": {
                    "type": "string",
                    "operation": "notContains"
                  },
                  "leftValue": "={{ $json.trigger.error.message }}",
                  "rightValue": "The DNS server returned an error, perhaps the server is offline"
                }
              ]
            },
            "options": {}
          },
          "id": "0b37c3fd-d523-489b-a146-1065bcf9e9b0",
          "name": "If",
          "type": "n8n-nodes-base.if",
          "position": [
            992,
            688
          ],
          "typeVersion": 2.1
        },
        {
          "parameters": {
            "content": "## Descri├º├úo\nEsta automa├º├úo permite que voc├¬ carregue um v├¡deo em uma pasta configurada do Google Drive, criando descri├º├Áes automaticamente e enviando-as para o Instagram, TikTok e YouTube com o rastreamento do Airtable.\n\n## Como usar\n1. Configure sua base do Airtable e os IDs da tabela no n├│ \"Definir vari├íveis\"\n2. Configure os campos do Airtable: Nome do v├¡deo, Link do Google Drive, ID do arquivo, Status do Instagram, Status do TikTok, Status do YouTube, Data de upload, Descri├º├úo\n3. Gere um token de API em upload-post.com e adicione aos n├│s de upload\n4. Configure sua pasta do Google Drive\n5. Personalize o prompt do OpenAI para o seu caso de uso espec├¡fico\n6. Opcional: Configure o Telegram para notifica├º├Áes de erro\n\n## Requisitos\n- Conta Airtable com base configurada\n- Conta upload-post.com\n- Conta do Google Drive\n- Chave de API do OpenAI",
            "height": 300,
            "width": 860
          },
          "id": "3efd353b-bed1-4633-b486-fe06dd0e05ca",
          "name": "Sticky Note",
          "type": "n8n-nodes-base.stickyNote",
          "position": [
            0,
            0
          ],
          "typeVersion": 1
        },
        {
          "parameters": {
            "resource": "audio",
            "operation": "transcribe",
            "options": {}
          },
          "id": "5b15d90e-3c03-46bd-af14-717c42abddc8",
          "name": "Get Audio from Video",
          "type": "@n8n/n8n-nodes-langchain.openAi",
          "position": [
            1152,
            352
          ],
          "notesInFlow": true,
          "retryOnFail": true,
          "typeVersion": 1,
          "waitBetweenTries": 5000,
          "notes": "Extract the audio from video for generate the description"
        },
        {
          "parameters": {
            "fileName": "={{ $json.originalFilename.replaceAll(\" \", \"_\") }}",
            "options": {}
          },
          "id": "05893ebd-b60a-435a-8c0d-0d8fe2383372",
          "name": "Read video from Google Drive",
          "type": "n8n-nodes-base.writeBinaryFile",
          "position": [
            720,
            352
          ],
          "typeVersion": 1
        },
        {
          "parameters": {
            "modelId": {
              "__rl": true,
              "mode": "list",
              "value": "gpt-4o",
              "cachedResultName": "GPT-4O"
            },
            "messages": {
              "values": [
                {
                  "content": "You are an expert assistant in creating engaging social media video titles.",
                  "role": "system"
                },
                {
                  "content": "=I'm going to upload a video to social media. Here are some examples of descriptions that have worked well on Instagram:\n\nFollow and save for later. Discover InfluencersDe, the AI tool that automates TikTok creation and publishing to drive traffic to your website. Perfect for entrepreneurs and brands.\n#digitalmarketing #ugc #tiktok #ai #influencersde #contentcreation\n\nDiscover the video marketing revolution with InfluencersDe!\n.\n.\n.\n#socialmedia #videomarketing #ai #tiktok #influencersde #growthhacking\n\nDon't miss InfluencersDe, the tool that transforms your marketing strategy with just one click!\n.\n.\n.\n#ugc #ai #tiktok #digitalmarketing #influencersde #branding\n\nCan you create another title for the Instagram post based on this recognized audio from the video?\n\nAudio: {{ $('Get Audio from Video').item.json.text }}\n\nIMPORTANT: Reply only with the description, don't add anything else."
                }
              ]
            },
            "options": {}
          },
          "id": "57fd106c-9436-445e-85f4-4d941bc393bc",
          "name": "Generate Description for Videos",
          "type": "@n8n/n8n-nodes-langchain.openAi",
          "position": [
            1360,
            352
          ],
          "notesInFlow": true,
          "retryOnFail": true,
          "typeVersion": 1.4,
          "waitBetweenTries": 5000,
          "notes": "Request to OpenAi for generate description with the audio extracted from the video"
        },
        {
          "parameters": {
            "authentication": "airtableTokenApi",
            "operation": "update",
            "application": {
              "__rl": true,
              "mode": "",
              "value": "={{ $('Set Variables').item.json.airtable_app_id }}"
            },
            "table": {
              "__rl": true,
              "mode": "",
              "value": "={{ $('Set Variables').item.json.airtable_table_id }}"
            },
            "id": "={{ $('Create Airtable Record').item.json.id }}",
            "updateAllFields": false,
            "fields": [
              "Description",
              "Video Name",
              "Google Drive Links",
              "Upload Date"
            ],
            "options": {}
          },
          "id": "7cb701f8-94cb-417b-a402-f056d77e595b",
          "name": "Update Airtable with Description",
          "type": "n8n-nodes-base.airtable",
          "position": [
            2320,
            352
          ],
          "typeVersion": 1
        },
        {
          "parameters": {
            "filePath": "={{ $('Read video from Google Drive').item.json.originalFilename.replaceAll(\" \", \"_\") }}",
            "dataPropertyName": "datavideo"
          },
          "id": "e5648a9d-19c8-4336-a24a-e1d392522fb3",
          "name": "Read Video for TikTok",
          "type": "n8n-nodes-base.readBinaryFile",
          "position": [
            2848,
            112
          ],
          "typeVersion": 1
        },
        {
          "parameters": {
            "filePath": "={{ $('Read video from Google Drive').item.json.originalFilename.replaceAll(\" \", \"_\") }}",
            "dataPropertyName": "datavideo"
          },
          "id": "01f24ebb-dea6-4441-b7fc-90c6c105a308",
          "name": "Read Video for Instagram",
          "type": "n8n-nodes-base.readBinaryFile",
          "position": [
            2832,
            400
          ],
          "typeVersion": 1
        },
        {
          "parameters": {
            "filePath": "={{ $('Read video from Google Drive').item.json.originalFilename.replaceAll(\" \", \"_\") }}",
            "dataPropertyName": "datavideo"
          },
          "id": "a8e00074-b8a0-4991-bd6e-5976a382bbfc",
          "name": "Read Video for YouTube",
          "type": "n8n-nodes-base.readBinaryFile",
          "position": [
            2832,
            672
          ],
          "typeVersion": 1
        },
        {
          "parameters": {
            "method": "POST",
            "url": "https://api.upload-post.com/api/upload",
            "authentication": "genericCredentialType",
            "genericAuthType": "httpHeaderAuth",
            "sendBody": true,
            "contentType": "multipart-form-data",
            "bodyParameters": {
              "parameters": [
                {
                  "name": "title",
                  "value": "={{ $('Generate Description for Videos').item.json.message.content.replaceAll(\"\\\"\", \"\") }}"
                },
                {
                  "name": "platform[]",
                  "value": "tiktok"
                },
                {
                  "parameterType": "formBinaryData",
                  "name": "video",
                  "inputDataFieldName": "datavideo"
                },
                {
                  "name": "user",
                  "value": "={{ $('Set Variables').item.json.upload_post_user }}"
                }
              ]
            },
            "options": {}
          },
          "id": "6ec7d9cd-91aa-44e4-a125-b82205d16e2c",
          "name": "Upload Video to TikTok",
          "type": "n8n-nodes-base.httpRequest",
          "position": [
            3088,
            112
          ],
          "notesInFlow": true,
          "typeVersion": 4.2,
          "notes": "Generate in upload-post.com the token and add to the credentials in the header-> Authorization: Apikey (token here)"
        },
        {
          "parameters": {
            "method": "POST",
            "url": "https://api.upload-post.com/api/upload",
            "authentication": "genericCredentialType",
            "genericAuthType": "httpHeaderAuth",
            "sendBody": true,
            "contentType": "multipart-form-data",
            "bodyParameters": {
              "parameters": [
                {
                  "name": "title",
                  "value": "={{ $('Generate Description for Videos').item.json.message.content.replaceAll(\"\\\"\", \"\") }}"
                },
                {
                  "name": "platform[]",
                  "value": "instagram"
                },
                {
                  "parameterType": "formBinaryData",
                  "name": "video",
                  "inputDataFieldName": "datavideo"
                },
                {
                  "name": "user",
                  "value": "={{ $('Set Variables').item.json.upload_post_user }}"
                }
              ]
            },
            "options": {}
          },
          "id": "285206c0-3a13-4176-a565-d1028264ef50",
          "name": "Upload Video to Instagram",
          "type": "n8n-nodes-base.httpRequest",
          "position": [
            3088,
            400
          ],
          "notesInFlow": true,
          "typeVersion": 4.2,
          "notes": "Generate in upload-post.com the token and add to the credentials in the header-> Authorization: Apikey (token here)"
        },
        {
          "parameters": {
            "method": "POST",
            "url": "https://api.upload-post.com/api/upload",
            "authentication": "genericCredentialType",
            "genericAuthType": "httpHeaderAuth",
            "sendBody": true,
            "contentType": "multipart-form-data",
            "bodyParameters": {
              "parameters": [
                {
                  "name": "title",
                  "value": "={{ $('Generate Description for Videos').item.json.message.content.replaceAll(\"\\\"\", \"\").substring(0, 70) }}\n"
                },
                {
                  "name": "platform[]",
                  "value": "youtube"
                },
                {
                  "parameterType": "formBinaryData",
                  "name": "video",
                  "inputDataFieldName": "datavideo"
                },
                {
                  "name": "user",
                  "value": "={{ $('Set Variables').item.json.upload_post_user }}"
                }
              ]
            },
            "options": {}
          },
          "id": "88e447cd-014f-4ed1-804a-d83e78623954",
          "name": "Upload Video to YouTube",
          "type": "n8n-nodes-base.httpRequest",
          "position": [
            3088,
            672
          ],
          "notesInFlow": true,
          "typeVersion": 4.2,
          "notes": "Generate in upload-post.com the token and add to the credentials in the header-> Authorization: Apikey (token here)"
        },
        {
          "parameters": {
            "authentication": "airtableTokenApi",
            "operation": "update",
            "application": {
              "__rl": true,
              "mode": "",
              "value": "={{ $('Set Variables').item.json.airtable_app_id }}"
            },
            "table": {
              "__rl": true,
              "mode": "",
              "value": "={{ $('Set Variables').item.json.airtable_table_id }}"
            },
            "id": "={{ $('Create Airtable Record').item.json.id }}",
            "updateAllFields": false,
            "fields": [
              "YouTube Status",
              "Youtube URL"
            ],
            "options": {}
          },
          "id": "5004d409-742c-4947-895b-08e10a2a9e7c",
          "name": "Update YouTube Status - Success",
          "type": "n8n-nodes-base.airtable",
          "position": [
            3552,
            672
          ],
          "typeVersion": 1
        },
        {
          "parameters": {
            "authentication": "airtableTokenApi",
            "operation": "update",
            "application": {
              "__rl": true,
              "mode": "",
              "value": "={{ $('Set Variables').item.json.airtable_app_id }}"
            },
            "table": {
              "__rl": true,
              "mode": "",
              "value": "={{ $('Set Variables').item.json.airtable_table_id }}"
            },
            "id": "={{ $('Create Airtable Record').item.json.id }}",
            "updateAllFields": false,
            "fields": [
              "TikTok Status",
              "Tiktok URL"
            ],
            "options": {}
          },
          "id": "9c29a649-a907-490b-9640-78bc489f376d",
          "name": "Update TikTok Status",
          "type": "n8n-nodes-base.airtable",
          "position": [
            3552,
            112
          ],
          "typeVersion": 1
        },
        {
          "parameters": {
            "authentication": "airtableTokenApi",
            "operation": "update",
            "application": {
              "__rl": true,
              "mode": "",
              "value": "={{ $('Set Variables').item.json.airtable_app_id }}"
            },
            "table": {
              "__rl": true,
              "mode": "",
              "value": "={{ $('Set Variables').item.json.airtable_table_id }}"
            },
            "id": "={{ $('Create Airtable Record').item.json.id }}",
            "updateAllFields": false,
            "fields": [
              "Instagram Status",
              "Instagram URL"
            ],
            "options": {}
          },
          "id": "1c9394c3-ebc1-4675-bfb4-748abcb3791d",
          "name": "Update Instagram Status",
          "type": "n8n-nodes-base.airtable",
          "position": [
            3552,
            400
          ],
          "typeVersion": 1
        },
        {
          "parameters": {
            "assignments": {
              "assignments": [
                {
                  "id": "e611aba1-e55c-4221-b03b-04008a04fa9c",
                  "name": "ID",
                  "type": "string",
                  "value": "={{ $('Update Airtable with Description').item.json.id }}"
                },
                {
                  "id": "47f61cd2-6dd6-4714-b772-3e0537accecd",
                  "name": "TikTok Status",
                  "type": "string",
                  "value": "=success: {{ $json.results.tiktok.success }}"
                },
                {
                  "id": "12829ca5-2780-4779-be0c-ff1712c012d8",
                  "name": "Tiktok URL",
                  "type": "string",
                  "value": "={{ $json.results.tiktok?.url || \"error\" }}"
                }
              ]
            },
            "options": {}
          },
          "id": "12ab9a22-5a6b-4c30-9c57-42c46ba91513",
          "name": "Edit Airtable Fields",
          "type": "n8n-nodes-base.set",
          "position": [
            3328,
            112
          ],
          "typeVersion": 3.4
        },
        {
          "parameters": {
            "assignments": {
              "assignments": [
                {
                  "id": "e611aba1-e55c-4221-b03b-04008a04fa9c",
                  "name": "ID",
                  "type": "string",
                  "value": "={{ $('Update Airtable with Description').item.json.id }}"
                },
                {
                  "id": "47f61cd2-6dd6-4714-b772-3e0537accecd",
                  "name": "Instagram Status",
                  "type": "string",
                  "value": "=success: {{ $json.results.instagram.success }}"
                },
                {
                  "id": "12829ca5-2780-4779-be0c-ff1712c012d8",
                  "name": "Instagram URL",
                  "type": "string",
                  "value": "={{ $json.results.instagram?.url || \"error\" }}"
                }
              ]
            },
            "options": {}
          },
          "id": "cfa0ba26-2e6e-4e96-a6d8-3d81bb37a9b9",
          "name": "Edit Airtable Fields 2",
          "type": "n8n-nodes-base.set",
          "position": [
            3328,
            400
          ],
          "typeVersion": 3.4
        },
        {
          "parameters": {
            "assignments": {
              "assignments": [
                {
                  "id": "e611aba1-e55c-4221-b03b-04008a04fa9c",
                  "name": "ID",
                  "type": "string",
                  "value": "={{ $('Update Airtable with Description').item.json.id }}"
                },
                {
                  "id": "47f61cd2-6dd6-4714-b772-3e0537accecd",
                  "name": "YouTube Status",
                  "type": "string",
                  "value": "=success: {{ $json.results.youtube.success }}"
                },
                {
                  "id": "12829ca5-2780-4779-be0c-ff1712c012d8",
                  "name": "Youtube URL",
                  "type": "string",
                  "value": "={{ $json.results.youtube?.url || \"error\" }}"
                }
              ]
            },
            "options": {}
          },
          "id": "3438f8e1-5ada-45b7-b740-b61b3ec05b92",
          "name": "Edit Airtable Fields 3",
          "type": "n8n-nodes-base.set",
          "position": [
            3328,
            672
          ],
          "typeVersion": 3.4
        },
        {
          "parameters": {
            "assignments": {
              "assignments": [
                {
                  "id": "e611aba1-e55c-4221-b03b-04008a04fa9c",
                  "name": "ID",
                  "type": "string",
                  "value": "={{ $json.id }}"
                },
                {
                  "id": "47f61cd2-6dd6-4714-b772-3e0537accecd",
                  "name": "Description",
                  "type": "string",
                  "value": "={{ $('Generate Description for Videos').item.json.message.content }}"
                },
                {
                  "id": "f44cc764-ed17-48c3-80e4-c320c6c67a7c",
                  "name": "Video Name",
                  "type": "string",
                  "value": "={{ $('Google Drive').item.json.originalFilename }}"
                },
                {
                  "id": "432688c0-d430-4e83-852c-91aad7b4ea79",
                  "name": "Google Drive Links",
                  "type": "string",
                  "value": "={{ $('Google Drive').item.json.webViewLink }}"
                },
                {
                  "id": "8804ac95-05d7-48e2-a49d-60213131ec62",
                  "name": "Upload Date",
                  "type": "string",
                  "value": "={{ $now }}"
                },
                {
                  "id": "12829ca5-2780-4779-be0c-ff1712c012d8",
                  "name": "",
                  "type": "string",
                  "value": ""
                }
              ]
            },
            "options": {}
          },
          "id": "b094ef6e-41e3-4e45-9724-14540d782a6e",
          "name": "Edit Airtable Fields1",
          "type": "n8n-nodes-base.set",
          "position": [
            2144,
            352
          ],
          "typeVersion": 3.4
        }
      ],
      "connections": {
        "Set Variables": {
          "main": [
            [
              {
                "node": "Create Airtable Record",
                "type": "main",
                "index": 0
              }
            ]
          ]
        },
        "Google Drive Trigger": {
          "main": [
            [
              {
                "node": "Google Drive",
                "type": "main",
                "index": 0
              }
            ]
          ]
        },
        "Google Drive": {
          "main": [
            [
              {
                "node": "Read video from Google Drive",
                "type": "main",
                "index": 0
              }
            ]
          ]
        },
        "Create Airtable Record": {
          "main": [
            [
              {
                "node": "Edit Airtable Fields1",
                "type": "main",
                "index": 0
              }
            ]
          ]
        },
        "Error Trigger": {
          "main": [
            [
              {
                "node": "If",
                "type": "main",
                "index": 0
              }
            ]
          ]
        },
        "If": {
          "main": [
            [
              {
                "node": "Telegram",
                "type": "main",
                "index": 0
              }
            ]
          ]
        },
        "Get Audio from Video": {
          "main": [
            [
              {
                "node": "Generate Description for Videos",
                "type": "main",
                "index": 0
              }
            ]
          ]
        },
        "Read video from Google Drive": {
          "main": [
            [
              {
                "node": "Get Audio from Video",
                "type": "main",
                "index": 0
              }
            ]
          ]
        },
        "Generate Description for Videos": {
          "main": [
            [
              {
                "node": "Set Variables",
                "type": "main",
                "index": 0
              }
            ]
          ]
        },
        "Update Airtable with Description": {
          "main": [
            [
              {
                "node": "Read Video for TikTok",
                "type": "main",
                "index": 0
              },
              {
                "node": "Read Video for Instagram",
                "type": "main",
                "index": 0
              },
              {
                "node": "Read Video for YouTube",
                "type": "main",
                "index": 0
              }
            ]
          ]
        },
        "Read Video for TikTok": {
          "main": [
            [
              {
                "node": "Upload Video to TikTok",
                "type": "main",
                "index": 0
              }
            ]
          ]
        },
        "Read Video for Instagram": {
          "main": [
            [
              {
                "node": "Upload Video to Instagram",
                "type": "main",
                "index": 0
              }
            ]
          ]
        },
        "Read Video for YouTube": {
          "main": [
            [
              {
                "node": "Upload Video to YouTube",
                "type": "main",
                "index": 0
              }
            ]
          ]
        },
        "Upload Video to TikTok": {
          "main": [
            [
              {
                "node": "Edit Airtable Fields",
                "type": "main",
                "index": 0
              }
            ]
          ]
        },
        "Upload Video to Instagram": {
          "main": [
            [
              {
                "node": "Edit Airtable Fields 2",
                "type": "main",
                "index": 0
              }
            ]
          ]
        },
        "Upload Video to YouTube": {
          "main": [
            [
              {
                "node": "Edit Airtable Fields 3",
                "type": "main",
                "index": 0
              }
            ]
          ]
        },
        "Edit Airtable Fields": {
          "main": [
            [
              {
                "node": "Update TikTok Status",
                "type": "main",
                "index": 0
              }
            ]
          ]
        },
        "Edit Airtable Fields 2": {
          "main": [
            [
              {
                "node": "Update Instagram Status",
                "type": "main",
                "index": 0
              }
            ]
          ]
        },
        "Edit Airtable Fields 3": {
          "main": [
            [
              {
                "node": "Update YouTube Status - Success",
                "type": "main",
                "index": 0
              }
            ]
          ]
        },
        "Edit Airtable Fields1": {
          "main": [
            [
              {
                "node": "Update Airtable with Description",
                "type": "main",
                "index": 0
              }
            ]
          ]
        }
      },
      "settings": {
        "executionOrder": "v1"
      },
      "staticData": null,
      "meta": null,
      "pinData": {},
      "versionId": "40269706-5bd9-4256-afe0-1666e7aaddb7",
      "triggerCount": 0,
      "shared": [
        {
          "createdAt": "2025-10-06T20:42:13.147Z",
          "updatedAt": "2025-10-06T20:42:13.147Z",
          "role": "workflow:owner",
          "workflowId": "otsvN2fONY02D6FG",
          "projectId": "TFVloDjzB4mlltZr"
        }
      ],
      "tags": []
    },
    {
      "createdAt": "2025-10-07T14:23:59.780Z",
      "updatedAt": "2025-10-09T22:35:37.409Z",
      "id": "ueVlzwrmghSKtA14",
      "name": "conversor de audio- pessoal",
      "active": false,
      "isArchived": false,
      "nodes": [
        {
          "parameters": {
            "resource": "audio",
            "operation": "transcribe",
            "options": {}
          },
          "type": "@n8n/n8n-nodes-langchain.openAi",
          "typeVersion": 1.8,
          "position": [
            -560,
            16
          ],
          "id": "5ee244fc-ff0b-4d11-8187-2400d2c32e45",
          "name": "OpenAI",
          "credentials": {
            "openAiApi": {
              "id": "A9fZtuclfrDPHxOV",
              "name": "OpenAi account"
            }
          }
        },
        {
          "parameters": {
            "rules": {
              "values": [
                {
                  "conditions": {
                    "options": {
                      "caseSensitive": true,
                      "leftValue": "",
                      "typeValidation": "strict",
                      "version": 2
                    },
                    "conditions": [
                      {
                        "id": "9b5204cb-6d68-4d7f-b08d-f79b70d97eba",
                        "leftValue": "={{ $json.body.data.messageType }}",
                        "rightValue": "conversation",
                        "operator": {
                          "type": "string",
                          "operation": "equals",
                          "name": "filter.operator.equals"
                        }
                      }
                    ],
                    "combinator": "and"
                  },
                  "renameOutput": true,
                  "outputKey": "Texto"
                },
                {
                  "conditions": {
                    "options": {
                      "caseSensitive": true,
                      "leftValue": "",
                      "typeValidation": "strict",
                      "version": 2
                    },
                    "conditions": [
                      {
                        "leftValue": "={{ $json.body.data.messageType }}",
                        "rightValue": "audioMessage",
                        "operator": {
                          "type": "string",
                          "operation": "equals"
                        },
                        "id": "5fac622a-b9df-46c3-9227-f370fe6b585b"
                      }
                    ],
                    "combinator": "and"
                  },
                  "renameOutput": true,
                  "outputKey": "audio"
                }
              ]
            },
            "options": {}
          },
          "type": "n8n-nodes-base.switch",
          "typeVersion": 3.2,
          "position": [
            -1152,
            -96
          ],
          "id": "e625f735-e743-4d52-878f-6390ca6d30e5",
          "name": "Divisor Texto | Audio"
        },
        {
          "parameters": {
            "assignments": {
              "assignments": [
                {
                  "id": "b0b82512-97f4-4a03-9446-bf33d6e69147",
                  "name": "base64",
                  "value": "={{ $json.body.data.message.audioMessage.mimetype }}",
                  "type": "string"
                },
                {
                  "id": "e174517c-d589-4180-8dfc-430d034b466d",
                  "name": "tipo_msg",
                  "value": "={{ $json.body.data.message.audioMessage.mimetype }}",
                  "type": "string"
                }
              ]
            },
            "options": {}
          },
          "type": "n8n-nodes-base.set",
          "typeVersion": 3.4,
          "position": [
            -880,
            16
          ],
          "id": "b684fe80-d994-4f46-ba79-0dfdf81708ba",
          "name": "Campos Audio"
        },
        {
          "parameters": {
            "assignments": {
              "assignments": [
                {
                  "id": "122876a1-65f6-41fc-ad43-30d3a5f3ad5c",
                  "name": "telefone",
                  "value": "={{ $json.body.data.key.remoteJid.split('@')[0] }}",
                  "type": "string"
                },
                {
                  "id": "8831e6d7-47ce-4b9a-8093-149a213e1157",
                  "name": "output",
                  "value": "={{ $json.body.data.message.conversation }}",
                  "type": "string"
                },
                {
                  "id": "15988bb9-a6cc-45a8-82a4-9e3c2f8103a8",
                  "name": "id",
                  "value": "={{ $json.body.data.key.id }}",
                  "type": "string"
                }
              ]
            },
            "options": {}
          },
          "type": "n8n-nodes-base.set",
          "typeVersion": 3.4,
          "position": [
            -864,
            -192
          ],
          "id": "1604d9e6-3d91-4230-9325-ac748107e11c",
          "name": "campos_texto"
        },
        {
          "parameters": {},
          "type": "n8n-nodes-base.merge",
          "typeVersion": 3,
          "position": [
            -272,
            -176
          ],
          "id": "20603fd6-1884-4bf3-b88a-07fce3a8783d",
          "name": "Merge",
          "alwaysOutputData": true
        },
        {
          "parameters": {
            "assignments": {
              "assignments": [
                {
                  "id": "122876a1-65f6-41fc-ad43-30d3a5f3ad5c",
                  "name": "telefone",
                  "value": "={{ $('Divisor Texto | Audio').item.json.body.data.key.remoteJid }}",
                  "type": "string"
                },
                {
                  "id": "8831e6d7-47ce-4b9a-8093-149a213e1157",
                  "name": "output",
                  "value": "={{ $json.text }}",
                  "type": "string"
                },
                {
                  "id": "15988bb9-a6cc-45a8-82a4-9e3c2f8103a8",
                  "name": "id",
                  "value": "={{ $('Divisor Texto | Audio').item.json.body.data.key.id }}",
                  "type": "string"
                }
              ]
            },
            "options": {}
          },
          "type": "n8n-nodes-base.set",
          "typeVersion": 3.4,
          "position": [
            -400,
            16
          ],
          "id": "ea1c8147-aea2-4e39-8384-fd8746db902c",
          "name": "campos_texto1"
        },
        {
          "parameters": {
            "operation": "toBinary",
            "sourceProperty": "base64",
            "options": {
              "fileName": "audio.mp3",
              "mimeType": "audio/mpeg"
            }
          },
          "type": "n8n-nodes-base.convertToFile",
          "typeVersion": 1.1,
          "position": [
            -720,
            16
          ],
          "id": "1c9585de-0186-4750-a0b0-a6e6fab41ef0",
          "name": "Convert to File1"
        },
        {
          "parameters": {
            "method": "POST",
            "url": "=http://evo.ouvir.online/message/sendText/agencia",
            "sendHeaders": true,
            "headerParameters": {
              "parameters": [
                {
                  "name": "apikey",
                  "value": "=C98F6587D226-44F5-9831-CC445EE89E04"
                }
              ]
            },
            "sendBody": true,
            "bodyParameters": {
              "parameters": [
                {
                  "name": "number",
                  "value": "=\n{{ $json.body.data.key.remoteJid.split('@')[0]  }}"
                },
                {
                  "name": "text",
                  "value": "=Ol├í Sou Querem, sou assistente virtual, da VX Confer├¬ncia de Mulheres 2025, no momento voc├¬ n├úo est├í autorizado(a), usar essa ferramenta, para poder usar, entre em contato com - 5518996697434, e pe├ºa autoriza├º├úo"
                },
                {
                  "name": "=id",
                  "value": "={{ $json.body.data.key.id }}"
                }
              ]
            },
            "options": {}
          },
          "type": "n8n-nodes-base.httpRequest",
          "typeVersion": 4.2,
          "position": [
            -256,
            416
          ],
          "id": "6484afcc-6571-4541-be2d-c431b3028d6a",
          "name": "ENVIA MENSAGEM 2"
        },
        {
          "parameters": {
            "assignments": {
              "assignments": [
                {
                  "id": "5d39ab5f-26ee-4be8-88ff-a32d7aff2634",
                  "name": "telefone",
                  "value": "={{ $json.data.key.remoteJid }}",
                  "type": "string"
                }
              ]
            },
            "options": {}
          },
          "type": "n8n-nodes-base.set",
          "typeVersion": 3.4,
          "position": [
            -784,
            416
          ],
          "id": "51f61bc9-17f4-43ae-b41b-5179b3eb1410",
          "name": "Edit Fields1"
        },
        {
          "parameters": {
            "httpMethod": "POST",
            "path": "b55eace1-5e94-4082-9da3-ad68d5ac2015",
            "options": {}
          },
          "type": "n8n-nodes-base.webhook",
          "typeVersion": 2,
          "position": [
            -1680,
            -64
          ],
          "id": "4d9b05af-0db1-4140-ab02-659d8f320f3d",
          "name": "Webhook",
          "webhookId": "b55eace1-5e94-4082-9da3-ad68d5ac2015"
        },
        {
          "parameters": {
            "rules": {
              "values": [
                {
                  "conditions": {
                    "options": {
                      "caseSensitive": true,
                      "leftValue": "",
                      "typeValidation": "strict",
                      "version": 2
                    },
                    "conditions": [
                      {
                        "id": "9b5204cb-6d68-4d7f-b08d-f79b70d97eba",
                        "leftValue": "={{ $json.body.data.key.remoteJid.split('@')[0]}}",
                        "rightValue": "5518996697434",
                        "operator": {
                          "type": "string",
                          "operation": "equals",
                          "name": "filter.operator.equals"
                        }
                      }
                    ],
                    "combinator": "and"
                  },
                  "renameOutput": true,
                  "outputKey": "autorizado"
                },
                {
                  "conditions": {
                    "options": {
                      "caseSensitive": true,
                      "leftValue": "",
                      "typeValidation": "strict",
                      "version": 2
                    },
                    "conditions": [
                      {
                        "leftValue": "={{ $json.body.data.key.remoteJid.split('@')[0]}}",
                        "rightValue": "5518996697434",
                        "operator": {
                          "type": "string",
                          "operation": "notEquals"
                        },
                        "id": "5fac622a-b9df-46c3-9227-f370fe6b585b"
                      }
                    ],
                    "combinator": "and"
                  },
                  "renameOutput": true,
                  "outputKey": "negado"
                }
              ]
            },
            "options": {}
          },
          "type": "n8n-nodes-base.switch",
          "typeVersion": 3.2,
          "position": [
            -1472,
            -64
          ],
          "id": "6b56c0f4-c7dc-489b-a11f-9a68952d73ef",
          "name": "Seguran├ºa"
        },
        {
          "parameters": {
            "content": "## ENTRADA DE DADOS\n",
            "height": 240,
            "width": 400,
            "color": 3
          },
          "type": "n8n-nodes-base.stickyNote",
          "typeVersion": 1,
          "position": [
            -1712,
            -144
          ],
          "id": "bf8cdb92-b857-4e0e-987a-aa451ec928a5",
          "name": "Sticky Note1"
        },
        {
          "parameters": {
            "resource": "messages-api",
            "instanceName": "agencia",
            "remoteJid": "={{ $json.body.data.key.remoteJid.split('@')[0]  }}",
            "messageText": "={{ $json.body.data.message.conversation }}",
            "options_message": {}
          },
          "type": "n8n-nodes-evolution-api.evolutionApi",
          "typeVersion": 1,
          "position": [
            -976,
            416
          ],
          "id": "1fd5f9af-c679-4226-b5ed-188d7d8bdcb0",
          "name": "Enviar texto",
          "credentials": {
            "evolutionApi": {
              "id": "1EC8zrPt7Iv9gMaZ",
              "name": "Evolution account"
            }
          }
        },
        {
          "parameters": {
            "resource": "messages-api",
            "instanceName": "agencia",
            "remoteJid": "={{ $json.body.data.key.remoteJid.split('@')[0]  }}",
            "messageText": "=Ol├í Sou Querem, sou assistente virtual, da VX Confer├¬ncia de Mulheres 2025, acesso n├úo est├í autorizado(a), tentou usar essa ferramenta, esse foi n├║mero {{ $json.telefone }}",
            "options_message": {}
          },
          "type": "n8n-nodes-evolution-api.evolutionApi",
          "typeVersion": 1,
          "position": [
            -576,
            416
          ],
          "id": "6d4dc88a-9a4a-403d-91b0-41fb1c8a8348",
          "name": "Enviar texto1",
          "credentials": {
            "evolutionApi": {
              "id": "1EC8zrPt7Iv9gMaZ",
              "name": "Evolution account"
            }
          }
        },
        {
          "parameters": {
            "content": "## CHAVE DE SEGURAN├çA\nEssa chave ├® usada para restringir uso indevido do fluxo, quando ele estiver em modo de teste, em modo de execu├º├úo desativ├í-lo\n",
            "height": 336,
            "width": 688,
            "color": 3
          },
          "type": "n8n-nodes-base.stickyNote",
          "typeVersion": 1,
          "position": [
            -1072,
            272
          ],
          "id": "80e3b37a-3652-4080-9255-47585a2bb332",
          "name": "Sticky Note"
        },
        {
          "parameters": {
            "content": "## CONVERSOR DE TUDO EM TEXTO\nESSE CONVERTE ├üUDIO EM TEXTO MANDANDO MENSAGEM TANTO EM ├üUDIO COMO EM TEXTO ",
            "height": 464,
            "width": 1168,
            "color": 4
          },
          "type": "n8n-nodes-base.stickyNote",
          "typeVersion": 1,
          "position": [
            -1184,
            -288
          ],
          "id": "70530ab5-6fb5-4129-8c42-0c72dcfa530d",
          "name": "Sticky Note2"
        },
        {
          "parameters": {
            "resource": "messages-api",
            "instanceName": "agencia",
            "remoteJid": "={{ $json.telefone }}",
            "messageText": "={{ $json.output }}",
            "options_message": {}
          },
          "type": "n8n-nodes-evolution-api.evolutionApi",
          "typeVersion": 1,
          "position": [
            16,
            -176
          ],
          "id": "94a605fb-d79b-4a78-9928-aed29d93ed8b",
          "name": "Enviar texto2",
          "credentials": {
            "evolutionApi": {
              "id": "1EC8zrPt7Iv9gMaZ",
              "name": "Evolution account"
            }
          }
        }
      ],
      "connections": {
        "OpenAI": {
          "main": [
            [
              {
                "node": "campos_texto1",
                "type": "main",
                "index": 0
              }
            ]
          ]
        },
        "Divisor Texto | Audio": {
          "main": [
            [
              {
                "node": "campos_texto",
                "type": "main",
                "index": 0
              }
            ],
            [
              {
                "node": "Campos Audio",
                "type": "main",
                "index": 0
              }
            ]
          ]
        },
        "Campos Audio": {
          "main": [
            [
              {
                "node": "Convert to File1",
                "type": "main",
                "index": 0
              }
            ]
          ]
        },
        "campos_texto": {
          "main": [
            [
              {
                "node": "Merge",
                "type": "main",
                "index": 0
              }
            ]
          ]
        },
        "campos_texto1": {
          "main": [
            [
              {
                "node": "Merge",
                "type": "main",
                "index": 1
              }
            ]
          ]
        },
        "Convert to File1": {
          "main": [
            [
              {
                "node": "OpenAI",
                "type": "main",
                "index": 0
              }
            ]
          ]
        },
        "ENVIA MENSAGEM 2": {
          "main": [
            []
          ]
        },
        "Edit Fields1": {
          "main": [
            [
              {
                "node": "Enviar texto1",
                "type": "main",
                "index": 0
              }
            ]
          ]
        },
        "Webhook": {
          "main": [
            [
              {
                "node": "Seguran├ºa",
                "type": "main",
                "index": 0
              }
            ]
          ]
        },
        "Seguran├ºa": {
          "main": [
            [
              {
                "node": "Divisor Texto | Audio",
                "type": "main",
                "index": 0
              }
            ],
            [
              {
                "node": "Enviar texto",
                "type": "main",
                "index": 0
              }
            ]
          ]
        },
        "Enviar texto": {
          "main": [
            [
              {
                "node": "Edit Fields1",
                "type": "main",
                "index": 0
              }
            ]
          ]
        },
        "Merge": {
          "main": [
            [
              {
                "node": "Enviar texto2",
                "type": "main",
                "index": 0
              }
            ]
          ]
        }
      },
      "settings": {
        "executionOrder": "v1"
      },
      "staticData": null,
      "meta": {
        "templateCredsSetupCompleted": true
      },
      "pinData": {},
      "versionId": "8f6aa342-2001-4a7c-ac4f-b06ffb7c660f",
      "triggerCount": 1,
      "shared": [
        {
          "createdAt": "2025-10-07T14:23:59.780Z",
          "updatedAt": "2025-10-07T14:23:59.780Z",
          "role": "workflow:owner",
          "workflowId": "ueVlzwrmghSKtA14",
          "projectId": "TFVloDjzB4mlltZr"
        }
      ],
      "tags": []
    },
    {
      "createdAt": "2025-10-22T08:18:49.777Z",
      "updatedAt": "2025-10-22T11:15:15.705Z",
      "id": "mR5zgp2aIla8zDn1",
      "name": "MCP Server AbacatePay - Completo (API aplicada)",
      "active": true,
      "isArchived": false,
      "nodes": [
        {
          "parameters": {
            "path": "46219f5f-bd7b-4f7a-8aaf-1a3dedc25d72"
          },
          "type": "@n8n/n8n-nodes-langchain.mcpTrigger",
          "typeVersion": 2,
          "position": [
            -768,
            176
          ],
          "id": "615d635b-f485-4af7-afb4-6dda62e48a6a",
          "name": "MCP Server Trigger1",
          "webhookId": "46219f5f-bd7b-4f7a-8aaf-1a3dedc25d72",
          "notesInFlow": true,
          "notes": "Trigger MCP que exp├Áe todas as ferramentas do AbacatePay"
        },
        {
          "parameters": {
            "toolDescription": "Gera QR Code PIX para pagamento instant├óneo. Par├ómetros: amount (centavos), description (texto), customerId (opcional). Exemplo: amount=1000 para R$10,00",
            "method": "POST",
            "url": "https://n8n.ouvir.online/mcp/27e109ea-8be5-4911-8be8-21bbef475a32",
            "sendHeaders": true,
            "headerParameters": {
              "parameters": [
                {
                  "name": "Content-Type",
                  "value": "application/json"
                }
              ]
            },
            "sendBody": true,
            "specifyBody": "json",
            "jsonBody": "={\n  \"jsonrpc\": \"2.0\",\n  \"id\": 1,\n  \"method\": \"tools/call\",\n  \"params\": {\n    \"name\": \"createPixQrCode\",\n    \"arguments\": {\n      \"apiKey\": \"abc_dev_fhb5Dh0s24wHQ6XWgFAGdzjc\",\n      \"amount\": {{ $fromAI('amount', 1000, 'number') }},\n      \"description\": \"{{ $fromAI('description', 'Pagamento via automa├º├úo', 'string') }}\",\n      \"customerId\": \"{{ $fromAI('customerId', '', 'string') }}\"\n    }\n  }\n}",
            "options": {}
          },
          "type": "n8n-nodes-base.httpRequestTool",
          "typeVersion": 4.2,
          "position": [
            -384,
            32
          ],
          "id": "08b06547-c74b-4dde-8e2a-d4a0e952e197",
          "name": "createPixQrCode1"
        },
        {
          "parameters": {
            "toolDescription": "Cria um novo cliente no sistema. Par├ómetros: name, email, cellphone (E.164), taxId (CPF/CNPJ)",
            "method": "POST",
            "url": "https://n8n.ouvir.online/mcp/27e109ea-8be5-4911-8be8-21bbef475a32",
            "sendHeaders": true,
            "headerParameters": {
              "parameters": [
                {
                  "name": "Content-Type",
                  "value": "application/json"
                }
              ]
            },
            "sendBody": true,
            "specifyBody": "json",
            "jsonBody": "={\n  \"jsonrpc\": \"2.0\",\n  \"id\": 1,\n  \"method\": \"tools/call\",\n  \"params\": {\n    \"name\": \"createCustomer\",\n    \"arguments\": {\n      \"apiKey\": \"abc_dev_fhb5Dh0s24wHQ6XWgFAGdzjc\",\n      \"name\": \"{{ $fromAI('name', 'Cliente Exemplo', 'string') }}\",\n      \"email\": \"{{ $fromAI('email', 'cliente@example.com', 'string') }}\",\n      \"cellphone\": \"{{ $fromAI('cellphone', '5511999999999', 'string') }}\",\n      \"taxId\": \"{{ $fromAI('taxId', '12345678901', 'string') }}\"\n    }\n  }\n}",
            "options": {}
          },
          "type": "n8n-nodes-base.httpRequestTool",
          "typeVersion": 4.2,
          "position": [
            -384,
            192
          ],
          "id": "d9a77ce0-8fe7-49c7-8009-cbf25079840f",
          "name": "createCustomer1"
        },
        {
          "parameters": {
            "toolDescription": "Lista todos os clientes cadastrados.",
            "method": "POST",
            "url": "https://n8n.ouvir.online/mcp/27e109ea-8be5-4911-8be8-21bbef475a32",
            "sendHeaders": true,
            "headerParameters": {
              "parameters": [
                {
                  "name": "Content-Type",
                  "value": "application/json"
                }
              ]
            },
            "sendBody": true,
            "specifyBody": "json",
            "jsonBody": "={\n  \"jsonrpc\": \"2.0\",\n  \"id\": 1,\n  \"method\": \"tools/call\",\n  \"params\": {\n    \"name\": \"listCustomers\",\n    \"arguments\": {\n      \"apiKey\": \"abc_dev_fhb5Dh0s24wHQ6XWgFAGdzjc\"\n    }\n  }\n}",
            "options": {}
          },
          "type": "n8n-nodes-base.httpRequestTool",
          "typeVersion": 4.2,
          "position": [
            -384,
            352
          ],
          "id": "02abd6d3-97ac-4e3f-bbe0-b5765c7ef48f",
          "name": "listCustomers1"
        },
        {
          "parameters": {
            "toolDescription": "Cria uma cobran├ºa completa com produtos.",
            "method": "POST",
            "url": "https://n8n.ouvir.online/mcp/27e109ea-8be5-4911-8be8-21bbef475a32",
            "sendHeaders": true,
            "headerParameters": {
              "parameters": [
                {
                  "name": "Content-Type",
                  "value": "application/json"
                }
              ]
            },
            "sendBody": true,
            "specifyBody": "json",
            "jsonBody": "={\n  \"jsonrpc\": \"2.0\",\n  \"id\": 1,\n  \"method\": \"tools/call\",\n  \"params\": {\n    \"name\": \"createBilling\",\n    \"arguments\": {\n      \"apiKey\": \"abc_dev_fhb5Dh0s24wHQ6XWgFAGdzjc\",\n      \"frequency\": \"{{ $fromAI('frequency', 'ONE_TIME', 'string') }}\",\n      \"methods\": {{ $fromAI('methods', '[\"PIX\"]', 'json') }},\n      \"products\": {{ $fromAI('products', '[{\"external_id\":\"SKU-001\",\"name\":\"Produto\",\"description\":\"Descri├º├úo\",\"quantity\":1,\"price\":1000}]', 'json') }},\n      \"metadata\": {\n        \"returnUrl\": \"{{ $fromAI('returnUrl', 'https://sua-loja.com/retorno', 'string') }}\",\n        \"successUrl\": \"{{ $fromAI('successUrl', 'https://sua-loja.com/sucesso', 'string') }}\"\n      },\n      \"customer\": {{ $fromAI('customer', '{\"name\":\"Cliente\",\"email\":\"cliente@example.com\",\"cellphone\":\"5511999999999\",\"taxId\":\"12345678901\"}', 'json') }}\n    }\n  }\n}",
            "options": {}
          },
          "type": "n8n-nodes-base.httpRequestTool",
          "typeVersion": 4.2,
          "position": [
            -144,
            32
          ],
          "id": "071d4d74-cfac-430b-95d6-e7097f16d664",
          "name": "createBilling1"
        },
        {
          "parameters": {
            "toolDescription": "Lista cobran├ºas com filtros opcionais: status, dateFrom, dateTo.",
            "method": "POST",
            "url": "https://n8n.ouvir.online/mcp/27e109ea-8be5-4911-8be8-21bbef475a32",
            "sendHeaders": true,
            "headerParameters": {
              "parameters": [
                {
                  "name": "Content-Type",
                  "value": "application/json"
                }
              ]
            },
            "sendBody": true,
            "specifyBody": "json",
            "jsonBody": "={\n  \"jsonrpc\": \"2.0\",\n  \"id\": 1,\n  \"method\": \"tools/call\",\n  \"params\": {\n    \"name\": \"listBillings\",\n    \"arguments\": {\n      \"apiKey\": \"abc_dev_fhb5Dh0s24wHQ6XWgFAGdzjc\",\n      \"filters\": {\n        \"status\": \"{{ $fromAI('status', '', 'string') }}\",\n        \"dateFrom\": \"{{ $fromAI('dateFrom', '', 'string') }}\",\n        \"dateTo\": \"{{ $fromAI('dateTo', '', 'string') }}\"\n      }\n    }\n  }\n}",
            "options": {}
          },
          "type": "n8n-nodes-base.httpRequestTool",
          "typeVersion": 4.2,
          "position": [
            -144,
            192
          ],
          "id": "ed71a9b4-2d84-44bd-8a9b-b92838b54bdd",
          "name": "listBillings1"
        },
        {
          "parameters": {
            "toolDescription": "Busca uma cobran├ºa espec├¡fica por ID.",
            "method": "POST",
            "url": "https://n8n.ouvir.online/mcp/27e109ea-8be5-4911-8be8-21bbef475a32",
            "sendHeaders": true,
            "headerParameters": {
              "parameters": [
                {
                  "name": "Content-Type",
                  "value": "application/json"
                }
              ]
            },
            "sendBody": true,
            "specifyBody": "json",
            "jsonBody": "={\n  \"jsonrpc\": \"2.0\",\n  \"id\": 1,\n  \"method\": \"tools/call\",\n  \"params\": {\n    \"name\": \"getBillingById\",\n    \"arguments\": {\n      \"apiKey\": \"abc_dev_fhb5Dh0s24wHQ6XWgFAGdzjc\",\n      \"billingId\": \"{{ $fromAI('billingId', '', 'string') }}\"\n    }\n  }\n}",
            "options": {}
          },
          "type": "n8n-nodes-base.httpRequestTool",
          "typeVersion": 4.2,
          "position": [
            -144,
            352
          ],
          "id": "0ff773aa-f6f9-411d-b6b2-95f5cec8b992",
          "name": "getBillingById1"
        },
        {
          "parameters": {
            "toolDescription": "Cria um cupom de desconto.",
            "method": "POST",
            "url": "https://n8n.ouvir.online/mcp/27e109ea-8be5-4911-8be8-21bbef475a32",
            "sendHeaders": true,
            "headerParameters": {
              "parameters": [
                {
                  "name": "Content-Type",
                  "value": "application/json"
                }
              ]
            },
            "sendBody": true,
            "specifyBody": "json",
            "jsonBody": "={\n  \"jsonrpc\": \"2.0\",\n  \"id\": 1,\n  \"method\": \"tools/call\",\n  \"params\": {\n    \"name\": \"createCoupon\",\n    \"arguments\": {\n      \"apiKey\": \"abc_dev_fhb5Dh0s24wHQ6XWgFAGdzjc\",\n      \"code\": \"{{ $fromAI('code', 'PROMO10', 'string') }}\",\n      \"discount\": {{ $fromAI('discount', 1000, 'number') }},\n      \"maxUses\": {{ $fromAI('maxUses', 100, 'number') }},\n      \"expiresAt\": \"{{ $fromAI('expiresAt', '2025-12-31T23:59:59Z', 'string') }}\"\n    }\n  }\n}",
            "options": {}
          },
          "type": "n8n-nodes-base.httpRequestTool",
          "typeVersion": 4.2,
          "position": [
            96,
            32
          ],
          "id": "766304b3-8034-40a4-9354-4f73d1c6b051",
          "name": "createCoupon1"
        },
        {
          "parameters": {
            "toolDescription": "Lista todos os cupons cadastrados.",
            "method": "POST",
            "url": "https://n8n.ouvir.online/mcp/27e109ea-8be5-4911-8be8-21bbef475a32",
            "sendHeaders": true,
            "headerParameters": {
              "parameters": [
                {
                  "name": "Content-Type",
                  "value": "application/json"
                }
              ]
            },
            "sendBody": true,
            "specifyBody": "json",
            "jsonBody": "={\n  \"jsonrpc\": \"2.0\",\n  \"id\": 1,\n  \"method\": \"tools/call\",\n  \"params\": {\n    \"name\": \"listCoupons\",\n    \"arguments\": {\n      \"apiKey\": \"abc_dev_fhb5Dh0s24wHQ6XWgFAGdzjc\"\n    }\n  }\n}",
            "options": {}
          },
          "type": "n8n-nodes-base.httpRequestTool",
          "typeVersion": 4.2,
          "position": [
            96,
            192
          ],
          "id": "3ff4e970-1dcf-40db-93b6-d6e6532be554",
          "name": "listCoupons1"
        },
        {
          "parameters": {
            "toolDescription": "ÔÜá´©Å DEV ONLY: Simula pagamento de uma cobran├ºa.",
            "method": "POST",
            "url": "https://n8n.ouvir.online/mcp/27e109ea-8be5-4911-8be8-21bbef475a32",
            "sendHeaders": true,
            "headerParameters": {
              "parameters": [
                {
                  "name": "Content-Type",
                  "value": "application/json"
                }
              ]
            },
            "sendBody": true,
            "specifyBody": "json",
            "jsonBody": "={\n  \"jsonrpc\": \"2.0\",\n  \"id\": 1,\n  \"method\": \"tools/call\",\n  \"params\": {\n    \"name\": \"simulatePayment\",\n    \"arguments\": {\n      \"apiKey\": \"abc_dev_fhb5Dh0s24wHQ6XWgFAGdzjc\",\n      \"billingId\": \"{{ $fromAI('billingId', '', 'string') }}\",\n      \"status\": \"{{ $fromAI('status', 'PAID', 'string') }}\"\n    }\n  }\n}",
            "options": {}
          },
          "type": "n8n-nodes-base.httpRequestTool",
          "typeVersion": 4.2,
          "position": [
            96,
            352
          ],
          "id": "82c61f72-d927-4cc9-b474-4965220475f5",
          "name": "simulatePayment1"
        }
      ],
      "connections": {
        "createPixQrCode1": {
          "ai_tool": [
            [
              {
                "node": "MCP Server Trigger1",
                "type": "ai_tool",
                "index": 0
              }
            ]
          ]
        },
        "createCustomer1": {
          "ai_tool": [
            [
              {
                "node": "MCP Server Trigger1",
                "type": "ai_tool",
                "index": 0
              }
            ]
          ]
        },
        "listCustomers1": {
          "ai_tool": [
            [
              {
                "node": "MCP Server Trigger1",
                "type": "ai_tool",
                "index": 0
              }
            ]
          ]
        },
        "createBilling1": {
          "ai_tool": [
            [
              {
                "node": "MCP Server Trigger1",
                "type": "ai_tool",
                "index": 0
              }
            ]
          ]
        },
        "listBillings1": {
          "ai_tool": [
            [
              {
                "node": "MCP Server Trigger1",
                "type": "ai_tool",
                "index": 0
              }
            ]
          ]
        },
        "getBillingById1": {
          "ai_tool": [
            [
              {
                "node": "MCP Server Trigger1",
                "type": "ai_tool",
                "index": 0
              }
            ]
          ]
        },
        "createCoupon1": {
          "ai_tool": [
            [
              {
                "node": "MCP Server Trigger1",
                "type": "ai_tool",
                "index": 0
              }
            ]
          ]
        },
        "listCoupons1": {
          "ai_tool": [
            [
              {
                "node": "MCP Server Trigger1",
                "type": "ai_tool",
                "index": 0
              }
            ]
          ]
        },
        "simulatePayment1": {
          "ai_tool": [
            [
              {
                "node": "MCP Server Trigger1",
                "type": "ai_tool",
                "index": 0
              }
            ]
          ]
        }
      },
      "settings": {
        "executionOrder": "v1"
      },
      "staticData": null,
      "meta": {
        "templateCredsSetupCompleted": true
      },
      "pinData": {},
      "versionId": "c1e1f5aa-f2be-4785-bdd1-94d1b6c6892c",
      "triggerCount": 1,
      "shared": [
        {
          "createdAt": "2025-10-22T08:18:49.777Z",
          "updatedAt": "2025-10-22T08:18:49.777Z",
          "role": "workflow:owner",
          "workflowId": "mR5zgp2aIla8zDn1",
          "projectId": "TFVloDjzB4mlltZr"
        }
      ],
      "tags": []
    },
    {
      "createdAt": "2025-10-22T09:11:34.896Z",
      "updatedAt": "2025-10-22T15:59:40.368Z",
      "id": "Ayf4owMJi3I2yTM3",
      "name": "Agente MPC - Entrada",
      "active": true,
      "isArchived": false,
      "nodes": [
        {
          "parameters": {
            "path": "abacatepay-agent",
            "options": {}
          },
          "type": "n8n-nodes-base.webhook",
          "typeVersion": 2.1,
          "position": [
            -1392,
            176
          ],
          "id": "536742e5-be4c-49bb-8e84-df4569d22cbd",
          "name": "Webhook (Entrada do Agent)",
          "webhookId": "abacatepay-agent",
          "notesInFlow": true,
          "notes": "Envie POST com { \"chatInput\": \"gerar pix de R$10\" }"
        },
        {
          "parameters": {
            "jsCode": "// Extrai a resposta do Agent e do MCP\nconst agentOutput = $input.item.json;\nconst rawResponse = agentOutput.output || agentOutput.text || '';\n\n// Tenta parsear JSON da resposta do MCP (se vier embutido)\nlet mcpResult = {};\ntry {\n  const jsonMatch = rawResponse.match(/\\{[\\s\\S]*\"result\"[\\s\\S]*\\}/m);\n  if (jsonMatch) {\n    mcpResult = JSON.parse(jsonMatch[0]).result || {};\n  }\n} catch (e) {\n  // Se n├úo conseguir parsear, deixa vazio\n}\n\n// Normaliza dados para a planilha\nconst now = new Date().toISOString();\nconst sale = {\n  id: mcpResult.id || mcpResult.pixId || mcpResult.billingId || `agent-${Date.now()}`,\n  billing_id: mcpResult.billingId || mcpResult.id || '',\n  data_evento: now,\n  cliente_nome: mcpResult.customer?.name || 'Cliente via Agent',\n  cliente_email: mcpResult.customer?.email || 'nao-informado@example.com',\n  cliente_telefone: mcpResult.customer?.cellphone || '',\n  cliente_documento: mcpResult.customer?.taxId || '',\n  valor_centavos: mcpResult.amount || 0,\n  valor: ((mcpResult.amount || 0) / 100).toFixed(2),\n  status: (mcpResult.status || 'PENDING').toString().toUpperCase(),\n  metodo_pagamento: 'PIX',\n  descricao: mcpResult.description || 'Gerado via AI Agent',\n  qr_code: mcpResult.qrCode || mcpResult.brCode || '',\n  link_pagamento: mcpResult.paymentUrl || mcpResult.url || '',\n  expira_em: mcpResult.expiresAt || '',\n  pago_em: mcpResult.paidAt || '',\n  metadata: JSON.stringify(mcpResult.metadata || {}),\n  agent_response: rawResponse\n};\n\nreturn { json: sale };"
          },
          "type": "n8n-nodes-base.code",
          "typeVersion": 2,
          "position": [
            -864,
            176
          ],
          "id": "3095802a-a896-4e5d-adb3-78b45360e67c",
          "name": "Processar resposta do Agent"
        },
        {
          "parameters": {
            "operation": "append",
            "documentId": {
              "__rl": true,
              "value": "SEU_GOOGLE_SHEET_ID",
              "mode": "id"
            },
            "sheetName": {
              "__rl": true,
              "value": "Vendas",
              "mode": "name"
            },
            "columns": {
              "mappingMode": "defineBelow",
              "value": {
                "ID": "={{ $json.id }}",
                "Billing ID": "={{ $json.billing_id }}",
                "Data": "={{ new Date($json.data_evento).toLocaleString('pt-BR') }}",
                "Cliente Nome": "={{ $json.cliente_nome }}",
                "Cliente Email": "={{ $json.cliente_email }}",
                "Cliente Telefone": "={{ $json.cliente_telefone }}",
                "Cliente Documento": "={{ $json.cliente_documento }}",
                "Valor (R$)": "={{ $json.valor }}",
                "Status": "={{ $json.status }}",
                "M├®todo": "={{ $json.metodo_pagamento }}",
                "Descri├º├úo": "={{ $json.descricao }}",
                "Link Pagamento": "={{ $json.link_pagamento }}",
                "QR Code": "={{ $json.qr_code }}",
                "Expira em": "={{ $json.expira_em }}",
                "Pago em": "={{ $json.pago_em }}",
                "Metadata": "={{ $json.metadata }}",
                "Agent Response": "={{ $json.agent_response }}"
              }
            },
            "options": {}
          },
          "type": "n8n-nodes-base.googleSheets",
          "typeVersion": 4.5,
          "position": [
            -656,
            176
          ],
          "id": "e9897f60-8c58-40db-98cb-024da7d73485",
          "name": "Salvar no Google Sheets"
        },
        {
          "parameters": {
            "conditions": {
              "options": {
                "caseSensitive": true,
                "leftValue": "",
                "typeValidation": "strict",
                "version": 1
              },
              "conditions": [
                {
                  "id": "paid-check",
                  "leftValue": "={{ $json.status }}",
                  "rightValue": "PAID",
                  "operator": {
                    "type": "string",
                    "operation": "equals"
                  }
                }
              ],
              "combinator": "and"
            },
            "options": {}
          },
          "type": "n8n-nodes-base.if",
          "typeVersion": 2,
          "position": [
            -464,
            176
          ],
          "id": "6a96dbe4-41f6-4fd1-825e-7ef20e675356",
          "name": "Status ├® PAID?"
        },
        {
          "parameters": {
            "fromEmail": "seu-email@dominio.com",
            "toEmail": "={{ $json.cliente_email }}",
            "subject": "Ô£à Pagamento Confirmado - Pedido #{{ $json.id }}",
            "options": {}
          },
          "type": "n8n-nodes-base.emailSend",
          "typeVersion": 2.1,
          "position": [
            -208,
            0
          ],
          "id": "cbb41f29-0f08-4c1f-af1d-8424e7a561a6",
          "name": "E-mail Cliente",
          "webhookId": "dc771cc6-9021-4d3b-8144-1e64c3097a94"
        },
        {
          "parameters": {
            "fromEmail": "seu-email@dominio.com",
            "toEmail": "admin@seudominio.com",
            "subject": "­ƒÆ░ Nova Venda Confirmada - #{{ $json.id }}",
            "options": {}
          },
          "type": "n8n-nodes-base.emailSend",
          "typeVersion": 2.1,
          "position": [
            -224,
            384
          ],
          "id": "8b52e001-d315-4839-b16d-6f1049fbbb08",
          "name": "E-mail Admin",
          "webhookId": "e23acc64-f05a-4c10-a162-27fc3d96fd70"
        },
        {
          "parameters": {
            "url": "={{ `https://api.whapi.cloud/instance/${$env.WHAPI_PHONE_ID}/message/text` }}",
            "sendHeaders": true,
            "headerParameters": {
              "parameters": [
                {
                  "name": "Authorization",
                  "value": "={{ `Bearer ${$env.WHAPI_API_KEY}` }}"
                },
                {
                  "name": "Content-Type",
                  "value": "application/json"
                }
              ]
            },
            "sendBody": true,
            "bodyParameters": {
              "parameters": []
            },
            "options": {
              "timeout": 25000
            }
          },
          "type": "n8n-nodes-base.httpRequest",
          "typeVersion": 4.2,
          "position": [
            -64,
            96
          ],
          "id": "88b0c5f1-7cd2-4d5e-af9d-d02694fc4883",
          "name": "WhatsApp Cliente",
          "notesInFlow": true,
          "notes": "Telefone deve estar em E.164"
        },
        {
          "parameters": {
            "url": "={{ `https://api.whapi.cloud/instance/${$env.WHAPI_PHONE_ID}/message/text` }}",
            "sendHeaders": true,
            "headerParameters": {
              "parameters": [
                {
                  "name": "Authorization",
                  "value": "={{ `Bearer ${$env.WHAPI_API_KEY}` }}"
                },
                {
                  "name": "Content-Type",
                  "value": "application/json"
                }
              ]
            },
            "sendBody": true,
            "bodyParameters": {
              "parameters": [
                {}
              ]
            },
            "options": {}
          },
          "type": "n8n-nodes-base.httpRequest",
          "typeVersion": 4.2,
          "position": [
            -64,
            272
          ],
          "id": "0dfe5f83-fb32-4aa5-8ccb-4360e3d6e441",
          "name": "WhatsApp Admin"
        },
        {
          "parameters": {
            "respondWith": "json",
            "responseBody": "={{ ({ success: true, message: 'Venda registrada e notifica├º├Áes enviadas', id: $json.id, billingId: $json.billing_id, status: $json.status, valor: `R$ ${$json.valor}`, qrCode: $json.qr_code, linkPagamento: $json.link_pagamento }) }}",
            "options": {}
          },
          "type": "n8n-nodes-base.respondToWebhook",
          "typeVersion": 1.1,
          "position": [
            480,
            192
          ],
          "id": "057d57ad-7e82-48c8-a106-d7647a689f9f",
          "name": "Responder Webhook"
        },
        {
          "parameters": {
            "promptType": "define",
            "text": "={{ $json.chatInput || $json.query || $json.message || 'Ol├í' }}",
            "hasOutputParser": true,
            "options": {
              "systemMessage": "=Voc├¬ ├® um agente n8n especializado em integra├º├úo com AbacatePay MCP Server via JSON-RPC 2.0.\n\n## ENDPOINT MCP\nhttps://n8n.ouvir.online/mcp/27e109ea-8be5-4911-8be8-21bbef475a32\n\n## FORMATO JSON-RPC\n{\n  \"jsonrpc\": \"2.0\",\n  \"id\": 1,\n  \"method\": \"tools/call\",\n  \"params\": {\n    \"name\": \"<FERRAMENTA>\",\n    \"arguments\": {\n      \"apiKey\": \"{{ $env.ABACATEPAY_API_KEY }}\",\n      ...outros campos...\n    }\n  }\n}\n\n## FERRAMENTAS DISPON├ìVEIS\n\n### createPixQrCode\nGera QR Code PIX.\nArguments:\n- apiKey (obrigat├│rio)\n- amount (centavos, obrigat├│rio)\n- description (string)\n- customerId (opcional)\n\nExemplo: \"gerar pix de R$10\" ÔåÆ amount: 1000\n\n### listBillings\nLista cobran├ºas.\nArguments:\n- apiKey (obrigat├│rio)\n- filters (opcional): { status: \"PAID\", dateFrom: \"2025-10-01\", dateTo: \"2025-10-22\" }\n\n### createBilling\nCria cobran├ºa completa.\nArguments:\n- apiKey (obrigat├│rio)\n- frequency: \"ONE_TIME\" | \"WEEKLY\" | \"MONTHLY\" | \"YEARLY\"\n- methods: [\"PIX\"]\n- products: [{ external_id, name, description, quantity, price (centavos) }]\n- metadata: { returnUrl, successUrl }\n- customer: { name, email, cellphone, taxId }\n\n### simulatePayment (DEV)\nSimula pagamento.\nArguments:\n- apiKey (obrigat├│rio)\n- billingId (obrigat├│rio)\n- status: \"PAID\" | \"FAILED\"\n\n## REGRAS\n- Valores monet├írios SEMPRE em centavos (R$10 = 1000)\n- Status em MAI├ÜSCULO (PAID, PENDING)\n- Telefone em E.164 (5511999999999)\n- Nunca exponha apiKey no output\n\n## USO DO HTTP REQUEST TOOL\nPreencha:\n- URL: https://n8n.ouvir.online/mcp/27e109ea-8be5-4911-8be8-21bbef475a32\n- METHOD: POST\n- HEADERS: {\"Content-Type\":\"application/json\"}\n- BODY: JSON-RPC montado conforme pedido\n\nRetorne resumo amig├ível + JSON bruto da resposta."
            }
          },
          "type": "@n8n/n8n-nodes-langchain.agent",
          "typeVersion": 2.2,
          "position": [
            -1152,
            176
          ],
          "id": "0bc7a3ec-659e-4d1e-a2b6-3ed6dad809e6",
          "name": "AI Agent1"
        },
        {
          "parameters": {
            "model": {
              "__rl": true,
              "mode": "list",
              "value": "gpt-4o-mini"
            },
            "options": {
              "temperature": 0.3
            }
          },
          "type": "@n8n/n8n-nodes-langchain.lmChatOpenAi",
          "typeVersion": 1.2,
          "position": [
            -1360,
            400
          ],
          "id": "a3bfb0fa-1f8e-45a8-8936-8796fc36cdaf",
          "name": "OpenAI Chat Model1",
          "credentials": {
            "openAiApi": {
              "id": "A9fZtuclfrDPHxOV",
              "name": "OpenAi account"
            }
          }
        },
        {
          "parameters": {},
          "type": "@n8n/n8n-nodes-langchain.memoryBufferWindow",
          "typeVersion": 1.3,
          "position": [
            -1184,
            400
          ],
          "id": "76e23b66-ccf9-4df9-97fe-707283647ec5",
          "name": "Simple Memory1"
        },
        {
          "parameters": {
            "endpointUrl": "https://n8n.ouvir.online/mcp/46219f5f-bd7b-4f7a-8aaf-1a3dedc25d72",
            "serverTransport": "httpStreamable",
            "options": {}
          },
          "type": "@n8n/n8n-nodes-langchain.mcpClientTool",
          "typeVersion": 1.1,
          "position": [
            -1040,
            400
          ],
          "id": "f01867ef-7e4b-47f4-ae3e-25d280d0f0e0",
          "name": "Abacatepay"
        }
      ],
      "connections": {
        "Webhook (Entrada do Agent)": {
          "main": [
            [
              {
                "node": "AI Agent1",
                "type": "main",
                "index": 0
              }
            ]
          ]
        },
        "Processar resposta do Agent": {
          "main": [
            [
              {
                "node": "Salvar no Google Sheets",
                "type": "main",
                "index": 0
              }
            ]
          ]
        },
        "Salvar no Google Sheets": {
          "main": [
            [
              {
                "node": "Status ├® PAID?",
                "type": "main",
                "index": 0
              }
            ]
          ]
        },
        "Status ├® PAID?": {
          "main": [
            [
              {
                "node": "E-mail Cliente",
                "type": "main",
                "index": 0
              },
              {
                "node": "E-mail Admin",
                "type": "main",
                "index": 0
              },
              {
                "node": "WhatsApp Cliente",
                "type": "main",
                "index": 0
              },
              {
                "node": "WhatsApp Admin",
                "type": "main",
                "index": 0
              }
            ],
            [
              {
                "node": "Responder Webhook",
                "type": "main",
                "index": 0
              }
            ]
          ]
        },
        "E-mail Cliente": {
          "main": [
            [
              {
                "node": "Responder Webhook",
                "type": "main",
                "index": 0
              }
            ]
          ]
        },
        "E-mail Admin": {
          "main": [
            [
              {
                "node": "Responder Webhook",
                "type": "main",
                "index": 0
              }
            ]
          ]
        },
        "WhatsApp Cliente": {
          "main": [
            [
              {
                "node": "Responder Webhook",
                "type": "main",
                "index": 0
              }
            ]
          ]
        },
        "WhatsApp Admin": {
          "main": [
            [
              {
                "node": "Responder Webhook",
                "type": "main",
                "index": 0
              }
            ]
          ]
        },
        "AI Agent1": {
          "main": [
            [
              {
                "node": "Processar resposta do Agent",
                "type": "main",
                "index": 0
              }
            ]
          ]
        },
        "OpenAI Chat Model1": {
          "ai_languageModel": [
            [
              {
                "node": "AI Agent1",
                "type": "ai_languageModel",
                "index": 0
              }
            ]
          ]
        },
        "Simple Memory1": {
          "ai_memory": [
            [
              {
                "node": "AI Agent1",
                "type": "ai_memory",
                "index": 0
              }
            ]
          ]
        },
        "Abacatepay": {
          "ai_tool": [
            [
              {
                "node": "AI Agent1",
                "type": "ai_tool",
                "index": 0
              }
            ]
          ]
        }
      },
      "settings": {
        "executionOrder": "v1"
      },
      "staticData": null,
      "meta": null,
      "pinData": {},
      "versionId": "b3ff43cc-d4e4-4a65-80ae-630de03fab38",
      "triggerCount": 1,
      "shared": [
        {
          "createdAt": "2025-10-22T09:11:34.896Z",
          "updatedAt": "2025-10-22T09:11:34.896Z",
          "role": "workflow:owner",
          "workflowId": "Ayf4owMJi3I2yTM3",
          "projectId": "TFVloDjzB4mlltZr"
        }
      ],
      "tags": []
    }
  ],
  "nextCursor": null
}

==================================================

­ƒôï Teste 2: Listando workflows...
Ô£à Workflows encontrados: 9

­ƒôØ Lista de workflows:
   1. Teste MCP Webhook Simples (ID: nf5KfzBfEJRQ819J)
      Status: Inativo
      Criado: 2025-10-03T06:44:34.928Z
      Atualizado: 2025-10-04T06:09:55.141Z

   2. _1____AGENTE_QUEREN___04_04_2025 (1) (ID: QIgRTSpF9rFS4V3f)
      Status: Inativo
      Criado: 2025-10-04T06:15:27.280Z
      Atualizado: 2025-10-07T16:38:27.995Z

   3. (2) - AGENTE QUEREN - EXTRATOR- 22-03-2025 (ID: b8siPryaUlRANwoS)
      Status: Inativo
      Criado: 2025-10-04T06:18:52.094Z
      Atualizado: 2025-10-04T06:18:52.094Z

   4. (3) - AGENTE QUEREN - EXTRAI|ATUALIZA|VERIFICA- 22-03-2025 (ID: 2D6xijRKwaHbUTup)
      Status: Inativo
      Criado: 2025-10-04T06:24:58.415Z
      Atualizado: 2025-10-07T13:20:54.523Z

   5. ver depois (ID: QTwAASblYvAl6hgb)
      Status: Inativo
      Criado: 2025-10-06T17:15:58.513Z
      Atualizado: 2025-10-12T03:26:10.305Z

   6. Do Google Drive ao Instagram, TikTok e YouTube com descri├º├Áes de IA e rastreamento Airtable (ID: otsvN2fONY02D6FG)
      Status: Inativo
      Criado: 2025-10-06T20:42:13.147Z
      Atualizado: 2025-10-12T03:25:51.763Z

   7. conversor de audio- pessoal (ID: ueVlzwrmghSKtA14)
      Status: Inativo
      Criado: 2025-10-07T14:23:59.780Z
      Atualizado: 2025-10-09T22:35:37.409Z

   8. MCP Server AbacatePay - Completo (API aplicada) (ID: mR5zgp2aIla8zDn1)
      Status: Ativo
      Criado: 2025-10-22T08:18:49.777Z
      Atualizado: 2025-10-22T11:15:15.705Z

   9. Agente MPC - Entrada (ID: Ayf4owMJi3I2yTM3)
      Status: Ativo
      Criado: 2025-10-22T09:11:34.896Z
      Atualizado: 2025-10-22T15:59:40.368Z


==================================================

­ƒæñ Teste 3: Verificando informa├º├Áes da inst├óncia...
ÔØî Erro ao obter informa├º├Áes: Status 404
­ƒôä Resposta: {
  "message": "not found"
}

­ƒÅü TESTE FINALIZADO
